Running FootprintScores for L_WT.merged
# TOBIAS 0.17.3 ScoreBigwig (run started 2026-05-10 09:41:01.393774)
# Working directory: /projects/svankamamidi@xsede.org/Project_Tbet_ATACseq/2_TOBIAS_scripts
# Command line call: TOBIAS FootprintScores --signal /pl/active/getahun_lab/Project_tbet_ATACseq/TOBIAS/ATACorrect_Output/L_WT.merged/L_WT.merged_corrected.bw --regions /pl/active/getahun_lab/Project_tbet_ATACseq/consensus_peaks/ALL8_union_peaks.bed --output /pl/active/getahun_lab/Project_tbet_ATACseq/TOBIAS/FootprintScores_Output/L_WT.merged_footprints.bw --cores 16

# ----- Input parameters -----
# signal:	/pl/active/getahun_lab/Project_tbet_ATACseq/TOBIAS/ATACorrect_Output/L_WT.merged/L_WT.merged_corrected.bw
# output:	/pl/active/getahun_lab/Project_tbet_ATACseq/TOBIAS/FootprintScores_Output/L_WT.merged_footprints.bw
# regions:	/pl/active/getahun_lab/Project_tbet_ATACseq/consensus_peaks/ALL8_union_peaks.bed
# score:	footprint
# absolute:	False
# extend:	100
# smooth:	1
# min_limit:	None
# max_limit:	None
# fp_min:	20
# fp_max:	50
# flank_min:	10
# flank_max:	30
# window:	100
# cores:	16
# split:	100
# verbosity:	3


# ----- Output files -----
# /pl/active/getahun_lab/Project_tbet_ATACseq/TOBIAS/FootprintScores_Output/L_WT.merged_footprints.bw


2026-05-10 09:41:01 (1086411) [INFO]	Processing input files
2026-05-10 09:41:01 (1086411) [INFO]	- Opening input cutsite bigwig
2026-05-10 09:41:01 (1086411) [INFO]	- Getting output regions ready
2026-05-10 09:41:02 (1086411) [INFO]	Calculating footprints in regions...
2026-05-10 09:41:03 (1086411) [INFO]	Progress 0%
2026-05-10 09:43:57 (1086411) [INFO]	Progress 1.0%
2026-05-10 09:44:02 (1086411) [INFO]	Progress 2.0%
2026-05-10 09:44:07 (1086411) [INFO]	Progress 3.0%
2026-05-10 09:44:13 (1086411) [INFO]	Progress 4.0%
2026-05-10 09:44:14 (1086411) [INFO]	Progress 5.0%
2026-05-10 09:44:15 (1086411) [INFO]	Progress 6.0%
2026-05-10 09:44:17 (1086411) [INFO]	Progress 7.0%
2026-05-10 09:44:19 (1086411) [INFO]	Progress 8.0%
2026-05-10 09:44:22 (1086411) [INFO]	Progress 9.0%
2026-05-10 09:44:24 (1086411) [INFO]	Progress 10.0%
2026-05-10 09:44:27 (1086411) [INFO]	Progress 11.0%
2026-05-10 09:44:29 (1086411) [INFO]	Progress 12.0%
2026-05-10 09:44:30 (1086411) [INFO]	Progress 13.0%
2026-05-10 09:44:42 (1086411) [INFO]	Progress 14.0%
2026-05-10 09:44:48 (1086411) [INFO]	Progress 15.0%
2026-05-10 09:44:56 (1086411) [INFO]	Progress 16.0%
2026-05-10 09:47:12 (1086411) [INFO]	Progress 17.0%
2026-05-10 09:47:17 (1086411) [INFO]	Progress 18.0%
2026-05-10 09:47:22 (1086411) [INFO]	Progress 19.0%
2026-05-10 09:47:25 (1086411) [INFO]	Progress 20.0%
2026-05-10 09:47:26 (1086411) [INFO]	Progress 21.0%
2026-05-10 09:47:28 (1086411) [INFO]	Progress 22.0%
2026-05-10 09:47:36 (1086411) [INFO]	Progress 23.0%
2026-05-10 09:47:45 (1086411) [INFO]	Progress 24.0%
2026-05-10 09:47:47 (1086411) [INFO]	Progress 25.0%
2026-05-10 09:47:47 (1086411) [INFO]	Progress 26.0%
2026-05-10 09:47:50 (1086411) [INFO]	Progress 27.0%
2026-05-10 09:47:52 (1086411) [INFO]	Progress 28.0%
2026-05-10 09:48:00 (1086411) [INFO]	Progress 29.0%
2026-05-10 09:48:03 (1086411) [INFO]	Progress 30.0%
2026-05-10 09:48:04 (1086411) [INFO]	Progress 31.0%
2026-05-10 09:48:11 (1086411) [INFO]	Progress 32.0%
2026-05-10 09:50:14 (1086411) [INFO]	Progress 33.0%
2026-05-10 09:50:28 (1086411) [INFO]	Progress 34.0%
2026-05-10 09:50:41 (1086411) [INFO]	Progress 35.0%
2026-05-10 09:50:43 (1086411) [INFO]	Progress 36.0%
2026-05-10 09:50:47 (1086411) [INFO]	Progress 37.0%
2026-05-10 09:50:51 (1086411) [INFO]	Progress 38.0%
2026-05-10 09:51:02 (1086411) [INFO]	Progress 39.0%
2026-05-10 09:51:04 (1086411) [INFO]	Progress 40.0%
2026-05-10 09:51:05 (1086411) [INFO]	Progress 41.0%
2026-05-10 09:51:12 (1086411) [INFO]	Progress 42.0%
2026-05-10 09:51:14 (1086411) [INFO]	Progress 43.0%
2026-05-10 09:51:17 (1086411) [INFO]	Progress 44.0%
2026-05-10 09:51:18 (1086411) [INFO]	Progress 45.0%
2026-05-10 09:51:20 (1086411) [INFO]	Progress 46.0%
2026-05-10 09:51:23 (1086411) [INFO]	Progress 47.0%
2026-05-10 09:51:50 (1086411) [INFO]	Progress 48.0%
2026-05-10 09:53:36 (1086411) [INFO]	Progress 49.0%
2026-05-10 09:53:49 (1086411) [INFO]	Progress 50.0%
2026-05-10 09:54:02 (1086411) [INFO]	Progress 51.0%
2026-05-10 09:54:04 (1086411) [INFO]	Progress 52.0%
2026-05-10 09:54:10 (1086411) [INFO]	Progress 53.0%
2026-05-10 09:54:11 (1086411) [INFO]	Progress 54.0%
2026-05-10 09:54:18 (1086411) [INFO]	Progress 55.0%
2026-05-10 09:54:19 (1086411) [INFO]	Progress 56.0%
2026-05-10 09:54:19 (1086411) [INFO]	Progress 57.0%
2026-05-10 09:54:23 (1086411) [INFO]	Progress 58.0%
2026-05-10 09:54:24 (1086411) [INFO]	Progress 59.0%
2026-05-10 09:54:33 (1086411) [INFO]	Progress 60.0%
2026-05-10 09:54:38 (1086411) [INFO]	Progress 61.0%
2026-05-10 09:54:52 (1086411) [INFO]	Progress 62.0%
2026-05-10 09:55:05 (1086411) [INFO]	Progress 63.0%
2026-05-10 09:55:07 (1086411) [INFO]	Progress 64.0%
2026-05-10 09:57:01 (1086411) [INFO]	Progress 65.0%
2026-05-10 09:57:03 (1086411) [INFO]	Progress 66.0%
2026-05-10 09:57:16 (1086411) [INFO]	Progress 67.0%
2026-05-10 09:57:23 (1086411) [INFO]	Progress 68.0%
2026-05-10 09:57:23 (1086411) [INFO]	Progress 69.0%
2026-05-10 09:57:26 (1086411) [INFO]	Progress 70.0%
2026-05-10 09:57:30 (1086411) [INFO]	Progress 71.0%
2026-05-10 09:57:34 (1086411) [INFO]	Progress 72.0%
2026-05-10 09:57:40 (1086411) [INFO]	Progress 73.0%
2026-05-10 09:57:44 (1086411) [INFO]	Progress 74.0%
2026-05-10 09:57:56 (1086411) [INFO]	Progress 75.0%
2026-05-10 09:57:58 (1086411) [INFO]	Progress 76.0%
2026-05-10 09:58:04 (1086411) [INFO]	Progress 77.0%
2026-05-10 09:58:04 (1086411) [INFO]	Progress 78.0%
2026-05-10 09:58:12 (1086411) [INFO]	Progress 79.0%
2026-05-10 09:58:48 (1086411) [INFO]	Progress 80.0%
2026-05-10 10:00:25 (1086411) [INFO]	Progress 81.0%
2026-05-10 10:00:28 (1086411) [INFO]	Progress 82.0%
2026-05-10 10:00:34 (1086411) [INFO]	Progress 83.0%
2026-05-10 10:00:46 (1086411) [INFO]	Progress 84.0%
2026-05-10 10:00:47 (1086411) [INFO]	Progress 85.0%
2026-05-10 10:00:52 (1086411) [INFO]	Progress 86.0%
2026-05-10 10:00:59 (1086411) [INFO]	Progress 87.0%
2026-05-10 10:01:02 (1086411) [INFO]	Progress 88.0%
2026-05-10 10:01:16 (1086411) [INFO]	Progress 89.0%
2026-05-10 10:01:21 (1086411) [INFO]	Progress 90.0%
2026-05-10 10:01:22 (1086411) [INFO]	Progress 91.0%
2026-05-10 10:01:31 (1086411) [INFO]	Progress 92.0%
2026-05-10 10:01:34 (1086411) [INFO]	Progress 93.0%
2026-05-10 10:01:35 (1086411) [INFO]	Progress 94.0%
2026-05-10 10:01:48 (1086411) [INFO]	Progress 95.0%
2026-05-10 10:01:59 (1086411) [INFO]	Progress 96.0%
2026-05-10 10:03:14 (1086411) [INFO]	Progress 97.0%
2026-05-10 10:03:23 (1086411) [INFO]	Progress 98.0%
2026-05-10 10:03:29 (1086411) [INFO]	Progress 99.0%
2026-05-10 10:03:34 (1086411) [INFO]	Progress 100.0%
2026-05-10 10:03:34 (1086411) [INFO]	Progress done!
2026-05-10 10:03:36 (1086588) [INFO]	Closing /pl/active/getahun_lab/Project_tbet_ATACseq/TOBIAS/FootprintScores_Output/L_WT.merged_footprints.bw (this might take some time)

2026-05-10 10:05:10 (1086411) [INFO]	Finished ScoreBigwig run (total time elapsed: 0:24:09.080812)
Running FootprintScores for L_KO.merged
# TOBIAS 0.17.3 ScoreBigwig (run started 2026-05-10 10:05:12.753284)
# Working directory: /projects/svankamamidi@xsede.org/Project_Tbet_ATACseq/2_TOBIAS_scripts
# Command line call: TOBIAS FootprintScores --signal /pl/active/getahun_lab/Project_tbet_ATACseq/TOBIAS/ATACorrect_Output/L_KO.merged/L_KO.merged_corrected.bw --regions /pl/active/getahun_lab/Project_tbet_ATACseq/consensus_peaks/ALL8_union_peaks.bed --output /pl/active/getahun_lab/Project_tbet_ATACseq/TOBIAS/FootprintScores_Output/L_KO.merged_footprints.bw --cores 16

# ----- Input parameters -----
# signal:	/pl/active/getahun_lab/Project_tbet_ATACseq/TOBIAS/ATACorrect_Output/L_KO.merged/L_KO.merged_corrected.bw
# output:	/pl/active/getahun_lab/Project_tbet_ATACseq/TOBIAS/FootprintScores_Output/L_KO.merged_footprints.bw
# regions:	/pl/active/getahun_lab/Project_tbet_ATACseq/consensus_peaks/ALL8_union_peaks.bed
# score:	footprint
# absolute:	False
# extend:	100
# smooth:	1
# min_limit:	None
# max_limit:	None
# fp_min:	20
# fp_max:	50
# flank_min:	10
# flank_max:	30
# window:	100
# cores:	16
# split:	100
# verbosity:	3


# ----- Output files -----
# /pl/active/getahun_lab/Project_tbet_ATACseq/TOBIAS/FootprintScores_Output/L_KO.merged_footprints.bw


2026-05-10 10:05:12 (1092477) [INFO]	Processing input files
2026-05-10 10:05:12 (1092477) [INFO]	- Opening input cutsite bigwig
2026-05-10 10:05:12 (1092477) [INFO]	- Getting output regions ready
2026-05-10 10:05:14 (1092477) [INFO]	Calculating footprints in regions...
2026-05-10 10:05:14 (1092477) [INFO]	Progress 0%
2026-05-10 10:08:09 (1092477) [INFO]	Progress 1.0%
2026-05-10 10:08:14 (1092477) [INFO]	Progress 2.0%
2026-05-10 10:08:18 (1092477) [INFO]	Progress 3.0%
2026-05-10 10:08:24 (1092477) [INFO]	Progress 4.0%
2026-05-10 10:08:26 (1092477) [INFO]	Progress 5.0%
2026-05-10 10:08:26 (1092477) [INFO]	Progress 6.0%
2026-05-10 10:08:28 (1092477) [INFO]	Progress 7.0%
2026-05-10 10:08:31 (1092477) [INFO]	Progress 8.0%
2026-05-10 10:08:31 (1092477) [INFO]	Progress 9.0%
2026-05-10 10:08:34 (1092477) [INFO]	Progress 10.0%
2026-05-10 10:08:38 (1092477) [INFO]	Progress 11.0%
2026-05-10 10:08:39 (1092477) [INFO]	Progress 12.0%
2026-05-10 10:08:41 (1092477) [INFO]	Progress 13.0%
2026-05-10 10:08:54 (1092477) [INFO]	Progress 14.0%
2026-05-10 10:08:59 (1092477) [INFO]	Progress 15.0%
2026-05-10 10:09:07 (1092477) [INFO]	Progress 16.0%
2026-05-10 10:11:24 (1092477) [INFO]	Progress 17.0%
2026-05-10 10:11:26 (1092477) [INFO]	Progress 18.0%
2026-05-10 10:11:31 (1092477) [INFO]	Progress 19.0%
2026-05-10 10:11:37 (1092477) [INFO]	Progress 20.0%
2026-05-10 10:11:37 (1092477) [INFO]	Progress 21.0%
2026-05-10 10:11:38 (1092477) [INFO]	Progress 22.0%
2026-05-10 10:11:46 (1092477) [INFO]	Progress 23.0%
2026-05-10 10:11:52 (1092477) [INFO]	Progress 24.0%
2026-05-10 10:11:55 (1092477) [INFO]	Progress 25.0%
2026-05-10 10:11:56 (1092477) [INFO]	Progress 26.0%
2026-05-10 10:12:00 (1092477) [INFO]	Progress 27.0%
2026-05-10 10:12:00 (1092477) [INFO]	Progress 28.0%
2026-05-10 10:12:10 (1092477) [INFO]	Progress 29.0%
2026-05-10 10:12:13 (1092477) [INFO]	Progress 30.0%
2026-05-10 10:12:16 (1092477) [INFO]	Progress 31.0%
2026-05-10 10:12:18 (1092477) [INFO]	Progress 32.0%
2026-05-10 10:14:28 (1092477) [INFO]	Progress 33.0%
2026-05-10 10:14:36 (1092477) [INFO]	Progress 34.0%
2026-05-10 10:14:53 (1092477) [INFO]	Progress 35.0%
2026-05-10 10:14:54 (1092477) [INFO]	Progress 36.0%
2026-05-10 10:14:54 (1092477) [INFO]	Progress 37.0%
2026-05-10 10:15:01 (1092477) [INFO]	Progress 38.0%
2026-05-10 10:15:10 (1092477) [INFO]	Progress 39.0%
2026-05-10 10:15:14 (1092477) [INFO]	Progress 40.0%
2026-05-10 10:15:15 (1092477) [INFO]	Progress 41.0%
2026-05-10 10:15:19 (1092477) [INFO]	Progress 42.0%
2026-05-10 10:15:22 (1092477) [INFO]	Progress 43.0%
2026-05-10 10:15:24 (1092477) [INFO]	Progress 44.0%
2026-05-10 10:15:30 (1092477) [INFO]	Progress 45.0%
2026-05-10 10:15:30 (1092477) [INFO]	Progress 46.0%
2026-05-10 10:15:34 (1092477) [INFO]	Progress 47.0%
2026-05-10 10:16:02 (1092477) [INFO]	Progress 48.0%
2026-05-10 10:17:46 (1092477) [INFO]	Progress 49.0%
2026-05-10 10:18:00 (1092477) [INFO]	Progress 50.0%
2026-05-10 10:18:12 (1092477) [INFO]	Progress 51.0%
2026-05-10 10:18:12 (1092477) [INFO]	Progress 52.0%
2026-05-10 10:18:16 (1092477) [INFO]	Progress 53.0%
2026-05-10 10:18:25 (1092477) [INFO]	Progress 54.0%
2026-05-10 10:18:27 (1092477) [INFO]	Progress 55.0%
2026-05-10 10:18:28 (1092477) [INFO]	Progress 56.0%
2026-05-10 10:18:30 (1092477) [INFO]	Progress 57.0%
2026-05-10 10:18:34 (1092477) [INFO]	Progress 58.0%
2026-05-10 10:18:36 (1092477) [INFO]	Progress 59.0%
2026-05-10 10:18:43 (1092477) [INFO]	Progress 60.0%
2026-05-10 10:18:51 (1092477) [INFO]	Progress 61.0%
2026-05-10 10:19:03 (1092477) [INFO]	Progress 62.0%
2026-05-10 10:19:15 (1092477) [INFO]	Progress 63.0%
2026-05-10 10:19:18 (1092477) [INFO]	Progress 64.0%
2026-05-10 10:21:13 (1092477) [INFO]	Progress 65.0%
2026-05-10 10:21:14 (1092477) [INFO]	Progress 66.0%
2026-05-10 10:21:26 (1092477) [INFO]	Progress 67.0%
2026-05-10 10:21:29 (1092477) [INFO]	Progress 68.0%
2026-05-10 10:21:30 (1092477) [INFO]	Progress 69.0%
2026-05-10 10:21:36 (1092477) [INFO]	Progress 70.0%
2026-05-10 10:21:40 (1092477) [INFO]	Progress 71.0%
2026-05-10 10:21:49 (1092477) [INFO]	Progress 72.0%
2026-05-10 10:21:54 (1092477) [INFO]	Progress 73.0%
2026-05-10 10:21:56 (1092477) [INFO]	Progress 74.0%
2026-05-10 10:22:06 (1092477) [INFO]	Progress 75.0%
2026-05-10 10:22:07 (1092477) [INFO]	Progress 76.0%
2026-05-10 10:22:10 (1092477) [INFO]	Progress 77.0%
2026-05-10 10:22:15 (1092477) [INFO]	Progress 78.0%
2026-05-10 10:22:27 (1092477) [INFO]	Progress 79.0%
2026-05-10 10:22:58 (1092477) [INFO]	Progress 80.0%
2026-05-10 10:24:33 (1092477) [INFO]	Progress 81.0%
2026-05-10 10:24:37 (1092477) [INFO]	Progress 82.0%
2026-05-10 10:24:45 (1092477) [INFO]	Progress 83.0%
2026-05-10 10:25:00 (1092477) [INFO]	Progress 84.0%
2026-05-10 10:25:01 (1092477) [INFO]	Progress 85.0%
2026-05-10 10:25:01 (1092477) [INFO]	Progress 86.0%
2026-05-10 10:25:05 (1092477) [INFO]	Progress 87.0%
2026-05-10 10:25:11 (1092477) [INFO]	Progress 88.0%
2026-05-10 10:25:25 (1092477) [INFO]	Progress 89.0%
2026-05-10 10:25:28 (1092477) [INFO]	Progress 90.0%
2026-05-10 10:25:33 (1092477) [INFO]	Progress 91.0%
2026-05-10 10:25:37 (1092477) [INFO]	Progress 92.0%
2026-05-10 10:25:39 (1092477) [INFO]	Progress 93.0%
2026-05-10 10:25:49 (1092477) [INFO]	Progress 94.0%
2026-05-10 10:25:56 (1092477) [INFO]	Progress 95.0%
2026-05-10 10:26:08 (1092477) [INFO]	Progress 96.0%
2026-05-10 10:27:29 (1092477) [INFO]	Progress 97.0%
2026-05-10 10:27:30 (1092477) [INFO]	Progress 98.0%
2026-05-10 10:27:40 (1092477) [INFO]	Progress 99.0%
2026-05-10 10:27:43 (1092477) [INFO]	Progress 100.0%
2026-05-10 10:27:43 (1092477) [INFO]	Progress done!
2026-05-10 10:27:45 (1092577) [INFO]	Closing /pl/active/getahun_lab/Project_tbet_ATACseq/TOBIAS/FootprintScores_Output/L_KO.merged_footprints.bw (this might take some time)

2026-05-10 10:29:19 (1092477) [INFO]	Finished ScoreBigwig run (total time elapsed: 0:24:06.505229)
Running FootprintScores for LG_WT.merged
# TOBIAS 0.17.3 ScoreBigwig (run started 2026-05-10 10:29:23.098552)
# Working directory: /projects/svankamamidi@xsede.org/Project_Tbet_ATACseq/2_TOBIAS_scripts
# Command line call: TOBIAS FootprintScores --signal /pl/active/getahun_lab/Project_tbet_ATACseq/TOBIAS/ATACorrect_Output/LG_WT.merged/LG_WT.merged_corrected.bw --regions /pl/active/getahun_lab/Project_tbet_ATACseq/consensus_peaks/ALL8_union_peaks.bed --output /pl/active/getahun_lab/Project_tbet_ATACseq/TOBIAS/FootprintScores_Output/LG_WT.merged_footprints.bw --cores 16

# ----- Input parameters -----
# signal:	/pl/active/getahun_lab/Project_tbet_ATACseq/TOBIAS/ATACorrect_Output/LG_WT.merged/LG_WT.merged_corrected.bw
# output:	/pl/active/getahun_lab/Project_tbet_ATACseq/TOBIAS/FootprintScores_Output/LG_WT.merged_footprints.bw
# regions:	/pl/active/getahun_lab/Project_tbet_ATACseq/consensus_peaks/ALL8_union_peaks.bed
# score:	footprint
# absolute:	False
# extend:	100
# smooth:	1
# min_limit:	None
# max_limit:	None
# fp_min:	20
# fp_max:	50
# flank_min:	10
# flank_max:	30
# window:	100
# cores:	16
# split:	100
# verbosity:	3


# ----- Output files -----
# /pl/active/getahun_lab/Project_tbet_ATACseq/TOBIAS/FootprintScores_Output/LG_WT.merged_footprints.bw


2026-05-10 10:29:23 (1098887) [INFO]	Processing input files
2026-05-10 10:29:23 (1098887) [INFO]	- Opening input cutsite bigwig
2026-05-10 10:29:23 (1098887) [INFO]	- Getting output regions ready
2026-05-10 10:29:24 (1098887) [INFO]	Calculating footprints in regions...
2026-05-10 10:29:24 (1098887) [INFO]	Progress 0%
2026-05-10 10:32:19 (1098887) [INFO]	Progress 1.0%
2026-05-10 10:32:25 (1098887) [INFO]	Progress 2.0%
2026-05-10 10:32:29 (1098887) [INFO]	Progress 3.0%
2026-05-10 10:32:35 (1098887) [INFO]	Progress 4.0%
2026-05-10 10:32:37 (1098887) [INFO]	Progress 5.0%
2026-05-10 10:32:37 (1098887) [INFO]	Progress 6.0%
2026-05-10 10:32:38 (1098887) [INFO]	Progress 7.0%
2026-05-10 10:32:42 (1098887) [INFO]	Progress 8.0%
2026-05-10 10:32:42 (1098887) [INFO]	Progress 9.0%
2026-05-10 10:32:47 (1098887) [INFO]	Progress 10.0%
2026-05-10 10:32:49 (1098887) [INFO]	Progress 11.0%
2026-05-10 10:32:51 (1098887) [INFO]	Progress 12.0%
2026-05-10 10:32:53 (1098887) [INFO]	Progress 13.0%
2026-05-10 10:33:04 (1098887) [INFO]	Progress 14.0%
2026-05-10 10:33:11 (1098887) [INFO]	Progress 15.0%
2026-05-10 10:33:19 (1098887) [INFO]	Progress 16.0%
2026-05-10 10:35:36 (1098887) [INFO]	Progress 17.0%
2026-05-10 10:35:39 (1098887) [INFO]	Progress 18.0%
2026-05-10 10:35:43 (1098887) [INFO]	Progress 19.0%
2026-05-10 10:35:47 (1098887) [INFO]	Progress 20.0%
2026-05-10 10:35:49 (1098887) [INFO]	Progress 21.0%
2026-05-10 10:35:49 (1098887) [INFO]	Progress 22.0%
2026-05-10 10:35:58 (1098887) [INFO]	Progress 23.0%
2026-05-10 10:36:04 (1098887) [INFO]	Progress 24.0%
2026-05-10 10:36:05 (1098887) [INFO]	Progress 25.0%
2026-05-10 10:36:06 (1098887) [INFO]	Progress 26.0%
2026-05-10 10:36:10 (1098887) [INFO]	Progress 27.0%
2026-05-10 10:36:11 (1098887) [INFO]	Progress 28.0%
2026-05-10 10:36:23 (1098887) [INFO]	Progress 29.0%
2026-05-10 10:36:25 (1098887) [INFO]	Progress 30.0%
2026-05-10 10:36:26 (1098887) [INFO]	Progress 31.0%
2026-05-10 10:36:29 (1098887) [INFO]	Progress 32.0%
2026-05-10 10:38:38 (1098887) [INFO]	Progress 33.0%
2026-05-10 10:38:50 (1098887) [INFO]	Progress 34.0%
2026-05-10 10:39:05 (1098887) [INFO]	Progress 35.0%
2026-05-10 10:39:05 (1098887) [INFO]	Progress 36.0%
2026-05-10 10:39:07 (1098887) [INFO]	Progress 37.0%
2026-05-10 10:39:17 (1098887) [INFO]	Progress 38.0%
2026-05-10 10:39:24 (1098887) [INFO]	Progress 39.0%
2026-05-10 10:39:25 (1098887) [INFO]	Progress 40.0%
2026-05-10 10:39:28 (1098887) [INFO]	Progress 41.0%
2026-05-10 10:39:29 (1098887) [INFO]	Progress 42.0%
2026-05-10 10:39:29 (1098887) [INFO]	Progress 43.0%
2026-05-10 10:39:33 (1098887) [INFO]	Progress 44.0%
2026-05-10 10:39:39 (1098887) [INFO]	Progress 45.0%
2026-05-10 10:39:39 (1098887) [INFO]	Progress 46.0%
2026-05-10 10:39:42 (1098887) [INFO]	Progress 47.0%
2026-05-10 10:40:09 (1098887) [INFO]	Progress 48.0%
2026-05-10 10:42:02 (1098887) [INFO]	Progress 49.0%
2026-05-10 10:42:11 (1098887) [INFO]	Progress 50.0%
2026-05-10 10:42:24 (1098887) [INFO]	Progress 51.0%
2026-05-10 10:42:27 (1098887) [INFO]	Progress 52.0%
2026-05-10 10:42:32 (1098887) [INFO]	Progress 53.0%
2026-05-10 10:42:35 (1098887) [INFO]	Progress 54.0%
2026-05-10 10:42:35 (1098887) [INFO]	Progress 55.0%
2026-05-10 10:42:36 (1098887) [INFO]	Progress 56.0%
2026-05-10 10:42:39 (1098887) [INFO]	Progress 57.0%
2026-05-10 10:42:43 (1098887) [INFO]	Progress 58.0%
2026-05-10 10:42:44 (1098887) [INFO]	Progress 59.0%
2026-05-10 10:42:54 (1098887) [INFO]	Progress 60.0%
2026-05-10 10:42:57 (1098887) [INFO]	Progress 61.0%
2026-05-10 10:43:12 (1098887) [INFO]	Progress 62.0%
2026-05-10 10:43:21 (1098887) [INFO]	Progress 63.0%
2026-05-10 10:43:27 (1098887) [INFO]	Progress 64.0%
2026-05-10 10:45:22 (1098887) [INFO]	Progress 65.0%
2026-05-10 10:45:26 (1098887) [INFO]	Progress 66.0%
2026-05-10 10:45:37 (1098887) [INFO]	Progress 67.0%
2026-05-10 10:45:40 (1098887) [INFO]	Progress 68.0%
2026-05-10 10:45:43 (1098887) [INFO]	Progress 69.0%
2026-05-10 10:45:44 (1098887) [INFO]	Progress 70.0%
2026-05-10 10:45:53 (1098887) [INFO]	Progress 71.0%
2026-05-10 10:45:56 (1098887) [INFO]	Progress 72.0%
2026-05-10 10:45:59 (1098887) [INFO]	Progress 73.0%
2026-05-10 10:46:04 (1098887) [INFO]	Progress 74.0%
2026-05-10 10:46:16 (1098887) [INFO]	Progress 75.0%
2026-05-10 10:46:20 (1098887) [INFO]	Progress 76.0%
2026-05-10 10:46:22 (1098887) [INFO]	Progress 77.0%
2026-05-10 10:46:23 (1098887) [INFO]	Progress 78.0%
2026-05-10 10:46:32 (1098887) [INFO]	Progress 79.0%
2026-05-10 10:47:11 (1098887) [INFO]	Progress 80.0%
2026-05-10 10:48:46 (1098887) [INFO]	Progress 81.0%
2026-05-10 10:48:47 (1098887) [INFO]	Progress 82.0%
2026-05-10 10:48:55 (1098887) [INFO]	Progress 83.0%
2026-05-10 10:49:05 (1098887) [INFO]	Progress 84.0%
2026-05-10 10:49:07 (1098887) [INFO]	Progress 85.0%
2026-05-10 10:49:13 (1098887) [INFO]	Progress 86.0%
2026-05-10 10:49:15 (1098887) [INFO]	Progress 87.0%
2026-05-10 10:49:26 (1098887) [INFO]	Progress 88.0%
2026-05-10 10:49:36 (1098887) [INFO]	Progress 89.0%
2026-05-10 10:49:40 (1098887) [INFO]	Progress 90.0%
2026-05-10 10:49:40 (1098887) [INFO]	Progress 91.0%
2026-05-10 10:49:48 (1098887) [INFO]	Progress 92.0%
2026-05-10 10:49:49 (1098887) [INFO]	Progress 93.0%
2026-05-10 10:49:54 (1098887) [INFO]	Progress 94.0%
2026-05-10 10:50:05 (1098887) [INFO]	Progress 95.0%
2026-05-10 10:50:23 (1098887) [INFO]	Progress 96.0%
2026-05-10 10:51:34 (1098887) [INFO]	Progress 97.0%
2026-05-10 10:51:43 (1098887) [INFO]	Progress 98.0%
2026-05-10 10:51:49 (1098887) [INFO]	Progress 99.0%
2026-05-10 10:51:52 (1098887) [INFO]	Progress 100.0%
2026-05-10 10:51:52 (1098887) [INFO]	Progress done!
2026-05-10 10:51:55 (1098986) [INFO]	Closing /pl/active/getahun_lab/Project_tbet_ATACseq/TOBIAS/FootprintScores_Output/LG_WT.merged_footprints.bw (this might take some time)

2026-05-10 10:53:28 (1098887) [INFO]	Finished ScoreBigwig run (total time elapsed: 0:24:05.854527)
Running FootprintScores for LG_KO.merged
# TOBIAS 0.17.3 ScoreBigwig (run started 2026-05-10 10:53:33.982863)
# Working directory: /projects/svankamamidi@xsede.org/Project_Tbet_ATACseq/2_TOBIAS_scripts
# Command line call: TOBIAS FootprintScores --signal /pl/active/getahun_lab/Project_tbet_ATACseq/TOBIAS/ATACorrect_Output/LG_KO.merged/LG_KO.merged_corrected.bw --regions /pl/active/getahun_lab/Project_tbet_ATACseq/consensus_peaks/ALL8_union_peaks.bed --output /pl/active/getahun_lab/Project_tbet_ATACseq/TOBIAS/FootprintScores_Output/LG_KO.merged_footprints.bw --cores 16

# ----- Input parameters -----
# signal:	/pl/active/getahun_lab/Project_tbet_ATACseq/TOBIAS/ATACorrect_Output/LG_KO.merged/LG_KO.merged_corrected.bw
# output:	/pl/active/getahun_lab/Project_tbet_ATACseq/TOBIAS/FootprintScores_Output/LG_KO.merged_footprints.bw
# regions:	/pl/active/getahun_lab/Project_tbet_ATACseq/consensus_peaks/ALL8_union_peaks.bed
# score:	footprint
# absolute:	False
# extend:	100
# smooth:	1
# min_limit:	None
# max_limit:	None
# fp_min:	20
# fp_max:	50
# flank_min:	10
# flank_max:	30
# window:	100
# cores:	16
# split:	100
# verbosity:	3


# ----- Output files -----
# /pl/active/getahun_lab/Project_tbet_ATACseq/TOBIAS/FootprintScores_Output/LG_KO.merged_footprints.bw


2026-05-10 10:53:34 (1104946) [INFO]	Processing input files
2026-05-10 10:53:34 (1104946) [INFO]	- Opening input cutsite bigwig
2026-05-10 10:53:34 (1104946) [INFO]	- Getting output regions ready
2026-05-10 10:53:35 (1104946) [INFO]	Calculating footprints in regions...
2026-05-10 10:53:35 (1104946) [INFO]	Progress 0%
2026-05-10 10:56:29 (1104946) [INFO]	Progress 1.0%
2026-05-10 10:56:34 (1104946) [INFO]	Progress 2.0%
2026-05-10 10:56:38 (1104946) [INFO]	Progress 3.0%
2026-05-10 10:56:45 (1104946) [INFO]	Progress 4.0%
2026-05-10 10:56:46 (1104946) [INFO]	Progress 5.0%
2026-05-10 10:56:46 (1104946) [INFO]	Progress 6.0%
2026-05-10 10:56:49 (1104946) [INFO]	Progress 7.0%
2026-05-10 10:56:51 (1104946) [INFO]	Progress 8.0%
2026-05-10 10:56:52 (1104946) [INFO]	Progress 9.0%
2026-05-10 10:56:55 (1104946) [INFO]	Progress 10.0%
2026-05-10 10:56:58 (1104946) [INFO]	Progress 11.0%
2026-05-10 10:57:00 (1104946) [INFO]	Progress 12.0%
2026-05-10 10:57:04 (1104946) [INFO]	Progress 13.0%
2026-05-10 10:57:13 (1104946) [INFO]	Progress 14.0%
2026-05-10 10:57:20 (1104946) [INFO]	Progress 15.0%
2026-05-10 10:57:27 (1104946) [INFO]	Progress 16.0%
2026-05-10 10:59:42 (1104946) [INFO]	Progress 17.0%
2026-05-10 10:59:47 (1104946) [INFO]	Progress 18.0%
2026-05-10 10:59:54 (1104946) [INFO]	Progress 19.0%
2026-05-10 10:59:56 (1104946) [INFO]	Progress 20.0%
2026-05-10 10:59:56 (1104946) [INFO]	Progress 21.0%
2026-05-10 11:00:00 (1104946) [INFO]	Progress 22.0%
2026-05-10 11:00:07 (1104946) [INFO]	Progress 23.0%
2026-05-10 11:00:13 (1104946) [INFO]	Progress 24.0%
2026-05-10 11:00:13 (1104946) [INFO]	Progress 25.0%
2026-05-10 11:00:17 (1104946) [INFO]	Progress 26.0%
2026-05-10 11:00:18 (1104946) [INFO]	Progress 27.0%
2026-05-10 11:00:19 (1104946) [INFO]	Progress 28.0%
2026-05-10 11:00:31 (1104946) [INFO]	Progress 29.0%
2026-05-10 11:00:34 (1104946) [INFO]	Progress 30.0%
2026-05-10 11:00:36 (1104946) [INFO]	Progress 31.0%
2026-05-10 11:00:39 (1104946) [INFO]	Progress 32.0%
2026-05-10 11:02:45 (1104946) [INFO]	Progress 33.0%
2026-05-10 11:02:56 (1104946) [INFO]	Progress 34.0%
2026-05-10 11:03:13 (1104946) [INFO]	Progress 35.0%
2026-05-10 11:03:13 (1104946) [INFO]	Progress 36.0%
2026-05-10 11:03:15 (1104946) [INFO]	Progress 37.0%
2026-05-10 11:03:25 (1104946) [INFO]	Progress 38.0%
2026-05-10 11:03:32 (1104946) [INFO]	Progress 39.0%
2026-05-10 11:03:34 (1104946) [INFO]	Progress 40.0%
2026-05-10 11:03:38 (1104946) [INFO]	Progress 41.0%
2026-05-10 11:03:39 (1104946) [INFO]	Progress 42.0%
2026-05-10 11:03:39 (1104946) [INFO]	Progress 43.0%
2026-05-10 11:03:43 (1104946) [INFO]	Progress 44.0%
2026-05-10 11:03:50 (1104946) [INFO]	Progress 45.0%
2026-05-10 11:03:53 (1104946) [INFO]	Progress 46.0%
2026-05-10 11:03:54 (1104946) [INFO]	Progress 47.0%
2026-05-10 11:04:20 (1104946) [INFO]	Progress 48.0%
2026-05-10 11:06:05 (1104946) [INFO]	Progress 49.0%
2026-05-10 11:06:19 (1104946) [INFO]	Progress 50.0%
2026-05-10 11:06:32 (1104946) [INFO]	Progress 51.0%
2026-05-10 11:06:38 (1104946) [INFO]	Progress 52.0%
2026-05-10 11:06:38 (1104946) [INFO]	Progress 53.0%
2026-05-10 11:06:43 (1104946) [INFO]	Progress 54.0%
2026-05-10 11:06:45 (1104946) [INFO]	Progress 55.0%
2026-05-10 11:06:48 (1104946) [INFO]	Progress 56.0%
2026-05-10 11:06:48 (1104946) [INFO]	Progress 57.0%
2026-05-10 11:06:50 (1104946) [INFO]	Progress 58.0%
2026-05-10 11:06:53 (1104946) [INFO]	Progress 59.0%
2026-05-10 11:07:06 (1104946) [INFO]	Progress 60.0%
2026-05-10 11:07:06 (1104946) [INFO]	Progress 61.0%
2026-05-10 11:07:24 (1104946) [INFO]	Progress 62.0%
2026-05-10 11:07:33 (1104946) [INFO]	Progress 63.0%
2026-05-10 11:07:44 (1104946) [INFO]	Progress 64.0%
2026-05-10 11:09:31 (1104946) [INFO]	Progress 65.0%
2026-05-10 11:09:33 (1104946) [INFO]	Progress 66.0%
2026-05-10 11:09:44 (1104946) [INFO]	Progress 67.0%
2026-05-10 11:09:48 (1104946) [INFO]	Progress 68.0%
2026-05-10 11:09:51 (1104946) [INFO]	Progress 69.0%
2026-05-10 11:09:56 (1104946) [INFO]	Progress 70.0%
2026-05-10 11:10:02 (1104946) [INFO]	Progress 71.0%
2026-05-10 11:10:05 (1104946) [INFO]	Progress 72.0%
2026-05-10 11:10:09 (1104946) [INFO]	Progress 73.0%
2026-05-10 11:10:10 (1104946) [INFO]	Progress 74.0%
2026-05-10 11:10:27 (1104946) [INFO]	Progress 75.0%
2026-05-10 11:10:28 (1104946) [INFO]	Progress 76.0%
2026-05-10 11:10:31 (1104946) [INFO]	Progress 77.0%
2026-05-10 11:10:32 (1104946) [INFO]	Progress 78.0%
2026-05-10 11:10:40 (1104946) [INFO]	Progress 79.0%
2026-05-10 11:11:23 (1104946) [INFO]	Progress 80.0%
2026-05-10 11:12:51 (1104946) [INFO]	Progress 81.0%
2026-05-10 11:12:55 (1104946) [INFO]	Progress 82.0%
2026-05-10 11:13:04 (1104946) [INFO]	Progress 83.0%
2026-05-10 11:13:15 (1104946) [INFO]	Progress 84.0%
2026-05-10 11:13:16 (1104946) [INFO]	Progress 85.0%
2026-05-10 11:13:19 (1104946) [INFO]	Progress 86.0%
2026-05-10 11:13:23 (1104946) [INFO]	Progress 87.0%
2026-05-10 11:13:31 (1104946) [INFO]	Progress 88.0%
2026-05-10 11:13:45 (1104946) [INFO]	Progress 89.0%
2026-05-10 11:13:45 (1104946) [INFO]	Progress 90.0%
2026-05-10 11:13:51 (1104946) [INFO]	Progress 91.0%
2026-05-10 11:13:57 (1104946) [INFO]	Progress 92.0%
2026-05-10 11:13:59 (1104946) [INFO]	Progress 93.0%
2026-05-10 11:14:00 (1104946) [INFO]	Progress 94.0%
2026-05-10 11:14:14 (1104946) [INFO]	Progress 95.0%
2026-05-10 11:14:34 (1104946) [INFO]	Progress 96.0%
2026-05-10 11:15:43 (1104946) [INFO]	Progress 97.0%
2026-05-10 11:15:49 (1104946) [INFO]	Progress 98.0%
2026-05-10 11:15:58 (1104946) [INFO]	Progress 99.0%
2026-05-10 11:16:00 (1104946) [INFO]	Progress 100.0%
2026-05-10 11:16:00 (1104946) [INFO]	Progress done!
2026-05-10 11:16:02 (1105070) [INFO]	Closing /pl/active/getahun_lab/Project_tbet_ATACseq/TOBIAS/FootprintScores_Output/LG_KO.merged_footprints.bw (this might take some time)

2026-05-10 11:17:36 (1104946) [INFO]	Finished ScoreBigwig run (total time elapsed: 0:24:02.330465)
Running FootprintScores for LA21_WT.merged
# TOBIAS 0.17.3 ScoreBigwig (run started 2026-05-10 11:17:38.554545)
# Working directory: /projects/svankamamidi@xsede.org/Project_Tbet_ATACseq/2_TOBIAS_scripts
# Command line call: TOBIAS FootprintScores --signal /pl/active/getahun_lab/Project_tbet_ATACseq/TOBIAS/ATACorrect_Output/LA21_WT.merged/LA21_WT.merged_corrected.bw --regions /pl/active/getahun_lab/Project_tbet_ATACseq/consensus_peaks/ALL8_union_peaks.bed --output /pl/active/getahun_lab/Project_tbet_ATACseq/TOBIAS/FootprintScores_Output/LA21_WT.merged_footprints.bw --cores 16

# ----- Input parameters -----
# signal:	/pl/active/getahun_lab/Project_tbet_ATACseq/TOBIAS/ATACorrect_Output/LA21_WT.merged/LA21_WT.merged_corrected.bw
# output:	/pl/active/getahun_lab/Project_tbet_ATACseq/TOBIAS/FootprintScores_Output/LA21_WT.merged_footprints.bw
# regions:	/pl/active/getahun_lab/Project_tbet_ATACseq/consensus_peaks/ALL8_union_peaks.bed
# score:	footprint
# absolute:	False
# extend:	100
# smooth:	1
# min_limit:	None
# max_limit:	None
# fp_min:	20
# fp_max:	50
# flank_min:	10
# flank_max:	30
# window:	100
# cores:	16
# split:	100
# verbosity:	3


# ----- Output files -----
# /pl/active/getahun_lab/Project_tbet_ATACseq/TOBIAS/FootprintScores_Output/LA21_WT.merged_footprints.bw


2026-05-10 11:17:38 (1110795) [INFO]	Processing input files
2026-05-10 11:17:38 (1110795) [INFO]	- Opening input cutsite bigwig
2026-05-10 11:17:38 (1110795) [INFO]	- Getting output regions ready
2026-05-10 11:17:39 (1110795) [INFO]	Calculating footprints in regions...
2026-05-10 11:17:40 (1110795) [INFO]	Progress 0%
2026-05-10 11:20:35 (1110795) [INFO]	Progress 1.0%
2026-05-10 11:20:40 (1110795) [INFO]	Progress 2.0%
2026-05-10 11:20:45 (1110795) [INFO]	Progress 3.0%
2026-05-10 11:20:51 (1110795) [INFO]	Progress 4.0%
2026-05-10 11:20:52 (1110795) [INFO]	Progress 5.0%
2026-05-10 11:20:52 (1110795) [INFO]	Progress 6.0%
2026-05-10 11:20:54 (1110795) [INFO]	Progress 7.0%
2026-05-10 11:20:56 (1110795) [INFO]	Progress 8.0%
2026-05-10 11:20:57 (1110795) [INFO]	Progress 9.0%
2026-05-10 11:21:01 (1110795) [INFO]	Progress 10.0%
2026-05-10 11:21:04 (1110795) [INFO]	Progress 11.0%
2026-05-10 11:21:05 (1110795) [INFO]	Progress 12.0%
2026-05-10 11:21:10 (1110795) [INFO]	Progress 13.0%
2026-05-10 11:21:19 (1110795) [INFO]	Progress 14.0%
2026-05-10 11:21:26 (1110795) [INFO]	Progress 15.0%
2026-05-10 11:21:35 (1110795) [INFO]	Progress 16.0%
2026-05-10 11:23:51 (1110795) [INFO]	Progress 17.0%
2026-05-10 11:23:55 (1110795) [INFO]	Progress 18.0%
2026-05-10 11:23:57 (1110795) [INFO]	Progress 19.0%
2026-05-10 11:24:02 (1110795) [INFO]	Progress 20.0%
2026-05-10 11:24:04 (1110795) [INFO]	Progress 21.0%
2026-05-10 11:24:07 (1110795) [INFO]	Progress 22.0%
2026-05-10 11:24:13 (1110795) [INFO]	Progress 23.0%
2026-05-10 11:24:20 (1110795) [INFO]	Progress 24.0%
2026-05-10 11:24:22 (1110795) [INFO]	Progress 25.0%
2026-05-10 11:24:22 (1110795) [INFO]	Progress 26.0%
2026-05-10 11:24:25 (1110795) [INFO]	Progress 27.0%
2026-05-10 11:24:27 (1110795) [INFO]	Progress 28.0%
2026-05-10 11:24:37 (1110795) [INFO]	Progress 29.0%
2026-05-10 11:24:39 (1110795) [INFO]	Progress 30.0%
2026-05-10 11:24:40 (1110795) [INFO]	Progress 31.0%
2026-05-10 11:24:47 (1110795) [INFO]	Progress 32.0%
2026-05-10 11:26:52 (1110795) [INFO]	Progress 33.0%
2026-05-10 11:27:04 (1110795) [INFO]	Progress 34.0%
2026-05-10 11:27:19 (1110795) [INFO]	Progress 35.0%
2026-05-10 11:27:20 (1110795) [INFO]	Progress 36.0%
2026-05-10 11:27:22 (1110795) [INFO]	Progress 37.0%
2026-05-10 11:27:28 (1110795) [INFO]	Progress 38.0%
2026-05-10 11:27:38 (1110795) [INFO]	Progress 39.0%
2026-05-10 11:27:40 (1110795) [INFO]	Progress 40.0%
2026-05-10 11:27:42 (1110795) [INFO]	Progress 41.0%
2026-05-10 11:27:46 (1110795) [INFO]	Progress 42.0%
2026-05-10 11:27:50 (1110795) [INFO]	Progress 43.0%
2026-05-10 11:27:51 (1110795) [INFO]	Progress 44.0%
2026-05-10 11:27:56 (1110795) [INFO]	Progress 45.0%
2026-05-10 11:27:57 (1110795) [INFO]	Progress 46.0%
2026-05-10 11:28:00 (1110795) [INFO]	Progress 47.0%
2026-05-10 11:28:26 (1110795) [INFO]	Progress 48.0%
2026-05-10 11:30:13 (1110795) [INFO]	Progress 49.0%
2026-05-10 11:30:27 (1110795) [INFO]	Progress 50.0%
2026-05-10 11:30:39 (1110795) [INFO]	Progress 51.0%
2026-05-10 11:30:40 (1110795) [INFO]	Progress 52.0%
2026-05-10 11:30:45 (1110795) [INFO]	Progress 53.0%
2026-05-10 11:30:50 (1110795) [INFO]	Progress 54.0%
2026-05-10 11:30:53 (1110795) [INFO]	Progress 55.0%
2026-05-10 11:30:53 (1110795) [INFO]	Progress 56.0%
2026-05-10 11:30:57 (1110795) [INFO]	Progress 57.0%
2026-05-10 11:30:58 (1110795) [INFO]	Progress 58.0%
2026-05-10 11:30:59 (1110795) [INFO]	Progress 59.0%
2026-05-10 11:31:11 (1110795) [INFO]	Progress 60.0%
2026-05-10 11:31:11 (1110795) [INFO]	Progress 61.0%
2026-05-10 11:31:28 (1110795) [INFO]	Progress 62.0%
2026-05-10 11:31:42 (1110795) [INFO]	Progress 63.0%
2026-05-10 11:31:45 (1110795) [INFO]	Progress 64.0%
2026-05-10 11:33:41 (1110795) [INFO]	Progress 65.0%
2026-05-10 11:33:41 (1110795) [INFO]	Progress 66.0%
2026-05-10 11:33:53 (1110795) [INFO]	Progress 67.0%
2026-05-10 11:33:57 (1110795) [INFO]	Progress 68.0%
2026-05-10 11:33:59 (1110795) [INFO]	Progress 69.0%
2026-05-10 11:34:03 (1110795) [INFO]	Progress 70.0%
2026-05-10 11:34:05 (1110795) [INFO]	Progress 71.0%
2026-05-10 11:34:13 (1110795) [INFO]	Progress 72.0%
2026-05-10 11:34:16 (1110795) [INFO]	Progress 73.0%
2026-05-10 11:34:21 (1110795) [INFO]	Progress 74.0%
2026-05-10 11:34:32 (1110795) [INFO]	Progress 75.0%
2026-05-10 11:34:38 (1110795) [INFO]	Progress 76.0%
2026-05-10 11:34:41 (1110795) [INFO]	Progress 77.0%
2026-05-10 11:34:41 (1110795) [INFO]	Progress 78.0%
2026-05-10 11:34:53 (1110795) [INFO]	Progress 79.0%
2026-05-10 11:35:31 (1110795) [INFO]	Progress 80.0%
2026-05-10 11:37:01 (1110795) [INFO]	Progress 81.0%
2026-05-10 11:37:06 (1110795) [INFO]	Progress 82.0%
2026-05-10 11:37:11 (1110795) [INFO]	Progress 83.0%
2026-05-10 11:37:25 (1110795) [INFO]	Progress 84.0%
2026-05-10 11:37:25 (1110795) [INFO]	Progress 85.0%
2026-05-10 11:37:28 (1110795) [INFO]	Progress 86.0%
2026-05-10 11:37:35 (1110795) [INFO]	Progress 87.0%
2026-05-10 11:37:37 (1110795) [INFO]	Progress 88.0%
2026-05-10 11:37:51 (1110795) [INFO]	Progress 89.0%
2026-05-10 11:37:57 (1110795) [INFO]	Progress 90.0%
2026-05-10 11:38:00 (1110795) [INFO]	Progress 91.0%
2026-05-10 11:38:06 (1110795) [INFO]	Progress 92.0%
2026-05-10 11:38:08 (1110795) [INFO]	Progress 93.0%
2026-05-10 11:38:14 (1110795) [INFO]	Progress 94.0%
2026-05-10 11:38:25 (1110795) [INFO]	Progress 95.0%
2026-05-10 11:38:41 (1110795) [INFO]	Progress 96.0%
2026-05-10 11:39:53 (1110795) [INFO]	Progress 97.0%
2026-05-10 11:39:59 (1110795) [INFO]	Progress 98.0%
2026-05-10 11:40:06 (1110795) [INFO]	Progress 99.0%
2026-05-10 11:40:11 (1110795) [INFO]	Progress 100.0%
2026-05-10 11:40:11 (1110795) [INFO]	Progress done!
2026-05-10 11:40:13 (1110888) [INFO]	Closing /pl/active/getahun_lab/Project_tbet_ATACseq/TOBIAS/FootprintScores_Output/LA21_WT.merged_footprints.bw (this might take some time)

2026-05-10 11:41:47 (1110795) [INFO]	Finished ScoreBigwig run (total time elapsed: 0:24:08.936873)
Running FootprintScores for LA21_KO.merged
# TOBIAS 0.17.3 ScoreBigwig (run started 2026-05-10 11:41:49.836282)
# Working directory: /projects/svankamamidi@xsede.org/Project_Tbet_ATACseq/2_TOBIAS_scripts
# Command line call: TOBIAS FootprintScores --signal /pl/active/getahun_lab/Project_tbet_ATACseq/TOBIAS/ATACorrect_Output/LA21_KO.merged/LA21_KO.merged_corrected.bw --regions /pl/active/getahun_lab/Project_tbet_ATACseq/consensus_peaks/ALL8_union_peaks.bed --output /pl/active/getahun_lab/Project_tbet_ATACseq/TOBIAS/FootprintScores_Output/LA21_KO.merged_footprints.bw --cores 16

# ----- Input parameters -----
# signal:	/pl/active/getahun_lab/Project_tbet_ATACseq/TOBIAS/ATACorrect_Output/LA21_KO.merged/LA21_KO.merged_corrected.bw
# output:	/pl/active/getahun_lab/Project_tbet_ATACseq/TOBIAS/FootprintScores_Output/LA21_KO.merged_footprints.bw
# regions:	/pl/active/getahun_lab/Project_tbet_ATACseq/consensus_peaks/ALL8_union_peaks.bed
# score:	footprint
# absolute:	False
# extend:	100
# smooth:	1
# min_limit:	None
# max_limit:	None
# fp_min:	20
# fp_max:	50
# flank_min:	10
# flank_max:	30
# window:	100
# cores:	16
# split:	100
# verbosity:	3


# ----- Output files -----
# /pl/active/getahun_lab/Project_tbet_ATACseq/TOBIAS/FootprintScores_Output/LA21_KO.merged_footprints.bw


2026-05-10 11:41:49 (1116814) [INFO]	Processing input files
2026-05-10 11:41:49 (1116814) [INFO]	- Opening input cutsite bigwig
2026-05-10 11:41:49 (1116814) [INFO]	- Getting output regions ready
2026-05-10 11:41:51 (1116814) [INFO]	Calculating footprints in regions...
2026-05-10 11:41:51 (1116814) [INFO]	Progress 0%
2026-05-10 11:44:45 (1116814) [INFO]	Progress 1.0%
2026-05-10 11:44:50 (1116814) [INFO]	Progress 2.0%
2026-05-10 11:44:54 (1116814) [INFO]	Progress 3.0%
2026-05-10 11:45:01 (1116814) [INFO]	Progress 4.0%
2026-05-10 11:45:02 (1116814) [INFO]	Progress 5.0%
2026-05-10 11:45:03 (1116814) [INFO]	Progress 6.0%
2026-05-10 11:45:04 (1116814) [INFO]	Progress 7.0%
2026-05-10 11:45:07 (1116814) [INFO]	Progress 8.0%
2026-05-10 11:45:08 (1116814) [INFO]	Progress 9.0%
2026-05-10 11:45:11 (1116814) [INFO]	Progress 10.0%
2026-05-10 11:45:15 (1116814) [INFO]	Progress 11.0%
2026-05-10 11:45:15 (1116814) [INFO]	Progress 12.0%
2026-05-10 11:45:19 (1116814) [INFO]	Progress 13.0%
2026-05-10 11:45:29 (1116814) [INFO]	Progress 14.0%
2026-05-10 11:45:35 (1116814) [INFO]	Progress 15.0%
2026-05-10 11:45:43 (1116814) [INFO]	Progress 16.0%
2026-05-10 11:48:01 (1116814) [INFO]	Progress 17.0%
2026-05-10 11:48:03 (1116814) [INFO]	Progress 18.0%
2026-05-10 11:48:08 (1116814) [INFO]	Progress 19.0%
2026-05-10 11:48:12 (1116814) [INFO]	Progress 20.0%
2026-05-10 11:48:13 (1116814) [INFO]	Progress 21.0%
2026-05-10 11:48:16 (1116814) [INFO]	Progress 22.0%
2026-05-10 11:48:26 (1116814) [INFO]	Progress 23.0%
2026-05-10 11:48:29 (1116814) [INFO]	Progress 24.0%
2026-05-10 11:48:32 (1116814) [INFO]	Progress 25.0%
2026-05-10 11:48:33 (1116814) [INFO]	Progress 26.0%
2026-05-10 11:48:35 (1116814) [INFO]	Progress 27.0%
2026-05-10 11:48:37 (1116814) [INFO]	Progress 28.0%
2026-05-10 11:48:50 (1116814) [INFO]	Progress 29.0%
2026-05-10 11:48:51 (1116814) [INFO]	Progress 30.0%
2026-05-10 11:48:52 (1116814) [INFO]	Progress 31.0%
2026-05-10 11:48:55 (1116814) [INFO]	Progress 32.0%
2026-05-10 11:51:03 (1116814) [INFO]	Progress 33.0%
2026-05-10 11:51:15 (1116814) [INFO]	Progress 34.0%
2026-05-10 11:51:29 (1116814) [INFO]	Progress 35.0%
2026-05-10 11:51:30 (1116814) [INFO]	Progress 36.0%
2026-05-10 11:51:33 (1116814) [INFO]	Progress 37.0%
2026-05-10 11:51:44 (1116814) [INFO]	Progress 38.0%
2026-05-10 11:51:49 (1116814) [INFO]	Progress 39.0%
2026-05-10 11:51:51 (1116814) [INFO]	Progress 40.0%
2026-05-10 11:51:53 (1116814) [INFO]	Progress 41.0%
2026-05-10 11:51:56 (1116814) [INFO]	Progress 42.0%
2026-05-10 11:51:56 (1116814) [INFO]	Progress 43.0%
2026-05-10 11:52:00 (1116814) [INFO]	Progress 44.0%
2026-05-10 11:52:04 (1116814) [INFO]	Progress 45.0%
2026-05-10 11:52:07 (1116814) [INFO]	Progress 46.0%
2026-05-10 11:52:11 (1116814) [INFO]	Progress 47.0%
2026-05-10 11:52:35 (1116814) [INFO]	Progress 48.0%
2026-05-10 11:54:24 (1116814) [INFO]	Progress 49.0%
2026-05-10 11:54:38 (1116814) [INFO]	Progress 50.0%
2026-05-10 11:54:50 (1116814) [INFO]	Progress 51.0%
2026-05-10 11:54:55 (1116814) [INFO]	Progress 52.0%
2026-05-10 11:54:56 (1116814) [INFO]	Progress 53.0%
2026-05-10 11:55:00 (1116814) [INFO]	Progress 54.0%
2026-05-10 11:55:02 (1116814) [INFO]	Progress 55.0%
2026-05-10 11:55:03 (1116814) [INFO]	Progress 56.0%
2026-05-10 11:55:05 (1116814) [INFO]	Progress 57.0%
2026-05-10 11:55:12 (1116814) [INFO]	Progress 58.0%
2026-05-10 11:55:12 (1116814) [INFO]	Progress 59.0%
2026-05-10 11:55:17 (1116814) [INFO]	Progress 60.0%
2026-05-10 11:55:26 (1116814) [INFO]	Progress 61.0%
2026-05-10 11:55:36 (1116814) [INFO]	Progress 62.0%
2026-05-10 11:55:50 (1116814) [INFO]	Progress 63.0%
2026-05-10 11:55:55 (1116814) [INFO]	Progress 64.0%
2026-05-10 11:57:51 (1116814) [INFO]	Progress 65.0%
2026-05-10 11:57:51 (1116814) [INFO]	Progress 66.0%
2026-05-10 11:58:03 (1116814) [INFO]	Progress 67.0%
2026-05-10 11:58:04 (1116814) [INFO]	Progress 68.0%
2026-05-10 11:58:05 (1116814) [INFO]	Progress 69.0%
2026-05-10 11:58:10 (1116814) [INFO]	Progress 70.0%
2026-05-10 11:58:20 (1116814) [INFO]	Progress 71.0%
2026-05-10 11:58:23 (1116814) [INFO]	Progress 72.0%
2026-05-10 11:58:29 (1116814) [INFO]	Progress 73.0%
2026-05-10 11:58:31 (1116814) [INFO]	Progress 74.0%
2026-05-10 11:58:39 (1116814) [INFO]	Progress 75.0%
2026-05-10 11:58:43 (1116814) [INFO]	Progress 76.0%
2026-05-10 11:58:47 (1116814) [INFO]	Progress 77.0%
2026-05-10 11:58:49 (1116814) [INFO]	Progress 78.0%
2026-05-10 11:58:59 (1116814) [INFO]	Progress 79.0%
2026-05-10 11:59:34 (1116814) [INFO]	Progress 80.0%
2026-05-10 12:01:11 (1116814) [INFO]	Progress 81.0%
2026-05-10 12:01:16 (1116814) [INFO]	Progress 82.0%
2026-05-10 12:01:21 (1116814) [INFO]	Progress 83.0%
2026-05-10 12:01:33 (1116814) [INFO]	Progress 84.0%
2026-05-10 12:01:34 (1116814) [INFO]	Progress 85.0%
2026-05-10 12:01:34 (1116814) [INFO]	Progress 86.0%
2026-05-10 12:01:40 (1116814) [INFO]	Progress 87.0%
2026-05-10 12:01:50 (1116814) [INFO]	Progress 88.0%
2026-05-10 12:01:57 (1116814) [INFO]	Progress 89.0%
2026-05-10 12:02:03 (1116814) [INFO]	Progress 90.0%
2026-05-10 12:02:08 (1116814) [INFO]	Progress 91.0%
2026-05-10 12:02:15 (1116814) [INFO]	Progress 92.0%
2026-05-10 12:02:16 (1116814) [INFO]	Progress 93.0%
2026-05-10 12:02:18 (1116814) [INFO]	Progress 94.0%
2026-05-10 12:02:30 (1116814) [INFO]	Progress 95.0%
2026-05-10 12:02:44 (1116814) [INFO]	Progress 96.0%
2026-05-10 12:04:02 (1116814) [INFO]	Progress 97.0%
2026-05-10 12:04:08 (1116814) [INFO]	Progress 98.0%
2026-05-10 12:04:15 (1116814) [INFO]	Progress 99.0%
2026-05-10 12:04:21 (1116814) [INFO]	Progress 100.0%
2026-05-10 12:04:21 (1116814) [INFO]	Progress done!
2026-05-10 12:04:23 (1116915) [INFO]	Closing /pl/active/getahun_lab/Project_tbet_ATACseq/TOBIAS/FootprintScores_Output/LA21_KO.merged_footprints.bw (this might take some time)

2026-05-10 12:05:57 (1116814) [INFO]	Finished ScoreBigwig run (total time elapsed: 0:24:08.037628)
Running FootprintScores for LA21G_WT.merged
# TOBIAS 0.17.3 ScoreBigwig (run started 2026-05-10 12:06:01.207764)
# Working directory: /projects/svankamamidi@xsede.org/Project_Tbet_ATACseq/2_TOBIAS_scripts
# Command line call: TOBIAS FootprintScores --signal /pl/active/getahun_lab/Project_tbet_ATACseq/TOBIAS/ATACorrect_Output/LA21G_WT.merged/LA21G_WT.merged_corrected.bw --regions /pl/active/getahun_lab/Project_tbet_ATACseq/consensus_peaks/ALL8_union_peaks.bed --output /pl/active/getahun_lab/Project_tbet_ATACseq/TOBIAS/FootprintScores_Output/LA21G_WT.merged_footprints.bw --cores 16

# ----- Input parameters -----
# signal:	/pl/active/getahun_lab/Project_tbet_ATACseq/TOBIAS/ATACorrect_Output/LA21G_WT.merged/LA21G_WT.merged_corrected.bw
# output:	/pl/active/getahun_lab/Project_tbet_ATACseq/TOBIAS/FootprintScores_Output/LA21G_WT.merged_footprints.bw
# regions:	/pl/active/getahun_lab/Project_tbet_ATACseq/consensus_peaks/ALL8_union_peaks.bed
# score:	footprint
# absolute:	False
# extend:	100
# smooth:	1
# min_limit:	None
# max_limit:	None
# fp_min:	20
# fp_max:	50
# flank_min:	10
# flank_max:	30
# window:	100
# cores:	16
# split:	100
# verbosity:	3


# ----- Output files -----
# /pl/active/getahun_lab/Project_tbet_ATACseq/TOBIAS/FootprintScores_Output/LA21G_WT.merged_footprints.bw


2026-05-10 12:06:01 (1122540) [INFO]	Processing input files
2026-05-10 12:06:01 (1122540) [INFO]	- Opening input cutsite bigwig
2026-05-10 12:06:01 (1122540) [INFO]	- Getting output regions ready
2026-05-10 12:06:02 (1122540) [INFO]	Calculating footprints in regions...
2026-05-10 12:06:02 (1122540) [INFO]	Progress 0%
2026-05-10 12:08:57 (1122540) [INFO]	Progress 1.0%
2026-05-10 12:09:02 (1122540) [INFO]	Progress 2.0%
2026-05-10 12:09:06 (1122540) [INFO]	Progress 3.0%
2026-05-10 12:09:12 (1122540) [INFO]	Progress 4.0%
2026-05-10 12:09:14 (1122540) [INFO]	Progress 5.0%
2026-05-10 12:09:14 (1122540) [INFO]	Progress 6.0%
2026-05-10 12:09:16 (1122540) [INFO]	Progress 7.0%
2026-05-10 12:09:19 (1122540) [INFO]	Progress 8.0%
2026-05-10 12:09:19 (1122540) [INFO]	Progress 9.0%
2026-05-10 12:09:23 (1122540) [INFO]	Progress 10.0%
2026-05-10 12:09:26 (1122540) [INFO]	Progress 11.0%
2026-05-10 12:09:27 (1122540) [INFO]	Progress 12.0%
2026-05-10 12:09:29 (1122540) [INFO]	Progress 13.0%
2026-05-10 12:09:41 (1122540) [INFO]	Progress 14.0%
2026-05-10 12:09:48 (1122540) [INFO]	Progress 15.0%
2026-05-10 12:09:57 (1122540) [INFO]	Progress 16.0%
2026-05-10 12:12:11 (1122540) [INFO]	Progress 17.0%
2026-05-10 12:12:13 (1122540) [INFO]	Progress 18.0%
2026-05-10 12:12:19 (1122540) [INFO]	Progress 19.0%
2026-05-10 12:12:24 (1122540) [INFO]	Progress 20.0%
2026-05-10 12:12:25 (1122540) [INFO]	Progress 21.0%
2026-05-10 12:12:26 (1122540) [INFO]	Progress 22.0%
2026-05-10 12:12:34 (1122540) [INFO]	Progress 23.0%
2026-05-10 12:12:41 (1122540) [INFO]	Progress 24.0%
2026-05-10 12:12:41 (1122540) [INFO]	Progress 25.0%
2026-05-10 12:12:43 (1122540) [INFO]	Progress 26.0%
2026-05-10 12:12:47 (1122540) [INFO]	Progress 27.0%
2026-05-10 12:12:48 (1122540) [INFO]	Progress 28.0%
2026-05-10 12:12:59 (1122540) [INFO]	Progress 29.0%
2026-05-10 12:13:02 (1122540) [INFO]	Progress 30.0%
2026-05-10 12:13:03 (1122540) [INFO]	Progress 31.0%
2026-05-10 12:13:09 (1122540) [INFO]	Progress 32.0%
2026-05-10 12:15:12 (1122540) [INFO]	Progress 33.0%
2026-05-10 12:15:26 (1122540) [INFO]	Progress 34.0%
2026-05-10 12:15:38 (1122540) [INFO]	Progress 35.0%
2026-05-10 12:15:41 (1122540) [INFO]	Progress 36.0%
2026-05-10 12:15:43 (1122540) [INFO]	Progress 37.0%
2026-05-10 12:15:48 (1122540) [INFO]	Progress 38.0%
2026-05-10 12:15:58 (1122540) [INFO]	Progress 39.0%
2026-05-10 12:16:01 (1122540) [INFO]	Progress 40.0%
2026-05-10 12:16:04 (1122540) [INFO]	Progress 41.0%
2026-05-10 12:16:05 (1122540) [INFO]	Progress 42.0%
2026-05-10 12:16:08 (1122540) [INFO]	Progress 43.0%
2026-05-10 12:16:13 (1122540) [INFO]	Progress 44.0%
2026-05-10 12:16:14 (1122540) [INFO]	Progress 45.0%
2026-05-10 12:16:17 (1122540) [INFO]	Progress 46.0%
2026-05-10 12:16:20 (1122540) [INFO]	Progress 47.0%
2026-05-10 12:16:46 (1122540) [INFO]	Progress 48.0%
2026-05-10 12:18:39 (1122540) [INFO]	Progress 49.0%
2026-05-10 12:18:49 (1122540) [INFO]	Progress 50.0%
2026-05-10 12:18:59 (1122540) [INFO]	Progress 51.0%
2026-05-10 12:18:59 (1122540) [INFO]	Progress 52.0%
2026-05-10 12:19:09 (1122540) [INFO]	Progress 53.0%
2026-05-10 12:19:09 (1122540) [INFO]	Progress 54.0%
2026-05-10 12:19:12 (1122540) [INFO]	Progress 55.0%
2026-05-10 12:19:15 (1122540) [INFO]	Progress 56.0%
2026-05-10 12:19:16 (1122540) [INFO]	Progress 57.0%
2026-05-10 12:19:21 (1122540) [INFO]	Progress 58.0%
2026-05-10 12:19:22 (1122540) [INFO]	Progress 59.0%
2026-05-10 12:19:31 (1122540) [INFO]	Progress 60.0%
2026-05-10 12:19:35 (1122540) [INFO]	Progress 61.0%
2026-05-10 12:19:48 (1122540) [INFO]	Progress 62.0%
2026-05-10 12:20:01 (1122540) [INFO]	Progress 63.0%
2026-05-10 12:20:05 (1122540) [INFO]	Progress 64.0%
2026-05-10 12:21:59 (1122540) [INFO]	Progress 65.0%
2026-05-10 12:22:00 (1122540) [INFO]	Progress 66.0%
2026-05-10 12:22:15 (1122540) [INFO]	Progress 67.0%
2026-05-10 12:22:15 (1122540) [INFO]	Progress 68.0%
2026-05-10 12:22:21 (1122540) [INFO]	Progress 69.0%
2026-05-10 12:22:23 (1122540) [INFO]	Progress 70.0%
2026-05-10 12:22:24 (1122540) [INFO]	Progress 71.0%
2026-05-10 12:22:31 (1122540) [INFO]	Progress 72.0%
2026-05-10 12:22:38 (1122540) [INFO]	Progress 73.0%
2026-05-10 12:22:41 (1122540) [INFO]	Progress 74.0%
2026-05-10 12:22:52 (1122540) [INFO]	Progress 75.0%
2026-05-10 12:22:58 (1122540) [INFO]	Progress 76.0%
2026-05-10 12:23:01 (1122540) [INFO]	Progress 77.0%
2026-05-10 12:23:01 (1122540) [INFO]	Progress 78.0%
2026-05-10 12:23:10 (1122540) [INFO]	Progress 79.0%
2026-05-10 12:23:43 (1122540) [INFO]	Progress 80.0%
2026-05-10 12:25:19 (1122540) [INFO]	Progress 81.0%
2026-05-10 12:25:24 (1122540) [INFO]	Progress 82.0%
2026-05-10 12:25:31 (1122540) [INFO]	Progress 83.0%
2026-05-10 12:25:41 (1122540) [INFO]	Progress 84.0%
2026-05-10 12:25:43 (1122540) [INFO]	Progress 85.0%
2026-05-10 12:25:50 (1122540) [INFO]	Progress 86.0%
2026-05-10 12:25:50 (1122540) [INFO]	Progress 87.0%
2026-05-10 12:25:55 (1122540) [INFO]	Progress 88.0%
2026-05-10 12:26:15 (1122540) [INFO]	Progress 89.0%
2026-05-10 12:26:18 (1122540) [INFO]	Progress 90.0%
2026-05-10 12:26:21 (1122540) [INFO]	Progress 91.0%
2026-05-10 12:26:26 (1122540) [INFO]	Progress 92.0%
2026-05-10 12:26:27 (1122540) [INFO]	Progress 93.0%
2026-05-10 12:26:29 (1122540) [INFO]	Progress 94.0%
2026-05-10 12:26:46 (1122540) [INFO]	Progress 95.0%
2026-05-10 12:26:54 (1122540) [INFO]	Progress 96.0%
2026-05-10 12:28:09 (1122540) [INFO]	Progress 97.0%
2026-05-10 12:28:16 (1122540) [INFO]	Progress 98.0%
2026-05-10 12:28:25 (1122540) [INFO]	Progress 99.0%
2026-05-10 12:28:28 (1122540) [INFO]	Progress 100.0%
2026-05-10 12:28:28 (1122540) [INFO]	Progress done!
2026-05-10 12:28:30 (1122661) [INFO]	Closing /pl/active/getahun_lab/Project_tbet_ATACseq/TOBIAS/FootprintScores_Output/LA21G_WT.merged_footprints.bw (this might take some time)

2026-05-10 12:30:04 (1122540) [INFO]	Finished ScoreBigwig run (total time elapsed: 0:24:03.363417)
Running FootprintScores for LA21G_KO.merged
# TOBIAS 0.17.3 ScoreBigwig (run started 2026-05-10 12:30:10.456808)
# Working directory: /projects/svankamamidi@xsede.org/Project_Tbet_ATACseq/2_TOBIAS_scripts
# Command line call: TOBIAS FootprintScores --signal /pl/active/getahun_lab/Project_tbet_ATACseq/TOBIAS/ATACorrect_Output/LA21G_KO.merged/LA21G_KO.merged_corrected.bw --regions /pl/active/getahun_lab/Project_tbet_ATACseq/consensus_peaks/ALL8_union_peaks.bed --output /pl/active/getahun_lab/Project_tbet_ATACseq/TOBIAS/FootprintScores_Output/LA21G_KO.merged_footprints.bw --cores 16

# ----- Input parameters -----
# signal:	/pl/active/getahun_lab/Project_tbet_ATACseq/TOBIAS/ATACorrect_Output/LA21G_KO.merged/LA21G_KO.merged_corrected.bw
# output:	/pl/active/getahun_lab/Project_tbet_ATACseq/TOBIAS/FootprintScores_Output/LA21G_KO.merged_footprints.bw
# regions:	/pl/active/getahun_lab/Project_tbet_ATACseq/consensus_peaks/ALL8_union_peaks.bed
# score:	footprint
# absolute:	False
# extend:	100
# smooth:	1
# min_limit:	None
# max_limit:	None
# fp_min:	20
# fp_max:	50
# flank_min:	10
# flank_max:	30
# window:	100
# cores:	16
# split:	100
# verbosity:	3


# ----- Output files -----
# /pl/active/getahun_lab/Project_tbet_ATACseq/TOBIAS/FootprintScores_Output/LA21G_KO.merged_footprints.bw


2026-05-10 12:30:10 (1128522) [INFO]	Processing input files
2026-05-10 12:30:10 (1128522) [INFO]	- Opening input cutsite bigwig
2026-05-10 12:30:10 (1128522) [INFO]	- Getting output regions ready
2026-05-10 12:30:11 (1128522) [INFO]	Calculating footprints in regions...
2026-05-10 12:30:12 (1128522) [INFO]	Progress 0%
2026-05-10 12:33:06 (1128522) [INFO]	Progress 1.0%
2026-05-10 12:33:11 (1128522) [INFO]	Progress 2.0%
2026-05-10 12:33:15 (1128522) [INFO]	Progress 3.0%
2026-05-10 12:33:22 (1128522) [INFO]	Progress 4.0%
2026-05-10 12:33:23 (1128522) [INFO]	Progress 5.0%
2026-05-10 12:33:23 (1128522) [INFO]	Progress 6.0%
2026-05-10 12:33:26 (1128522) [INFO]	Progress 7.0%
2026-05-10 12:33:29 (1128522) [INFO]	Progress 8.0%
2026-05-10 12:33:29 (1128522) [INFO]	Progress 9.0%
2026-05-10 12:33:32 (1128522) [INFO]	Progress 10.0%
2026-05-10 12:33:36 (1128522) [INFO]	Progress 11.0%
2026-05-10 12:33:36 (1128522) [INFO]	Progress 12.0%
2026-05-10 12:33:39 (1128522) [INFO]	Progress 13.0%
2026-05-10 12:33:50 (1128522) [INFO]	Progress 14.0%
2026-05-10 12:33:57 (1128522) [INFO]	Progress 15.0%
2026-05-10 12:34:06 (1128522) [INFO]	Progress 16.0%
2026-05-10 12:36:20 (1128522) [INFO]	Progress 17.0%
2026-05-10 12:36:23 (1128522) [INFO]	Progress 18.0%
2026-05-10 12:36:30 (1128522) [INFO]	Progress 19.0%
2026-05-10 12:36:32 (1128522) [INFO]	Progress 20.0%
2026-05-10 12:36:35 (1128522) [INFO]	Progress 21.0%
2026-05-10 12:36:38 (1128522) [INFO]	Progress 22.0%
2026-05-10 12:36:47 (1128522) [INFO]	Progress 23.0%
2026-05-10 12:36:49 (1128522) [INFO]	Progress 24.0%
2026-05-10 12:36:53 (1128522) [INFO]	Progress 25.0%
2026-05-10 12:36:53 (1128522) [INFO]	Progress 26.0%
2026-05-10 12:36:56 (1128522) [INFO]	Progress 28.0%
2026-05-10 12:37:08 (1128522) [INFO]	Progress 29.0%
2026-05-10 12:37:10 (1128522) [INFO]	Progress 30.0%
2026-05-10 12:37:11 (1128522) [INFO]	Progress 31.0%
2026-05-10 12:37:17 (1128522) [INFO]	Progress 32.0%
2026-05-10 12:39:21 (1128522) [INFO]	Progress 33.0%
2026-05-10 12:39:35 (1128522) [INFO]	Progress 34.0%
2026-05-10 12:39:50 (1128522) [INFO]	Progress 35.0%
2026-05-10 12:39:50 (1128522) [INFO]	Progress 36.0%
2026-05-10 12:39:53 (1128522) [INFO]	Progress 37.0%
2026-05-10 12:40:01 (1128522) [INFO]	Progress 38.0%
2026-05-10 12:40:07 (1128522) [INFO]	Progress 39.0%
2026-05-10 12:40:11 (1128522) [INFO]	Progress 40.0%
2026-05-10 12:40:14 (1128522) [INFO]	Progress 41.0%
2026-05-10 12:40:16 (1128522) [INFO]	Progress 42.0%
2026-05-10 12:40:17 (1128522) [INFO]	Progress 43.0%
2026-05-10 12:40:22 (1128522) [INFO]	Progress 44.0%
2026-05-10 12:40:24 (1128522) [INFO]	Progress 45.0%
2026-05-10 12:40:28 (1128522) [INFO]	Progress 46.0%
2026-05-10 12:40:29 (1128522) [INFO]	Progress 47.0%
2026-05-10 12:40:56 (1128522) [INFO]	Progress 48.0%
2026-05-10 12:42:46 (1128522) [INFO]	Progress 49.0%
2026-05-10 12:42:55 (1128522) [INFO]	Progress 50.0%
2026-05-10 12:43:06 (1128522) [INFO]	Progress 51.0%
2026-05-10 12:43:11 (1128522) [INFO]	Progress 52.0%
2026-05-10 12:43:17 (1128522) [INFO]	Progress 53.0%
2026-05-10 12:43:20 (1128522) [INFO]	Progress 54.0%
2026-05-10 12:43:23 (1128522) [INFO]	Progress 55.0%
2026-05-10 12:43:23 (1128522) [INFO]	Progress 56.0%
2026-05-10 12:43:24 (1128522) [INFO]	Progress 57.0%
2026-05-10 12:43:27 (1128522) [INFO]	Progress 58.0%
2026-05-10 12:43:31 (1128522) [INFO]	Progress 59.0%
2026-05-10 12:43:38 (1128522) [INFO]	Progress 60.0%
2026-05-10 12:43:41 (1128522) [INFO]	Progress 61.0%
2026-05-10 12:43:57 (1128522) [INFO]	Progress 62.0%
2026-05-10 12:44:09 (1128522) [INFO]	Progress 63.0%
2026-05-10 12:44:13 (1128522) [INFO]	Progress 64.0%
2026-05-10 12:46:06 (1128522) [INFO]	Progress 65.0%
2026-05-10 12:46:09 (1128522) [INFO]	Progress 66.0%
2026-05-10 12:46:23 (1128522) [INFO]	Progress 67.0%
2026-05-10 12:46:25 (1128522) [INFO]	Progress 68.0%
2026-05-10 12:46:25 (1128522) [INFO]	Progress 69.0%
2026-05-10 12:46:29 (1128522) [INFO]	Progress 70.0%
2026-05-10 12:46:37 (1128522) [INFO]	Progress 71.0%
2026-05-10 12:46:41 (1128522) [INFO]	Progress 72.0%
2026-05-10 12:46:45 (1128522) [INFO]	Progress 73.0%
2026-05-10 12:46:46 (1128522) [INFO]	Progress 74.0%
2026-05-10 12:47:00 (1128522) [INFO]	Progress 75.0%
2026-05-10 12:47:05 (1128522) [INFO]	Progress 76.0%
2026-05-10 12:47:06 (1128522) [INFO]	Progress 77.0%
2026-05-10 12:47:09 (1128522) [INFO]	Progress 78.0%
2026-05-10 12:47:20 (1128522) [INFO]	Progress 79.0%
2026-05-10 12:47:53 (1128522) [INFO]	Progress 80.0%
2026-05-10 12:49:29 (1128522) [INFO]	Progress 81.0%
2026-05-10 12:49:31 (1128522) [INFO]	Progress 82.0%
2026-05-10 12:49:38 (1128522) [INFO]	Progress 83.0%
2026-05-10 12:49:52 (1128522) [INFO]	Progress 84.0%
2026-05-10 12:49:52 (1128522) [INFO]	Progress 85.0%
2026-05-10 12:49:56 (1128522) [INFO]	Progress 86.0%
2026-05-10 12:50:01 (1128522) [INFO]	Progress 87.0%
2026-05-10 12:50:07 (1128522) [INFO]	Progress 88.0%
2026-05-10 12:50:19 (1128522) [INFO]	Progress 89.0%
2026-05-10 12:50:26 (1128522) [INFO]	Progress 90.0%
2026-05-10 12:50:26 (1128522) [INFO]	Progress 91.0%
2026-05-10 12:50:33 (1128522) [INFO]	Progress 92.0%
2026-05-10 12:50:40 (1128522) [INFO]	Progress 93.0%
2026-05-10 12:50:41 (1128522) [INFO]	Progress 94.0%
2026-05-10 12:50:53 (1128522) [INFO]	Progress 95.0%
2026-05-10 12:51:05 (1128522) [INFO]	Progress 96.0%
2026-05-10 12:52:20 (1128522) [INFO]	Progress 97.0%
2026-05-10 12:52:26 (1128522) [INFO]	Progress 98.0%
2026-05-10 12:52:32 (1128522) [INFO]	Progress 99.0%
2026-05-10 12:52:36 (1128522) [INFO]	Progress 100.0%
2026-05-10 12:52:36 (1128522) [INFO]	Progress done!
2026-05-10 12:52:38 (1128631) [INFO]	Closing /pl/active/getahun_lab/Project_tbet_ATACseq/TOBIAS/FootprintScores_Output/LA21G_KO.merged_footprints.bw (this might take some time)

2026-05-10 12:54:12 (1128522) [INFO]	Finished ScoreBigwig run (total time elapsed: 0:24:02.067013)
DONE: FootprintScores finished for all samples.
