Starting TOBIAS ATACorrect
Sun May 10 07:30:37 MDT 2026
Processing LA21G_WT.merged
# TOBIAS 0.17.3 ATACorrect (run started 2026-05-10 07:31:17.323918)
# Working directory: /projects/svankamamidi@xsede.org/Project_Tbet_ATACseq/2_TOBIAS_scripts
# Command line call: TOBIAS ATACorrect --bam /pl/active/getahun_lab/Project_tbet_ATACseq/merged_bams/LA21G_WT.merged.bam --genome /pl/active/getahun_lab/atacseq_refdata/genomes/mm10_primary/mm10.fa --peaks /pl/active/getahun_lab/Project_tbet_ATACseq/consensus_peaks/ALL8_union_peaks.bed --blacklist /pl/active/getahun_lab/atacseq_refdata/genomes/mm10_primary/mm10-blacklist.v2.bed --outdir /pl/active/getahun_lab/Project_tbet_ATACseq/TOBIAS/ATACorrect_Output/LA21G_WT.merged --cores 16

# ----- Input parameters -----
# bam:	/pl/active/getahun_lab/Project_tbet_ATACseq/merged_bams/LA21G_WT.merged.bam
# genome:	/pl/active/getahun_lab/atacseq_refdata/genomes/mm10_primary/mm10.fa
# peaks:	/pl/active/getahun_lab/Project_tbet_ATACseq/consensus_peaks/ALL8_union_peaks.bed
# regions_in:	None
# regions_out:	None
# blacklist:	/pl/active/getahun_lab/atacseq_refdata/genomes/mm10_primary/mm10-blacklist.v2.bed
# extend:	100
# split_strands:	False
# norm_off:	False
# track_off:	[]
# drop_chroms:	['chrM', 'chrMT', 'M', 'MT', 'Mito']
# k_flank:	12
# read_shift:	[4, -5]
# bg_shift:	100
# window:	100
# score_mat:	DWM
# bias_pkl:	None
# prefix:	LA21G_WT.merged
# outdir:	/pl/active/getahun_lab/Project_tbet_ATACseq/TOBIAS/ATACorrect_Output/LA21G_WT.merged
# cores:	16
# split:	100
# verbosity:	3


# ----- Output files -----
# /pl/active/getahun_lab/Project_tbet_ATACseq/TOBIAS/ATACorrect_Output/LA21G_WT.merged/LA21G_WT.merged_uncorrected.bw
# /pl/active/getahun_lab/Project_tbet_ATACseq/TOBIAS/ATACorrect_Output/LA21G_WT.merged/LA21G_WT.merged_bias.bw
# /pl/active/getahun_lab/Project_tbet_ATACseq/TOBIAS/ATACorrect_Output/LA21G_WT.merged/LA21G_WT.merged_expected.bw
# /pl/active/getahun_lab/Project_tbet_ATACseq/TOBIAS/ATACorrect_Output/LA21G_WT.merged/LA21G_WT.merged_corrected.bw
# /pl/active/getahun_lab/Project_tbet_ATACseq/TOBIAS/ATACorrect_Output/LA21G_WT.merged/LA21G_WT.merged_atacorrect.pdf


2026-05-10 07:31:17 (1267970) [INFO]	----- Processing input data -----
2026-05-10 07:31:17 (1267970) [INFO]	Reading info from .bam file
2026-05-10 07:31:17 (1267970) [INFO]	Reading info from .fasta file
2026-05-10 07:31:17 (1267970) [WARNING]	No additional chromosomes were removed. Consider using '--drop-chroms' to remove mitochondrial and/or other unwanted contigs.
2026-05-10 07:31:17 (1267970) [INFO]	Processing input/output regions
2026-05-10 07:31:24 (1267970) [STATS]	genome: 65 regions | 2730855475 bp | 100.00% coverage
2026-05-10 07:31:24 (1267970) [STATS]	input_regions: 197429 regions | 2222858375 bp | 81.40% coverage
2026-05-10 07:31:24 (1267970) [STATS]	output_regions: 145146 regions | 301639521 bp | 11.05% coverage
2026-05-10 07:31:24 (1267970) [STATS]	peak_regions: 168236 regions | 269019900 bp | 9.85% coverage
2026-05-10 07:31:24 (1267970) [STATS]	nonpeak_regions: 197429 regions | 2222858375 bp | 81.40% coverage
2026-05-10 07:31:24 (1267970) [STATS]	blacklist_regions: 3435 regions | 238977200 bp | 8.75% coverage

2026-05-10 07:31:24 (1267970) [INFO]	----- Estimating normalization factors -----
2026-05-10 07:31:24 (1267970) [INFO]	Counting reads in peak regions
2026-05-10 07:31:25 (1267970) [INFO]	Progress: 0%
2026-05-10 07:31:44 (1267970) [INFO]	Progress: 1%
2026-05-10 07:31:48 (1267970) [INFO]	Progress: 4%
2026-05-10 07:31:49 (1267970) [INFO]	Progress: 6%
2026-05-10 07:31:50 (1267970) [INFO]	Progress: 7%
2026-05-10 07:31:51 (1267970) [INFO]	Progress: 8%
2026-05-10 07:31:51 (1267970) [INFO]	Progress: 10%
2026-05-10 07:31:52 (1267970) [INFO]	Progress: 11%
2026-05-10 07:31:53 (1267970) [INFO]	Progress: 13%
2026-05-10 07:31:54 (1267970) [INFO]	Progress: 14%
2026-05-10 07:31:58 (1267970) [INFO]	Progress: 15%
2026-05-10 07:32:01 (1267970) [INFO]	Progress: 16%
2026-05-10 07:32:09 (1267970) [INFO]	Progress: 17%
2026-05-10 07:32:10 (1267970) [INFO]	Progress: 18%
2026-05-10 07:32:11 (1267970) [INFO]	Progress: 19%
2026-05-10 07:32:12 (1267970) [INFO]	Progress: 20%
2026-05-10 07:32:14 (1267970) [INFO]	Progress: 21%
2026-05-10 07:32:16 (1267970) [INFO]	Progress: 25%
2026-05-10 07:32:16 (1267970) [INFO]	Progress: 26%
2026-05-10 07:32:17 (1267970) [INFO]	Progress: 27%
2026-05-10 07:32:19 (1267970) [INFO]	Progress: 28%
2026-05-10 07:32:20 (1267970) [INFO]	Progress: 29%
2026-05-10 07:32:22 (1267970) [INFO]	Progress: 30%
2026-05-10 07:32:23 (1267970) [INFO]	Progress: 31%
2026-05-10 07:32:27 (1267970) [INFO]	Progress: 32%
2026-05-10 07:32:28 (1267970) [INFO]	Progress: 33%
2026-05-10 07:32:36 (1267970) [INFO]	Progress: 35%
2026-05-10 07:32:39 (1267970) [INFO]	Progress: 37%
2026-05-10 07:32:40 (1267970) [INFO]	Progress: 38%
2026-05-10 07:32:41 (1267970) [INFO]	Progress: 39%
2026-05-10 07:32:42 (1267970) [INFO]	Progress: 40%
2026-05-10 07:32:42 (1267970) [INFO]	Progress: 42%
2026-05-10 07:32:43 (1267970) [INFO]	Progress: 44%
2026-05-10 07:32:45 (1267970) [INFO]	Progress: 45%
2026-05-10 07:32:46 (1267970) [INFO]	Progress: 46%
2026-05-10 07:32:49 (1267970) [INFO]	Progress: 47%
2026-05-10 07:32:53 (1267970) [INFO]	Progress: 48%
2026-05-10 07:32:56 (1267970) [INFO]	Progress: 49%
2026-05-10 07:33:02 (1267970) [INFO]	Progress: 50%
2026-05-10 07:33:03 (1267970) [INFO]	Progress: 52%
2026-05-10 07:33:04 (1267970) [INFO]	Progress: 53%
2026-05-10 07:33:05 (1267970) [INFO]	Progress: 55%
2026-05-10 07:33:06 (1267970) [INFO]	Progress: 56%
2026-05-10 07:33:06 (1267970) [INFO]	Progress: 58%
2026-05-10 07:33:07 (1267970) [INFO]	Progress: 59%
2026-05-10 07:33:09 (1267970) [INFO]	Progress: 60%
2026-05-10 07:33:13 (1267970) [INFO]	Progress: 61%
2026-05-10 07:33:13 (1267970) [INFO]	Progress: 62%
2026-05-10 07:33:15 (1267970) [INFO]	Progress: 63%
2026-05-10 07:33:16 (1267970) [INFO]	Progress: 64%
2026-05-10 07:33:24 (1267970) [INFO]	Progress: 65%
2026-05-10 07:33:26 (1267970) [INFO]	Progress: 66%
2026-05-10 07:33:27 (1267970) [INFO]	Progress: 67%
2026-05-10 07:33:27 (1267970) [INFO]	Progress: 68%
2026-05-10 07:33:28 (1267970) [INFO]	Progress: 69%
2026-05-10 07:33:29 (1267970) [INFO]	Progress: 70%
2026-05-10 07:33:29 (1267970) [INFO]	Progress: 71%
2026-05-10 07:33:30 (1267970) [INFO]	Progress: 72%
2026-05-10 07:33:32 (1267970) [INFO]	Progress: 73%
2026-05-10 07:33:33 (1267970) [INFO]	Progress: 76%
2026-05-10 07:33:34 (1267970) [INFO]	Progress: 77%
2026-05-10 07:33:38 (1267970) [INFO]	Progress: 78%
2026-05-10 07:33:39 (1267970) [INFO]	Progress: 79%
2026-05-10 07:33:45 (1267970) [INFO]	Progress: 80%
2026-05-10 07:33:52 (1267970) [INFO]	Progress: 81%
2026-05-10 07:33:53 (1267970) [INFO]	Progress: 82%
2026-05-10 07:33:54 (1267970) [INFO]	Progress: 83%
2026-05-10 07:33:55 (1267970) [INFO]	Progress: 86%
2026-05-10 07:33:57 (1267970) [INFO]	Progress: 87%
2026-05-10 07:33:58 (1267970) [INFO]	Progress: 89%
2026-05-10 07:33:59 (1267970) [INFO]	Progress: 90%
2026-05-10 07:34:00 (1267970) [INFO]	Progress: 91%
2026-05-10 07:34:02 (1267970) [INFO]	Progress: 92%
2026-05-10 07:34:03 (1267970) [INFO]	Progress: 93%
2026-05-10 07:34:05 (1267970) [INFO]	Progress: 94%
2026-05-10 07:34:07 (1267970) [INFO]	Progress: 96%
2026-05-10 07:34:09 (1267970) [INFO]	Progress: 97%
2026-05-10 07:34:13 (1267970) [INFO]	Progress: 98%
2026-05-10 07:34:13 (1267970) [INFO]	Progress: 99%
2026-05-10 07:34:16 (1267970) [INFO]	Progress: 100%

2026-05-10 07:34:16 (1267970) [INFO]	Counting reads in nonpeak regions
2026-05-10 07:34:16 (1267970) [INFO]	Progress: 0%
2026-05-10 07:34:24 (1267970) [INFO]	Progress: 1%
2026-05-10 07:34:25 (1267970) [INFO]	Progress: 3%
2026-05-10 07:34:26 (1267970) [INFO]	Progress: 5%
2026-05-10 07:34:26 (1267970) [INFO]	Progress: 7%
2026-05-10 07:34:27 (1267970) [INFO]	Progress: 13%
2026-05-10 07:34:27 (1267970) [INFO]	Progress: 14%
2026-05-10 07:34:28 (1267970) [INFO]	Progress: 15%
2026-05-10 07:34:30 (1267970) [INFO]	Progress: 16%
2026-05-10 07:34:32 (1267970) [INFO]	Progress: 18%
2026-05-10 07:34:33 (1267970) [INFO]	Progress: 19%
2026-05-10 07:34:35 (1267970) [INFO]	Progress: 20%
2026-05-10 07:34:35 (1267970) [INFO]	Progress: 21%
2026-05-10 07:34:36 (1267970) [INFO]	Progress: 23%
2026-05-10 07:34:36 (1267970) [INFO]	Progress: 24%
2026-05-10 07:34:37 (1267970) [INFO]	Progress: 26%
2026-05-10 07:34:37 (1267970) [INFO]	Progress: 27%
2026-05-10 07:34:38 (1267970) [INFO]	Progress: 28%
2026-05-10 07:34:39 (1267970) [INFO]	Progress: 29%
2026-05-10 07:34:40 (1267970) [INFO]	Progress: 30%
2026-05-10 07:34:41 (1267970) [INFO]	Progress: 32%
2026-05-10 07:34:41 (1267970) [INFO]	Progress: 33%
2026-05-10 07:34:42 (1267970) [INFO]	Progress: 34%
2026-05-10 07:34:43 (1267970) [INFO]	Progress: 36%
2026-05-10 07:34:43 (1267970) [INFO]	Progress: 37%
2026-05-10 07:34:44 (1267970) [INFO]	Progress: 38%
2026-05-10 07:34:44 (1267970) [INFO]	Progress: 39%
2026-05-10 07:34:45 (1267970) [INFO]	Progress: 40%
2026-05-10 07:34:47 (1267970) [INFO]	Progress: 42%
2026-05-10 07:34:47 (1267970) [INFO]	Progress: 43%
2026-05-10 07:34:49 (1267970) [INFO]	Progress: 45%
2026-05-10 07:34:50 (1267970) [INFO]	Progress: 46%
2026-05-10 07:34:50 (1267970) [INFO]	Progress: 47%
2026-05-10 07:34:51 (1267970) [INFO]	Progress: 48%
2026-05-10 07:34:51 (1267970) [INFO]	Progress: 49%
2026-05-10 07:34:52 (1267970) [INFO]	Progress: 50%
2026-05-10 07:34:52 (1267970) [INFO]	Progress: 53%
2026-05-10 07:34:55 (1267970) [INFO]	Progress: 55%
2026-05-10 07:34:55 (1267970) [INFO]	Progress: 56%
2026-05-10 07:34:57 (1267970) [INFO]	Progress: 57%
2026-05-10 07:34:57 (1267970) [INFO]	Progress: 58%
2026-05-10 07:34:58 (1267970) [INFO]	Progress: 59%
2026-05-10 07:35:00 (1267970) [INFO]	Progress: 62%
2026-05-10 07:35:00 (1267970) [INFO]	Progress: 64%
2026-05-10 07:35:01 (1267970) [INFO]	Progress: 66%
2026-05-10 07:35:01 (1267970) [INFO]	Progress: 67%
2026-05-10 07:35:03 (1267970) [INFO]	Progress: 68%
2026-05-10 07:35:04 (1267970) [INFO]	Progress: 70%
2026-05-10 07:35:05 (1267970) [INFO]	Progress: 71%
2026-05-10 07:35:06 (1267970) [INFO]	Progress: 74%
2026-05-10 07:35:07 (1267970) [INFO]	Progress: 75%
2026-05-10 07:35:08 (1267970) [INFO]	Progress: 76%
2026-05-10 07:35:08 (1267970) [INFO]	Progress: 77%
2026-05-10 07:35:09 (1267970) [INFO]	Progress: 80%
2026-05-10 07:35:10 (1267970) [INFO]	Progress: 81%
2026-05-10 07:35:11 (1267970) [INFO]	Progress: 82%
2026-05-10 07:35:11 (1267970) [INFO]	Progress: 83%
2026-05-10 07:35:14 (1267970) [INFO]	Progress: 84%
2026-05-10 07:35:14 (1267970) [INFO]	Progress: 85%
2026-05-10 07:35:16 (1267970) [INFO]	Progress: 88%
2026-05-10 07:35:17 (1267970) [INFO]	Progress: 90%
2026-05-10 07:35:17 (1267970) [INFO]	Progress: 91%
2026-05-10 07:35:18 (1267970) [INFO]	Progress: 94%
2026-05-10 07:35:18 (1267970) [INFO]	Progress: 95%
2026-05-10 07:35:19 (1267970) [INFO]	Progress: 96%
2026-05-10 07:35:19 (1267970) [INFO]	Progress: 97%
2026-05-10 07:35:22 (1267970) [INFO]	Progress: 98%
2026-05-10 07:35:24 (1267970) [INFO]	Progress: 99%
2026-05-10 07:35:24 (1267970) [INFO]	Progress: 100%
2026-05-10 07:35:24 (1267970) [STATS]	TOTAL_READS	206016789
2026-05-10 07:35:24 (1267970) [STATS]	PEAK_READS	147049599
2026-05-10 07:35:24 (1267970) [STATS]	NONPEAK_READS	58967190
2026-05-10 07:35:24 (1267970) [STATS]	LIB_NORM	0.04854
2026-05-10 07:35:24 (1267970) [STATS]	FRiP	0.71377
2026-05-10 07:35:24 (1267970) [STATS]	CORRECTION_FACTOR:	0.06800

2026-05-10 07:35:24 (1267970) [INFO]	Started estimation of sequence bias...
2026-05-10 07:35:24 (1267970) [INFO]	Progress: 0%
2026-05-10 07:35:36 (1267970) [INFO]	Progress: 1%
2026-05-10 07:35:38 (1267970) [INFO]	Progress: 2%
2026-05-10 07:35:39 (1267970) [INFO]	Progress: 4%
2026-05-10 07:35:40 (1267970) [INFO]	Progress: 5%
2026-05-10 07:35:40 (1267970) [INFO]	Progress: 7%
2026-05-10 07:35:41 (1267970) [INFO]	Progress: 8%
2026-05-10 07:35:41 (1267970) [INFO]	Progress: 11%
2026-05-10 07:35:42 (1267970) [INFO]	Progress: 12%
2026-05-10 07:35:43 (1267970) [INFO]	Progress: 14%
2026-05-10 07:35:44 (1267970) [INFO]	Progress: 15%
2026-05-10 07:35:44 (1267970) [INFO]	Progress: 16%
2026-05-10 07:35:50 (1267970) [INFO]	Progress: 17%
2026-05-10 07:35:50 (1267970) [INFO]	Progress: 19%
2026-05-10 07:35:54 (1267970) [INFO]	Progress: 20%
2026-05-10 07:35:55 (1267970) [INFO]	Progress: 21%
2026-05-10 07:35:56 (1267970) [INFO]	Progress: 22%
2026-05-10 07:35:57 (1267970) [INFO]	Progress: 25%
2026-05-10 07:35:58 (1267970) [INFO]	Progress: 26%
2026-05-10 07:35:59 (1267970) [INFO]	Progress: 27%
2026-05-10 07:36:00 (1267970) [INFO]	Progress: 28%
2026-05-10 07:36:01 (1267970) [INFO]	Progress: 29%
2026-05-10 07:36:01 (1267970) [INFO]	Progress: 31%
2026-05-10 07:36:02 (1267970) [INFO]	Progress: 32%
2026-05-10 07:36:04 (1267970) [INFO]	Progress: 33%
2026-05-10 07:36:06 (1267970) [INFO]	Progress: 34%
2026-05-10 07:36:07 (1267970) [INFO]	Progress: 35%
2026-05-10 07:36:07 (1267970) [INFO]	Progress: 36%
2026-05-10 07:36:09 (1267970) [INFO]	Progress: 38%
2026-05-10 07:36:10 (1267970) [INFO]	Progress: 39%
2026-05-10 07:36:12 (1267970) [INFO]	Progress: 40%
2026-05-10 07:36:14 (1267970) [INFO]	Progress: 42%
2026-05-10 07:36:15 (1267970) [INFO]	Progress: 43%
2026-05-10 07:36:16 (1267970) [INFO]	Progress: 44%
2026-05-10 07:36:16 (1267970) [INFO]	Progress: 45%
2026-05-10 07:36:18 (1267970) [INFO]	Progress: 46%
2026-05-10 07:36:18 (1267970) [INFO]	Progress: 47%
2026-05-10 07:36:19 (1267970) [INFO]	Progress: 48%
2026-05-10 07:36:19 (1267970) [INFO]	Progress: 49%
2026-05-10 07:36:21 (1267970) [INFO]	Progress: 50%
2026-05-10 07:36:22 (1267970) [INFO]	Progress: 52%
2026-05-10 07:36:22 (1267970) [INFO]	Progress: 53%
2026-05-10 07:36:27 (1267970) [INFO]	Progress: 54%
2026-05-10 07:36:28 (1267970) [INFO]	Progress: 56%
2026-05-10 07:36:29 (1267970) [INFO]	Progress: 57%
2026-05-10 07:36:30 (1267970) [INFO]	Progress: 58%
2026-05-10 07:36:30 (1267970) [INFO]	Progress: 59%
2026-05-10 07:36:32 (1267970) [INFO]	Progress: 60%
2026-05-10 07:36:35 (1267970) [INFO]	Progress: 65%
2026-05-10 07:36:38 (1267970) [INFO]	Progress: 67%
2026-05-10 07:36:39 (1267970) [INFO]	Progress: 68%
2026-05-10 07:36:42 (1267970) [INFO]	Progress: 70%
2026-05-10 07:36:43 (1267970) [INFO]	Progress: 71%
2026-05-10 07:36:45 (1267970) [INFO]	Progress: 72%
2026-05-10 07:36:45 (1267970) [INFO]	Progress: 74%
2026-05-10 07:36:46 (1267970) [INFO]	Progress: 75%
2026-05-10 07:36:47 (1267970) [INFO]	Progress: 76%
2026-05-10 07:36:51 (1267970) [INFO]	Progress: 79%
2026-05-10 07:36:52 (1267970) [INFO]	Progress: 80%
2026-05-10 07:36:52 (1267970) [INFO]	Progress: 81%
2026-05-10 07:36:53 (1267970) [INFO]	Progress: 82%
2026-05-10 07:36:54 (1267970) [INFO]	Progress: 83%
2026-05-10 07:36:58 (1267970) [INFO]	Progress: 85%
2026-05-10 07:36:59 (1267970) [INFO]	Progress: 87%
2026-05-10 07:37:00 (1267970) [INFO]	Progress: 88%
2026-05-10 07:37:00 (1267970) [INFO]	Progress: 89%
2026-05-10 07:37:02 (1267970) [INFO]	Progress: 90%
2026-05-10 07:37:02 (1267970) [INFO]	Progress: 91%
2026-05-10 07:37:03 (1267970) [INFO]	Progress: 92%
2026-05-10 07:37:05 (1267970) [INFO]	Progress: 93%
2026-05-10 07:37:05 (1267970) [INFO]	Progress: 95%
2026-05-10 07:37:06 (1267970) [INFO]	Progress: 96%
2026-05-10 07:37:08 (1267970) [INFO]	Progress: 97%
2026-05-10 07:37:12 (1267970) [INFO]	Progress: 98%
2026-05-10 07:37:14 (1267970) [INFO]	Progress: 99%
2026-05-10 07:37:15 (1267970) [INFO]	Progress: 100%
2026-05-10 07:37:15 (1267970) [INFO]	Finalizing bias motif for scoring

2026-05-10 07:37:16 (1267970) [INFO]	----- Correcting reads from .bam within output regions -----
2026-05-10 07:37:17 (1267970) [INFO]	Correction progress: 0%
2026-05-10 07:43:46 (1267970) [INFO]	Correction progress: 1.0%
2026-05-10 07:43:56 (1267970) [INFO]	Correction progress: 2.0%
2026-05-10 07:44:05 (1267970) [INFO]	Correction progress: 3.0%
2026-05-10 07:44:10 (1267970) [INFO]	Correction progress: 4.0%
2026-05-10 07:44:20 (1267970) [INFO]	Correction progress: 5.0%
2026-05-10 07:44:28 (1267970) [INFO]	Correction progress: 6.0%
2026-05-10 07:44:32 (1267970) [INFO]	Correction progress: 7.0%
2026-05-10 07:44:41 (1267970) [INFO]	Correction progress: 8.0%
2026-05-10 07:44:45 (1267970) [INFO]	Correction progress: 9.0%
2026-05-10 07:44:56 (1267970) [INFO]	Correction progress: 10.0%
2026-05-10 07:45:20 (1267970) [INFO]	Correction progress: 11.0%
2026-05-10 07:45:25 (1267970) [INFO]	Correction progress: 12.0%
2026-05-10 07:45:29 (1267970) [INFO]	Correction progress: 13.0%
2026-05-10 07:45:58 (1267970) [INFO]	Correction progress: 14.0%
2026-05-10 07:46:22 (1267970) [INFO]	Correction progress: 15.0%
2026-05-10 07:50:31 (1267970) [INFO]	Correction progress: 16.0%
2026-05-10 07:51:10 (1267970) [INFO]	Correction progress: 17.0%
2026-05-10 07:51:23 (1267970) [INFO]	Correction progress: 18.0%
2026-05-10 07:51:25 (1267970) [INFO]	Correction progress: 19.0%
2026-05-10 07:51:27 (1267970) [INFO]	Correction progress: 20.0%
2026-05-10 07:51:34 (1267970) [INFO]	Correction progress: 21.0%
2026-05-10 07:51:49 (1267970) [INFO]	Correction progress: 22.0%
2026-05-10 07:51:56 (1267970) [INFO]	Correction progress: 23.0%
2026-05-10 07:52:23 (1267970) [INFO]	Correction progress: 24.0%
2026-05-10 07:52:24 (1267970) [INFO]	Correction progress: 25.0%
2026-05-10 07:52:38 (1267970) [INFO]	Correction progress: 26.0%
2026-05-10 07:52:48 (1267970) [INFO]	Correction progress: 27.0%
2026-05-10 07:52:49 (1267970) [INFO]	Correction progress: 28.0%
2026-05-10 07:53:22 (1267970) [INFO]	Correction progress: 29.0%
2026-05-10 07:54:16 (1267970) [INFO]	Correction progress: 30.0%
2026-05-10 07:57:30 (1267970) [INFO]	Correction progress: 31.0%
2026-05-10 07:58:23 (1267970) [INFO]	Correction progress: 32.0%
2026-05-10 07:58:37 (1267970) [INFO]	Correction progress: 33.0%
2026-05-10 07:58:41 (1267970) [INFO]	Correction progress: 34.0%
2026-05-10 07:59:21 (1267970) [INFO]	Correction progress: 35.0%
2026-05-10 07:59:23 (1267970) [INFO]	Correction progress: 36.0%
2026-05-10 07:59:24 (1267970) [INFO]	Correction progress: 37.0%
2026-05-10 07:59:36 (1267970) [INFO]	Correction progress: 38.0%
2026-05-10 08:00:17 (1267970) [INFO]	Correction progress: 39.0%
2026-05-10 08:00:29 (1267970) [INFO]	Correction progress: 40.0%
2026-05-10 08:00:48 (1267970) [INFO]	Correction progress: 41.0%
2026-05-10 08:00:50 (1267970) [INFO]	Correction progress: 42.0%
2026-05-10 08:01:16 (1267970) [INFO]	Correction progress: 43.0%
2026-05-10 08:01:22 (1267970) [INFO]	Correction progress: 44.0%
2026-05-10 08:02:47 (1267970) [INFO]	Correction progress: 45.0%
2026-05-10 08:03:45 (1267970) [INFO]	Correction progress: 46.0%
2026-05-10 08:04:53 (1267970) [INFO]	Correction progress: 47.0%
2026-05-10 08:05:13 (1267970) [INFO]	Correction progress: 48.0%
2026-05-10 08:05:47 (1267970) [INFO]	Correction progress: 49.0%
2026-05-10 08:05:53 (1267970) [INFO]	Correction progress: 50.0%
2026-05-10 08:06:40 (1267970) [INFO]	Correction progress: 51.0%
2026-05-10 08:07:05 (1267970) [INFO]	Correction progress: 52.0%
2026-05-10 08:07:14 (1267970) [INFO]	Correction progress: 53.0%
2026-05-10 08:07:27 (1267970) [INFO]	Correction progress: 54.0%
2026-05-10 08:07:49 (1267970) [INFO]	Correction progress: 55.0%
2026-05-10 08:08:02 (1267970) [INFO]	Correction progress: 56.0%
2026-05-10 08:08:06 (1267970) [INFO]	Correction progress: 57.0%
2026-05-10 08:08:27 (1267970) [INFO]	Correction progress: 58.0%
2026-05-10 08:09:20 (1267970) [INFO]	Correction progress: 59.0%
2026-05-10 08:10:18 (1267970) [INFO]	Correction progress: 60.0%
2026-05-10 08:10:40 (1267970) [INFO]	Correction progress: 61.0%
2026-05-10 08:12:35 (1267970) [INFO]	Correction progress: 62.0%
2026-05-10 08:12:40 (1267970) [INFO]	Correction progress: 63.0%
2026-05-10 08:13:59 (1267970) [INFO]	Correction progress: 64.0%
2026-05-10 08:14:01 (1267970) [INFO]	Correction progress: 65.0%
2026-05-10 08:14:19 (1267970) [INFO]	Correction progress: 66.0%
2026-05-10 08:14:55 (1267970) [INFO]	Correction progress: 67.0%
2026-05-10 08:14:59 (1267970) [INFO]	Correction progress: 68.0%
2026-05-10 08:15:18 (1267970) [INFO]	Correction progress: 69.0%
2026-05-10 08:15:23 (1267970) [INFO]	Correction progress: 70.0%
2026-05-10 08:15:25 (1267970) [INFO]	Correction progress: 71.0%
2026-05-10 08:15:43 (1267970) [INFO]	Correction progress: 72.0%
2026-05-10 08:17:05 (1267970) [INFO]	Correction progress: 73.0%
2026-05-10 08:17:06 (1267970) [INFO]	Correction progress: 74.0%
2026-05-10 08:18:50 (1267970) [INFO]	Correction progress: 75.0%
2026-05-10 08:18:57 (1267970) [INFO]	Correction progress: 76.0%
2026-05-10 08:19:24 (1267970) [INFO]	Correction progress: 77.0%
2026-05-10 08:19:24 (1267970) [INFO]	Correction progress: 78.0%
2026-05-10 08:20:04 (1267970) [INFO]	Correction progress: 79.0%
2026-05-10 08:21:50 (1267970) [INFO]	Correction progress: 80.0%
2026-05-10 08:21:54 (1267970) [INFO]	Correction progress: 81.0%
2026-05-10 08:22:05 (1267970) [INFO]	Correction progress: 82.0%
2026-05-10 08:22:20 (1267970) [INFO]	Correction progress: 83.0%
2026-05-10 08:22:46 (1267970) [INFO]	Correction progress: 84.0%
2026-05-10 08:23:16 (1267970) [INFO]	Correction progress: 85.0%
2026-05-10 08:23:20 (1267970) [INFO]	Correction progress: 86.0%
2026-05-10 08:23:37 (1267970) [INFO]	Correction progress: 87.0%
2026-05-10 08:23:46 (1267970) [INFO]	Correction progress: 88.0%
2026-05-10 08:24:39 (1267970) [INFO]	Correction progress: 89.0%
2026-05-10 08:26:23 (1267970) [INFO]	Correction progress: 90.0%
2026-05-10 08:26:47 (1267970) [INFO]	Correction progress: 91.0%
2026-05-10 08:27:20 (1267970) [INFO]	Correction progress: 92.0%
2026-05-10 08:27:21 (1267970) [INFO]	Correction progress: 93.0%
2026-05-10 08:27:50 (1267970) [INFO]	Correction progress: 94.0%
2026-05-10 08:28:21 (1267970) [INFO]	Correction progress: 95.0%
2026-05-10 08:28:37 (1267970) [INFO]	Correction progress: 96.0%
2026-05-10 08:28:40 (1267970) [INFO]	Correction progress: 97.0%
2026-05-10 08:28:43 (1267970) [INFO]	Correction progress: 98.0%
2026-05-10 08:28:48 (1267970) [INFO]	Correction progress: 99.0%
2026-05-10 08:29:41 (1267970) [INFO]	Correction progress: 100.0%
2026-05-10 08:29:41 (1267970) [INFO]	Correction progress: done!
2026-05-10 08:29:43 (1270539) [INFO]	Closing /pl/active/getahun_lab/Project_tbet_ATACseq/TOBIAS/ATACorrect_Output/LA21G_WT.merged/LA21G_WT.merged_uncorrected.bw (this might take some time)
2026-05-10 08:30:17 (1270539) [INFO]	Closing /pl/active/getahun_lab/Project_tbet_ATACseq/TOBIAS/ATACorrect_Output/LA21G_WT.merged/LA21G_WT.merged_bias.bw (this might take some time)
2026-05-10 08:32:05 (1270539) [INFO]	Closing /pl/active/getahun_lab/Project_tbet_ATACseq/TOBIAS/ATACorrect_Output/LA21G_WT.merged/LA21G_WT.merged_expected.bw (this might take some time)
2026-05-10 08:33:27 (1270539) [INFO]	Closing /pl/active/getahun_lab/Project_tbet_ATACseq/TOBIAS/ATACorrect_Output/LA21G_WT.merged/LA21G_WT.merged_corrected.bw (this might take some time)

2026-05-10 08:34:45 (1267970) [INFO]	Verifying bias correction
2026-05-10 08:34:45 (1267970) [STATS]	BIAS	pre-bias variance forward:	0.0043260
2026-05-10 08:34:45 (1267970) [STATS]	BIAS	post-bias variance forward:	0.0000784
2026-05-10 08:34:46 (1267970) [STATS]	BIAS	pre-bias variance reverse:	0.0043268
2026-05-10 08:34:46 (1267970) [STATS]	BIAS	post-bias variance reverse:	0.0000786

2026-05-10 08:34:46 (1267970) [INFO]	Finished ATACorrect run (total time elapsed: 1:03:29.142215)
Processing LA21G_KO.merged
# TOBIAS 0.17.3 ATACorrect (run started 2026-05-10 08:34:51.113200)
# Working directory: /projects/svankamamidi@xsede.org/Project_Tbet_ATACseq/2_TOBIAS_scripts
# Command line call: TOBIAS ATACorrect --bam /pl/active/getahun_lab/Project_tbet_ATACseq/merged_bams/LA21G_KO.merged.bam --genome /pl/active/getahun_lab/atacseq_refdata/genomes/mm10_primary/mm10.fa --peaks /pl/active/getahun_lab/Project_tbet_ATACseq/consensus_peaks/ALL8_union_peaks.bed --blacklist /pl/active/getahun_lab/atacseq_refdata/genomes/mm10_primary/mm10-blacklist.v2.bed --outdir /pl/active/getahun_lab/Project_tbet_ATACseq/TOBIAS/ATACorrect_Output/LA21G_KO.merged --cores 16

# ----- Input parameters -----
# bam:	/pl/active/getahun_lab/Project_tbet_ATACseq/merged_bams/LA21G_KO.merged.bam
# genome:	/pl/active/getahun_lab/atacseq_refdata/genomes/mm10_primary/mm10.fa
# peaks:	/pl/active/getahun_lab/Project_tbet_ATACseq/consensus_peaks/ALL8_union_peaks.bed
# regions_in:	None
# regions_out:	None
# blacklist:	/pl/active/getahun_lab/atacseq_refdata/genomes/mm10_primary/mm10-blacklist.v2.bed
# extend:	100
# split_strands:	False
# norm_off:	False
# track_off:	[]
# drop_chroms:	['chrM', 'chrMT', 'M', 'MT', 'Mito']
# k_flank:	12
# read_shift:	[4, -5]
# bg_shift:	100
# window:	100
# score_mat:	DWM
# bias_pkl:	None
# prefix:	LA21G_KO.merged
# outdir:	/pl/active/getahun_lab/Project_tbet_ATACseq/TOBIAS/ATACorrect_Output/LA21G_KO.merged
# cores:	16
# split:	100
# verbosity:	3


# ----- Output files -----
# /pl/active/getahun_lab/Project_tbet_ATACseq/TOBIAS/ATACorrect_Output/LA21G_KO.merged/LA21G_KO.merged_uncorrected.bw
# /pl/active/getahun_lab/Project_tbet_ATACseq/TOBIAS/ATACorrect_Output/LA21G_KO.merged/LA21G_KO.merged_bias.bw
# /pl/active/getahun_lab/Project_tbet_ATACseq/TOBIAS/ATACorrect_Output/LA21G_KO.merged/LA21G_KO.merged_expected.bw
# /pl/active/getahun_lab/Project_tbet_ATACseq/TOBIAS/ATACorrect_Output/LA21G_KO.merged/LA21G_KO.merged_corrected.bw
# /pl/active/getahun_lab/Project_tbet_ATACseq/TOBIAS/ATACorrect_Output/LA21G_KO.merged/LA21G_KO.merged_atacorrect.pdf


2026-05-10 08:34:51 (1283616) [INFO]	----- Processing input data -----
2026-05-10 08:34:51 (1283616) [INFO]	Reading info from .bam file
2026-05-10 08:34:51 (1283616) [INFO]	Reading info from .fasta file
2026-05-10 08:34:51 (1283616) [WARNING]	No additional chromosomes were removed. Consider using '--drop-chroms' to remove mitochondrial and/or other unwanted contigs.
2026-05-10 08:34:51 (1283616) [INFO]	Processing input/output regions
2026-05-10 08:34:58 (1283616) [STATS]	genome: 65 regions | 2730855475 bp | 100.00% coverage
2026-05-10 08:34:58 (1283616) [STATS]	input_regions: 197429 regions | 2222858375 bp | 81.40% coverage
2026-05-10 08:34:58 (1283616) [STATS]	output_regions: 145146 regions | 301639521 bp | 11.05% coverage
2026-05-10 08:34:58 (1283616) [STATS]	peak_regions: 168236 regions | 269019900 bp | 9.85% coverage
2026-05-10 08:34:58 (1283616) [STATS]	nonpeak_regions: 197429 regions | 2222858375 bp | 81.40% coverage
2026-05-10 08:34:58 (1283616) [STATS]	blacklist_regions: 3435 regions | 238977200 bp | 8.75% coverage

2026-05-10 08:34:58 (1283616) [INFO]	----- Estimating normalization factors -----
2026-05-10 08:34:58 (1283616) [INFO]	Counting reads in peak regions
2026-05-10 08:34:58 (1283616) [INFO]	Progress: 0%
2026-05-10 08:35:22 (1283616) [INFO]	Progress: 1%
2026-05-10 08:35:24 (1283616) [INFO]	Progress: 2%
2026-05-10 08:35:25 (1283616) [INFO]	Progress: 3%
2026-05-10 08:35:26 (1283616) [INFO]	Progress: 4%
2026-05-10 08:35:26 (1283616) [INFO]	Progress: 5%
2026-05-10 08:35:27 (1283616) [INFO]	Progress: 6%
2026-05-10 08:35:28 (1283616) [INFO]	Progress: 7%
2026-05-10 08:35:29 (1283616) [INFO]	Progress: 10%
2026-05-10 08:35:29 (1283616) [INFO]	Progress: 11%
2026-05-10 08:35:31 (1283616) [INFO]	Progress: 12%
2026-05-10 08:35:33 (1283616) [INFO]	Progress: 13%
2026-05-10 08:35:35 (1283616) [INFO]	Progress: 15%
2026-05-10 08:35:37 (1283616) [INFO]	Progress: 16%
2026-05-10 08:35:51 (1283616) [INFO]	Progress: 17%
2026-05-10 08:35:52 (1283616) [INFO]	Progress: 18%
2026-05-10 08:35:53 (1283616) [INFO]	Progress: 19%
2026-05-10 08:35:54 (1283616) [INFO]	Progress: 20%
2026-05-10 08:35:56 (1283616) [INFO]	Progress: 22%
2026-05-10 08:35:56 (1283616) [INFO]	Progress: 23%
2026-05-10 08:35:58 (1283616) [INFO]	Progress: 25%
2026-05-10 08:35:59 (1283616) [INFO]	Progress: 26%
2026-05-10 08:36:00 (1283616) [INFO]	Progress: 27%
2026-05-10 08:36:02 (1283616) [INFO]	Progress: 28%
2026-05-10 08:36:03 (1283616) [INFO]	Progress: 29%
2026-05-10 08:36:04 (1283616) [INFO]	Progress: 30%
2026-05-10 08:36:04 (1283616) [INFO]	Progress: 31%
2026-05-10 08:36:06 (1283616) [INFO]	Progress: 32%
2026-05-10 08:36:14 (1283616) [INFO]	Progress: 33%
2026-05-10 08:36:22 (1283616) [INFO]	Progress: 35%
2026-05-10 08:36:24 (1283616) [INFO]	Progress: 38%
2026-05-10 08:36:28 (1283616) [INFO]	Progress: 39%
2026-05-10 08:36:28 (1283616) [INFO]	Progress: 40%
2026-05-10 08:36:29 (1283616) [INFO]	Progress: 42%
2026-05-10 08:36:30 (1283616) [INFO]	Progress: 43%
2026-05-10 08:36:31 (1283616) [INFO]	Progress: 46%
2026-05-10 08:36:33 (1283616) [INFO]	Progress: 47%
2026-05-10 08:36:43 (1283616) [INFO]	Progress: 48%
2026-05-10 08:36:45 (1283616) [INFO]	Progress: 49%
2026-05-10 08:36:49 (1283616) [INFO]	Progress: 50%
2026-05-10 08:36:51 (1283616) [INFO]	Progress: 51%
2026-05-10 08:36:52 (1283616) [INFO]	Progress: 52%
2026-05-10 08:36:53 (1283616) [INFO]	Progress: 53%
2026-05-10 08:36:55 (1283616) [INFO]	Progress: 55%
2026-05-10 08:36:57 (1283616) [INFO]	Progress: 57%
2026-05-10 08:36:58 (1283616) [INFO]	Progress: 58%
2026-05-10 08:36:59 (1283616) [INFO]	Progress: 59%
2026-05-10 08:37:00 (1283616) [INFO]	Progress: 60%
2026-05-10 08:37:01 (1283616) [INFO]	Progress: 61%
2026-05-10 08:37:02 (1283616) [INFO]	Progress: 62%
2026-05-10 08:37:07 (1283616) [INFO]	Progress: 63%
2026-05-10 08:37:10 (1283616) [INFO]	Progress: 64%
2026-05-10 08:37:15 (1283616) [INFO]	Progress: 65%
2026-05-10 08:37:17 (1283616) [INFO]	Progress: 66%
2026-05-10 08:37:20 (1283616) [INFO]	Progress: 67%
2026-05-10 08:37:22 (1283616) [INFO]	Progress: 68%
2026-05-10 08:37:23 (1283616) [INFO]	Progress: 70%
2026-05-10 08:37:24 (1283616) [INFO]	Progress: 71%
2026-05-10 08:37:25 (1283616) [INFO]	Progress: 72%
2026-05-10 08:37:25 (1283616) [INFO]	Progress: 73%
2026-05-10 08:37:26 (1283616) [INFO]	Progress: 76%
2026-05-10 08:37:29 (1283616) [INFO]	Progress: 77%
2026-05-10 08:37:31 (1283616) [INFO]	Progress: 78%
2026-05-10 08:37:35 (1283616) [INFO]	Progress: 79%
2026-05-10 08:37:44 (1283616) [INFO]	Progress: 80%
2026-05-10 08:37:47 (1283616) [INFO]	Progress: 81%
2026-05-10 08:37:48 (1283616) [INFO]	Progress: 82%
2026-05-10 08:37:51 (1283616) [INFO]	Progress: 83%
2026-05-10 08:37:51 (1283616) [INFO]	Progress: 84%
2026-05-10 08:37:52 (1283616) [INFO]	Progress: 85%
2026-05-10 08:37:53 (1283616) [INFO]	Progress: 86%
2026-05-10 08:37:55 (1283616) [INFO]	Progress: 87%
2026-05-10 08:37:56 (1283616) [INFO]	Progress: 88%
2026-05-10 08:37:56 (1283616) [INFO]	Progress: 89%
2026-05-10 08:37:57 (1283616) [INFO]	Progress: 90%
2026-05-10 08:38:00 (1283616) [INFO]	Progress: 91%
2026-05-10 08:38:01 (1283616) [INFO]	Progress: 92%
2026-05-10 08:38:04 (1283616) [INFO]	Progress: 93%
2026-05-10 08:38:05 (1283616) [INFO]	Progress: 94%
2026-05-10 08:38:07 (1283616) [INFO]	Progress: 95%
2026-05-10 08:38:08 (1283616) [INFO]	Progress: 96%
2026-05-10 08:38:09 (1283616) [INFO]	Progress: 97%
2026-05-10 08:38:11 (1283616) [INFO]	Progress: 99%
2026-05-10 08:38:16 (1283616) [INFO]	Progress: 100%

2026-05-10 08:38:16 (1283616) [INFO]	Counting reads in nonpeak regions
2026-05-10 08:38:17 (1283616) [INFO]	Progress: 0%
2026-05-10 08:38:25 (1283616) [INFO]	Progress: 1%
2026-05-10 08:38:25 (1283616) [INFO]	Progress: 2%
2026-05-10 08:38:26 (1283616) [INFO]	Progress: 6%
2026-05-10 08:38:28 (1283616) [INFO]	Progress: 10%
2026-05-10 08:38:28 (1283616) [INFO]	Progress: 12%
2026-05-10 08:38:29 (1283616) [INFO]	Progress: 15%
2026-05-10 08:38:29 (1283616) [INFO]	Progress: 16%
2026-05-10 08:38:33 (1283616) [INFO]	Progress: 17%
2026-05-10 08:38:33 (1283616) [INFO]	Progress: 18%
2026-05-10 08:38:34 (1283616) [INFO]	Progress: 19%
2026-05-10 08:38:35 (1283616) [INFO]	Progress: 20%
2026-05-10 08:38:36 (1283616) [INFO]	Progress: 21%
2026-05-10 08:38:37 (1283616) [INFO]	Progress: 22%
2026-05-10 08:38:38 (1283616) [INFO]	Progress: 24%
2026-05-10 08:38:39 (1283616) [INFO]	Progress: 27%
2026-05-10 08:38:39 (1283616) [INFO]	Progress: 28%
2026-05-10 08:38:40 (1283616) [INFO]	Progress: 29%
2026-05-10 08:38:41 (1283616) [INFO]	Progress: 30%
2026-05-10 08:38:42 (1283616) [INFO]	Progress: 31%
2026-05-10 08:38:42 (1283616) [INFO]	Progress: 32%
2026-05-10 08:38:43 (1283616) [INFO]	Progress: 33%
2026-05-10 08:38:43 (1283616) [INFO]	Progress: 35%
2026-05-10 08:38:45 (1283616) [INFO]	Progress: 36%
2026-05-10 08:38:45 (1283616) [INFO]	Progress: 37%
2026-05-10 08:38:46 (1283616) [INFO]	Progress: 39%
2026-05-10 08:38:47 (1283616) [INFO]	Progress: 41%
2026-05-10 08:38:49 (1283616) [INFO]	Progress: 42%
2026-05-10 08:38:49 (1283616) [INFO]	Progress: 43%
2026-05-10 08:38:50 (1283616) [INFO]	Progress: 44%
2026-05-10 08:38:51 (1283616) [INFO]	Progress: 45%
2026-05-10 08:38:51 (1283616) [INFO]	Progress: 46%
2026-05-10 08:38:52 (1283616) [INFO]	Progress: 47%
2026-05-10 08:38:53 (1283616) [INFO]	Progress: 51%
2026-05-10 08:38:54 (1283616) [INFO]	Progress: 52%
2026-05-10 08:38:55 (1283616) [INFO]	Progress: 53%
2026-05-10 08:38:56 (1283616) [INFO]	Progress: 54%
2026-05-10 08:38:57 (1283616) [INFO]	Progress: 56%
2026-05-10 08:38:57 (1283616) [INFO]	Progress: 57%
2026-05-10 08:38:58 (1283616) [INFO]	Progress: 58%
2026-05-10 08:38:59 (1283616) [INFO]	Progress: 59%
2026-05-10 08:39:02 (1283616) [INFO]	Progress: 60%
2026-05-10 08:39:02 (1283616) [INFO]	Progress: 61%
2026-05-10 08:39:03 (1283616) [INFO]	Progress: 63%
2026-05-10 08:39:03 (1283616) [INFO]	Progress: 65%
2026-05-10 08:39:04 (1283616) [INFO]	Progress: 66%
2026-05-10 08:39:05 (1283616) [INFO]	Progress: 67%
2026-05-10 08:39:06 (1283616) [INFO]	Progress: 68%
2026-05-10 08:39:06 (1283616) [INFO]	Progress: 69%
2026-05-10 08:39:07 (1283616) [INFO]	Progress: 71%
2026-05-10 08:39:07 (1283616) [INFO]	Progress: 74%
2026-05-10 08:39:09 (1283616) [INFO]	Progress: 75%
2026-05-10 08:39:13 (1283616) [INFO]	Progress: 77%
2026-05-10 08:39:13 (1283616) [INFO]	Progress: 80%
2026-05-10 08:39:14 (1283616) [INFO]	Progress: 83%
2026-05-10 08:39:17 (1283616) [INFO]	Progress: 85%
2026-05-10 08:39:17 (1283616) [INFO]	Progress: 87%
2026-05-10 08:39:18 (1283616) [INFO]	Progress: 89%
2026-05-10 08:39:18 (1283616) [INFO]	Progress: 90%
2026-05-10 08:39:19 (1283616) [INFO]	Progress: 91%
2026-05-10 08:39:22 (1283616) [INFO]	Progress: 92%
2026-05-10 08:39:22 (1283616) [INFO]	Progress: 94%
2026-05-10 08:39:24 (1283616) [INFO]	Progress: 96%
2026-05-10 08:39:25 (1283616) [INFO]	Progress: 97%
2026-05-10 08:39:26 (1283616) [INFO]	Progress: 98%
2026-05-10 08:39:26 (1283616) [INFO]	Progress: 99%
2026-05-10 08:39:27 (1283616) [INFO]	Progress: 100%
2026-05-10 08:39:27 (1283616) [STATS]	TOTAL_READS	245658794
2026-05-10 08:39:27 (1283616) [STATS]	PEAK_READS	182011892
2026-05-10 08:39:27 (1283616) [STATS]	NONPEAK_READS	63646902
2026-05-10 08:39:27 (1283616) [STATS]	LIB_NORM	0.04071
2026-05-10 08:39:27 (1283616) [STATS]	FRiP	0.74091
2026-05-10 08:39:27 (1283616) [STATS]	CORRECTION_FACTOR:	0.05494

2026-05-10 08:39:27 (1283616) [INFO]	Started estimation of sequence bias...
2026-05-10 08:39:27 (1283616) [INFO]	Progress: 0%
2026-05-10 08:39:39 (1283616) [INFO]	Progress: 1%
2026-05-10 08:39:41 (1283616) [INFO]	Progress: 5%
2026-05-10 08:39:42 (1283616) [INFO]	Progress: 6%
2026-05-10 08:39:42 (1283616) [INFO]	Progress: 7%
2026-05-10 08:39:43 (1283616) [INFO]	Progress: 10%
2026-05-10 08:39:44 (1283616) [INFO]	Progress: 12%
2026-05-10 08:39:44 (1283616) [INFO]	Progress: 13%
2026-05-10 08:39:45 (1283616) [INFO]	Progress: 15%
2026-05-10 08:39:47 (1283616) [INFO]	Progress: 16%
2026-05-10 08:39:51 (1283616) [INFO]	Progress: 18%
2026-05-10 08:39:52 (1283616) [INFO]	Progress: 19%
2026-05-10 08:39:56 (1283616) [INFO]	Progress: 20%
2026-05-10 08:39:57 (1283616) [INFO]	Progress: 21%
2026-05-10 08:39:57 (1283616) [INFO]	Progress: 22%
2026-05-10 08:39:58 (1283616) [INFO]	Progress: 23%
2026-05-10 08:39:58 (1283616) [INFO]	Progress: 24%
2026-05-10 08:40:00 (1283616) [INFO]	Progress: 25%
2026-05-10 08:40:00 (1283616) [INFO]	Progress: 27%
2026-05-10 08:40:01 (1283616) [INFO]	Progress: 28%
2026-05-10 08:40:02 (1283616) [INFO]	Progress: 29%
2026-05-10 08:40:02 (1283616) [INFO]	Progress: 31%
2026-05-10 08:40:04 (1283616) [INFO]	Progress: 32%
2026-05-10 08:40:05 (1283616) [INFO]	Progress: 33%
2026-05-10 08:40:06 (1283616) [INFO]	Progress: 34%
2026-05-10 08:40:09 (1283616) [INFO]	Progress: 35%
2026-05-10 08:40:09 (1283616) [INFO]	Progress: 36%
2026-05-10 08:40:10 (1283616) [INFO]	Progress: 37%
2026-05-10 08:40:11 (1283616) [INFO]	Progress: 38%
2026-05-10 08:40:12 (1283616) [INFO]	Progress: 39%
2026-05-10 08:40:14 (1283616) [INFO]	Progress: 40%
2026-05-10 08:40:14 (1283616) [INFO]	Progress: 42%
2026-05-10 08:40:16 (1283616) [INFO]	Progress: 43%
2026-05-10 08:40:17 (1283616) [INFO]	Progress: 45%
2026-05-10 08:40:18 (1283616) [INFO]	Progress: 47%
2026-05-10 08:40:19 (1283616) [INFO]	Progress: 49%
2026-05-10 08:40:20 (1283616) [INFO]	Progress: 50%
2026-05-10 08:40:23 (1283616) [INFO]	Progress: 51%
2026-05-10 08:40:24 (1283616) [INFO]	Progress: 52%
2026-05-10 08:40:25 (1283616) [INFO]	Progress: 53%
2026-05-10 08:40:28 (1283616) [INFO]	Progress: 54%
2026-05-10 08:40:29 (1283616) [INFO]	Progress: 55%
2026-05-10 08:40:29 (1283616) [INFO]	Progress: 56%
2026-05-10 08:40:30 (1283616) [INFO]	Progress: 59%
2026-05-10 08:40:32 (1283616) [INFO]	Progress: 60%
2026-05-10 08:40:34 (1283616) [INFO]	Progress: 63%
2026-05-10 08:40:36 (1283616) [INFO]	Progress: 65%
2026-05-10 08:40:37 (1283616) [INFO]	Progress: 66%
2026-05-10 08:40:39 (1283616) [INFO]	Progress: 67%
2026-05-10 08:40:40 (1283616) [INFO]	Progress: 68%
2026-05-10 08:40:40 (1283616) [INFO]	Progress: 69%
2026-05-10 08:40:42 (1283616) [INFO]	Progress: 70%
2026-05-10 08:40:44 (1283616) [INFO]	Progress: 72%
2026-05-10 08:40:45 (1283616) [INFO]	Progress: 73%
2026-05-10 08:40:46 (1283616) [INFO]	Progress: 74%
2026-05-10 08:40:47 (1283616) [INFO]	Progress: 76%
2026-05-10 08:40:49 (1283616) [INFO]	Progress: 77%
2026-05-10 08:40:50 (1283616) [INFO]	Progress: 78%
2026-05-10 08:40:51 (1283616) [INFO]	Progress: 79%
2026-05-10 08:40:52 (1283616) [INFO]	Progress: 80%
2026-05-10 08:40:52 (1283616) [INFO]	Progress: 81%
2026-05-10 08:40:53 (1283616) [INFO]	Progress: 82%
2026-05-10 08:40:54 (1283616) [INFO]	Progress: 83%
2026-05-10 08:40:54 (1283616) [INFO]	Progress: 84%
2026-05-10 08:41:00 (1283616) [INFO]	Progress: 85%
2026-05-10 08:41:01 (1283616) [INFO]	Progress: 87%
2026-05-10 08:41:02 (1283616) [INFO]	Progress: 88%
2026-05-10 08:41:03 (1283616) [INFO]	Progress: 89%
2026-05-10 08:41:04 (1283616) [INFO]	Progress: 91%
2026-05-10 08:41:05 (1283616) [INFO]	Progress: 93%
2026-05-10 08:41:06 (1283616) [INFO]	Progress: 94%
2026-05-10 08:41:06 (1283616) [INFO]	Progress: 95%
2026-05-10 08:41:08 (1283616) [INFO]	Progress: 96%
2026-05-10 08:41:11 (1283616) [INFO]	Progress: 97%
2026-05-10 08:41:14 (1283616) [INFO]	Progress: 98%
2026-05-10 08:41:14 (1283616) [INFO]	Progress: 99%
2026-05-10 08:41:16 (1283616) [INFO]	Progress: 100%
2026-05-10 08:41:16 (1283616) [INFO]	Finalizing bias motif for scoring

2026-05-10 08:41:17 (1283616) [INFO]	----- Correcting reads from .bam within output regions -----
2026-05-10 08:41:18 (1283616) [INFO]	Correction progress: 0%
2026-05-10 08:47:59 (1283616) [INFO]	Correction progress: 1.0%
2026-05-10 08:48:21 (1283616) [INFO]	Correction progress: 2.0%
2026-05-10 08:48:23 (1283616) [INFO]	Correction progress: 3.0%
2026-05-10 08:48:25 (1283616) [INFO]	Correction progress: 4.0%
2026-05-10 08:48:38 (1283616) [INFO]	Correction progress: 5.0%
2026-05-10 08:48:46 (1283616) [INFO]	Correction progress: 6.0%
2026-05-10 08:48:46 (1283616) [INFO]	Correction progress: 7.0%
2026-05-10 08:49:01 (1283616) [INFO]	Correction progress: 8.0%
2026-05-10 08:49:03 (1283616) [INFO]	Correction progress: 9.0%
2026-05-10 08:49:16 (1283616) [INFO]	Correction progress: 10.0%
2026-05-10 08:49:39 (1283616) [INFO]	Correction progress: 11.0%
2026-05-10 08:49:46 (1283616) [INFO]	Correction progress: 12.0%
2026-05-10 08:49:51 (1283616) [INFO]	Correction progress: 13.0%
2026-05-10 08:50:13 (1283616) [INFO]	Correction progress: 14.0%
2026-05-10 08:50:48 (1283616) [INFO]	Correction progress: 15.0%
2026-05-10 08:54:47 (1283616) [INFO]	Correction progress: 16.0%
2026-05-10 08:55:27 (1283616) [INFO]	Correction progress: 17.0%
2026-05-10 08:55:36 (1283616) [INFO]	Correction progress: 18.0%
2026-05-10 08:55:45 (1283616) [INFO]	Correction progress: 19.0%
2026-05-10 08:55:46 (1283616) [INFO]	Correction progress: 20.0%
2026-05-10 08:55:50 (1283616) [INFO]	Correction progress: 21.0%
2026-05-10 08:56:05 (1283616) [INFO]	Correction progress: 22.0%
2026-05-10 08:56:06 (1283616) [INFO]	Correction progress: 23.0%
2026-05-10 08:56:40 (1283616) [INFO]	Correction progress: 25.0%
2026-05-10 08:56:54 (1283616) [INFO]	Correction progress: 26.0%
2026-05-10 08:57:03 (1283616) [INFO]	Correction progress: 27.0%
2026-05-10 08:57:04 (1283616) [INFO]	Correction progress: 28.0%
2026-05-10 08:57:33 (1283616) [INFO]	Correction progress: 29.0%
2026-05-10 08:58:29 (1283616) [INFO]	Correction progress: 30.0%
2026-05-10 09:01:29 (1283616) [INFO]	Correction progress: 31.0%
2026-05-10 09:02:40 (1283616) [INFO]	Correction progress: 32.0%
2026-05-10 09:02:51 (1283616) [INFO]	Correction progress: 33.0%
2026-05-10 09:03:09 (1283616) [INFO]	Correction progress: 34.0%
2026-05-10 09:03:29 (1283616) [INFO]	Correction progress: 35.0%
2026-05-10 09:03:31 (1283616) [INFO]	Correction progress: 36.0%
2026-05-10 09:03:43 (1283616) [INFO]	Correction progress: 37.0%
2026-05-10 09:03:54 (1283616) [INFO]	Correction progress: 38.0%
2026-05-10 09:04:40 (1283616) [INFO]	Correction progress: 39.0%
2026-05-10 09:04:59 (1283616) [INFO]	Correction progress: 40.0%
2026-05-10 09:05:20 (1283616) [INFO]	Correction progress: 41.0%
2026-05-10 09:05:21 (1283616) [INFO]	Correction progress: 42.0%
2026-05-10 09:05:40 (1283616) [INFO]	Correction progress: 43.0%
2026-05-10 09:05:43 (1283616) [INFO]	Correction progress: 44.0%
2026-05-10 09:07:07 (1283616) [INFO]	Correction progress: 45.0%
2026-05-10 09:08:07 (1283616) [INFO]	Correction progress: 46.0%
2026-05-10 09:09:27 (1283616) [INFO]	Correction progress: 47.0%
2026-05-10 09:09:54 (1283616) [INFO]	Correction progress: 48.0%
2026-05-10 09:10:13 (1283616) [INFO]	Correction progress: 49.0%
2026-05-10 09:10:27 (1283616) [INFO]	Correction progress: 50.0%
2026-05-10 09:11:15 (1283616) [INFO]	Correction progress: 51.0%
2026-05-10 09:11:25 (1283616) [INFO]	Correction progress: 52.0%
2026-05-10 09:11:33 (1283616) [INFO]	Correction progress: 53.0%
2026-05-10 09:11:38 (1283616) [INFO]	Correction progress: 54.0%
2026-05-10 09:12:06 (1283616) [INFO]	Correction progress: 55.0%
2026-05-10 09:12:24 (1283616) [INFO]	Correction progress: 56.0%
2026-05-10 09:12:26 (1283616) [INFO]	Correction progress: 57.0%
2026-05-10 09:13:14 (1283616) [INFO]	Correction progress: 58.0%
2026-05-10 09:13:33 (1283616) [INFO]	Correction progress: 59.0%
2026-05-10 09:14:31 (1283616) [INFO]	Correction progress: 60.0%
2026-05-10 09:14:54 (1283616) [INFO]	Correction progress: 61.0%
2026-05-10 09:16:34 (1283616) [INFO]	Correction progress: 62.0%
2026-05-10 09:16:45 (1283616) [INFO]	Correction progress: 63.0%
2026-05-10 09:17:46 (1283616) [INFO]	Correction progress: 64.0%
2026-05-10 09:18:03 (1283616) [INFO]	Correction progress: 65.0%
2026-05-10 09:18:15 (1283616) [INFO]	Correction progress: 66.0%
2026-05-10 09:18:55 (1283616) [INFO]	Correction progress: 67.0%
2026-05-10 09:19:02 (1283616) [INFO]	Correction progress: 68.0%
2026-05-10 09:19:11 (1283616) [INFO]	Correction progress: 69.0%
2026-05-10 09:19:20 (1283616) [INFO]	Correction progress: 70.0%
2026-05-10 09:19:41 (1283616) [INFO]	Correction progress: 71.0%
2026-05-10 09:20:07 (1283616) [INFO]	Correction progress: 72.0%
2026-05-10 09:21:07 (1283616) [INFO]	Correction progress: 73.0%
2026-05-10 09:21:12 (1283616) [INFO]	Correction progress: 74.0%
2026-05-10 09:23:20 (1283616) [INFO]	Correction progress: 75.0%
2026-05-10 09:23:24 (1283616) [INFO]	Correction progress: 76.0%
2026-05-10 09:23:51 (1283616) [INFO]	Correction progress: 77.0%
2026-05-10 09:24:00 (1283616) [INFO]	Correction progress: 78.0%
2026-05-10 09:24:26 (1283616) [INFO]	Correction progress: 79.0%
2026-05-10 09:26:22 (1283616) [INFO]	Correction progress: 80.0%
2026-05-10 09:26:30 (1283616) [INFO]	Correction progress: 81.0%
2026-05-10 09:26:42 (1283616) [INFO]	Correction progress: 82.0%
2026-05-10 09:27:07 (1283616) [INFO]	Correction progress: 83.0%
2026-05-10 09:27:20 (1283616) [INFO]	Correction progress: 84.0%
2026-05-10 09:27:50 (1283616) [INFO]	Correction progress: 85.0%
2026-05-10 09:28:01 (1283616) [INFO]	Correction progress: 86.0%
2026-05-10 09:28:05 (1283616) [INFO]	Correction progress: 87.0%
2026-05-10 09:28:08 (1283616) [INFO]	Correction progress: 88.0%
2026-05-10 09:29:22 (1283616) [INFO]	Correction progress: 89.0%
2026-05-10 09:30:46 (1283616) [INFO]	Correction progress: 90.0%
2026-05-10 09:31:18 (1283616) [INFO]	Correction progress: 91.0%
2026-05-10 09:31:40 (1283616) [INFO]	Correction progress: 92.0%
2026-05-10 09:31:49 (1283616) [INFO]	Correction progress: 93.0%
2026-05-10 09:32:08 (1283616) [INFO]	Correction progress: 94.0%
2026-05-10 09:32:54 (1283616) [INFO]	Correction progress: 95.0%
2026-05-10 09:32:58 (1283616) [INFO]	Correction progress: 96.0%
2026-05-10 09:33:10 (1283616) [INFO]	Correction progress: 97.0%
2026-05-10 09:33:11 (1283616) [INFO]	Correction progress: 98.0%
2026-05-10 09:33:35 (1283616) [INFO]	Correction progress: 99.0%
2026-05-10 09:34:04 (1283616) [INFO]	Correction progress: 100.0%
2026-05-10 09:34:04 (1283616) [INFO]	Correction progress: done!
2026-05-10 09:34:05 (1285736) [INFO]	Closing /pl/active/getahun_lab/Project_tbet_ATACseq/TOBIAS/ATACorrect_Output/LA21G_KO.merged/LA21G_KO.merged_uncorrected.bw (this might take some time)
2026-05-10 09:34:39 (1285736) [INFO]	Closing /pl/active/getahun_lab/Project_tbet_ATACseq/TOBIAS/ATACorrect_Output/LA21G_KO.merged/LA21G_KO.merged_bias.bw (this might take some time)
2026-05-10 09:36:27 (1285736) [INFO]	Closing /pl/active/getahun_lab/Project_tbet_ATACseq/TOBIAS/ATACorrect_Output/LA21G_KO.merged/LA21G_KO.merged_expected.bw (this might take some time)
2026-05-10 09:37:53 (1285736) [INFO]	Closing /pl/active/getahun_lab/Project_tbet_ATACseq/TOBIAS/ATACorrect_Output/LA21G_KO.merged/LA21G_KO.merged_corrected.bw (this might take some time)

2026-05-10 09:39:15 (1283616) [INFO]	Verifying bias correction
2026-05-10 09:39:15 (1283616) [STATS]	BIAS	pre-bias variance forward:	0.0041505
2026-05-10 09:39:15 (1283616) [STATS]	BIAS	post-bias variance forward:	0.0000837
2026-05-10 09:39:15 (1283616) [STATS]	BIAS	pre-bias variance reverse:	0.0041479
2026-05-10 09:39:15 (1283616) [STATS]	BIAS	post-bias variance reverse:	0.0000835

2026-05-10 09:39:15 (1283616) [INFO]	Finished ATACorrect run (total time elapsed: 1:04:24.477429)
Finished ATACorrect
Sun May 10 09:39:16 MDT 2026
