Starting TOBIAS ATACorrect
Sun May 10 07:42:53 MDT 2026
Processing LA21_WT.merged
# TOBIAS 0.17.3 ATACorrect (run started 2026-05-10 07:43:10.300132)
# Working directory: /projects/svankamamidi@xsede.org/Project_Tbet_ATACseq/2_TOBIAS_scripts
# Command line call: TOBIAS ATACorrect --bam /pl/active/getahun_lab/Project_tbet_ATACseq/merged_bams/LA21_WT.merged.bam --genome /pl/active/getahun_lab/atacseq_refdata/genomes/mm10_primary/mm10.fa --peaks /pl/active/getahun_lab/Project_tbet_ATACseq/consensus_peaks/ALL8_union_peaks.bed --blacklist /pl/active/getahun_lab/atacseq_refdata/genomes/mm10_primary/mm10-blacklist.v2.bed --outdir /pl/active/getahun_lab/Project_tbet_ATACseq/TOBIAS/ATACorrect_Output2/LA21_WT.merged --cores 16

# ----- Input parameters -----
# bam:	/pl/active/getahun_lab/Project_tbet_ATACseq/merged_bams/LA21_WT.merged.bam
# genome:	/pl/active/getahun_lab/atacseq_refdata/genomes/mm10_primary/mm10.fa
# peaks:	/pl/active/getahun_lab/Project_tbet_ATACseq/consensus_peaks/ALL8_union_peaks.bed
# regions_in:	None
# regions_out:	None
# blacklist:	/pl/active/getahun_lab/atacseq_refdata/genomes/mm10_primary/mm10-blacklist.v2.bed
# extend:	100
# split_strands:	False
# norm_off:	False
# track_off:	[]
# drop_chroms:	['chrM', 'chrMT', 'M', 'MT', 'Mito']
# k_flank:	12
# read_shift:	[4, -5]
# bg_shift:	100
# window:	100
# score_mat:	DWM
# bias_pkl:	None
# prefix:	LA21_WT.merged
# outdir:	/pl/active/getahun_lab/Project_tbet_ATACseq/TOBIAS/ATACorrect_Output2/LA21_WT.merged
# cores:	16
# split:	100
# verbosity:	3


# ----- Output files -----
# /pl/active/getahun_lab/Project_tbet_ATACseq/TOBIAS/ATACorrect_Output2/LA21_WT.merged/LA21_WT.merged_uncorrected.bw
# /pl/active/getahun_lab/Project_tbet_ATACseq/TOBIAS/ATACorrect_Output2/LA21_WT.merged/LA21_WT.merged_bias.bw
# /pl/active/getahun_lab/Project_tbet_ATACseq/TOBIAS/ATACorrect_Output2/LA21_WT.merged/LA21_WT.merged_expected.bw
# /pl/active/getahun_lab/Project_tbet_ATACseq/TOBIAS/ATACorrect_Output2/LA21_WT.merged/LA21_WT.merged_corrected.bw
# /pl/active/getahun_lab/Project_tbet_ATACseq/TOBIAS/ATACorrect_Output2/LA21_WT.merged/LA21_WT.merged_atacorrect.pdf


2026-05-10 07:43:10 (2123632) [INFO]	----- Processing input data -----
2026-05-10 07:43:10 (2123632) [INFO]	Reading info from .bam file
2026-05-10 07:43:10 (2123632) [INFO]	Reading info from .fasta file
2026-05-10 07:43:10 (2123632) [WARNING]	No additional chromosomes were removed. Consider using '--drop-chroms' to remove mitochondrial and/or other unwanted contigs.
2026-05-10 07:43:10 (2123632) [INFO]	Processing input/output regions
2026-05-10 07:43:16 (2123632) [STATS]	genome: 65 regions | 2730855475 bp | 100.00% coverage
2026-05-10 07:43:16 (2123632) [STATS]	input_regions: 197429 regions | 2222858375 bp | 81.40% coverage
2026-05-10 07:43:16 (2123632) [STATS]	output_regions: 145146 regions | 301639521 bp | 11.05% coverage
2026-05-10 07:43:16 (2123632) [STATS]	peak_regions: 168236 regions | 269019900 bp | 9.85% coverage
2026-05-10 07:43:16 (2123632) [STATS]	nonpeak_regions: 197429 regions | 2222858375 bp | 81.40% coverage
2026-05-10 07:43:16 (2123632) [STATS]	blacklist_regions: 3435 regions | 238977200 bp | 8.75% coverage

2026-05-10 07:43:16 (2123632) [INFO]	----- Estimating normalization factors -----
2026-05-10 07:43:16 (2123632) [INFO]	Counting reads in peak regions
2026-05-10 07:43:16 (2123632) [INFO]	Progress: 0%
2026-05-10 07:43:25 (2123632) [INFO]	Progress: 1%
2026-05-10 07:43:26 (2123632) [INFO]	Progress: 4%
2026-05-10 07:43:26 (2123632) [INFO]	Progress: 5%
2026-05-10 07:43:27 (2123632) [INFO]	Progress: 6%
2026-05-10 07:43:27 (2123632) [INFO]	Progress: 7%
2026-05-10 07:43:28 (2123632) [INFO]	Progress: 11%
2026-05-10 07:43:28 (2123632) [INFO]	Progress: 13%
2026-05-10 07:43:29 (2123632) [INFO]	Progress: 14%
2026-05-10 07:43:30 (2123632) [INFO]	Progress: 15%
2026-05-10 07:43:32 (2123632) [INFO]	Progress: 16%
2026-05-10 07:43:35 (2123632) [INFO]	Progress: 17%
2026-05-10 07:43:35 (2123632) [INFO]	Progress: 18%
2026-05-10 07:43:36 (2123632) [INFO]	Progress: 20%
2026-05-10 07:43:38 (2123632) [INFO]	Progress: 21%
2026-05-10 07:43:38 (2123632) [INFO]	Progress: 25%
2026-05-10 07:43:39 (2123632) [INFO]	Progress: 27%
2026-05-10 07:43:39 (2123632) [INFO]	Progress: 28%
2026-05-10 07:43:40 (2123632) [INFO]	Progress: 29%
2026-05-10 07:43:40 (2123632) [INFO]	Progress: 30%
2026-05-10 07:43:42 (2123632) [INFO]	Progress: 32%
2026-05-10 07:43:43 (2123632) [INFO]	Progress: 33%
2026-05-10 07:43:45 (2123632) [INFO]	Progress: 34%
2026-05-10 07:43:47 (2123632) [INFO]	Progress: 35%
2026-05-10 07:43:48 (2123632) [INFO]	Progress: 37%
2026-05-10 07:43:48 (2123632) [INFO]	Progress: 41%
2026-05-10 07:43:49 (2123632) [INFO]	Progress: 42%
2026-05-10 07:43:50 (2123632) [INFO]	Progress: 43%
2026-05-10 07:43:50 (2123632) [INFO]	Progress: 45%
2026-05-10 07:43:51 (2123632) [INFO]	Progress: 47%
2026-05-10 07:43:54 (2123632) [INFO]	Progress: 48%
2026-05-10 07:43:55 (2123632) [INFO]	Progress: 49%
2026-05-10 07:43:57 (2123632) [INFO]	Progress: 51%
2026-05-10 07:43:58 (2123632) [INFO]	Progress: 52%
2026-05-10 07:43:58 (2123632) [INFO]	Progress: 54%
2026-05-10 07:43:59 (2123632) [INFO]	Progress: 57%
2026-05-10 07:43:59 (2123632) [INFO]	Progress: 58%
2026-05-10 07:44:00 (2123632) [INFO]	Progress: 60%
2026-05-10 07:44:01 (2123632) [INFO]	Progress: 62%
2026-05-10 07:44:03 (2123632) [INFO]	Progress: 63%
2026-05-10 07:44:04 (2123632) [INFO]	Progress: 64%
2026-05-10 07:44:06 (2123632) [INFO]	Progress: 65%
2026-05-10 07:44:06 (2123632) [INFO]	Progress: 66%
2026-05-10 07:44:07 (2123632) [INFO]	Progress: 67%
2026-05-10 07:44:08 (2123632) [INFO]	Progress: 68%
2026-05-10 07:44:08 (2123632) [INFO]	Progress: 69%
2026-05-10 07:44:09 (2123632) [INFO]	Progress: 75%
2026-05-10 07:44:10 (2123632) [INFO]	Progress: 76%
2026-05-10 07:44:10 (2123632) [INFO]	Progress: 77%
2026-05-10 07:44:11 (2123632) [INFO]	Progress: 78%
2026-05-10 07:44:13 (2123632) [INFO]	Progress: 79%
2026-05-10 07:44:16 (2123632) [INFO]	Progress: 80%
2026-05-10 07:44:17 (2123632) [INFO]	Progress: 81%
2026-05-10 07:44:18 (2123632) [INFO]	Progress: 82%
2026-05-10 07:44:18 (2123632) [INFO]	Progress: 83%
2026-05-10 07:44:19 (2123632) [INFO]	Progress: 86%
2026-05-10 07:44:20 (2123632) [INFO]	Progress: 87%
2026-05-10 07:44:20 (2123632) [INFO]	Progress: 90%
2026-05-10 07:44:23 (2123632) [INFO]	Progress: 92%
2026-05-10 07:44:23 (2123632) [INFO]	Progress: 94%
2026-05-10 07:44:24 (2123632) [INFO]	Progress: 95%
2026-05-10 07:44:25 (2123632) [INFO]	Progress: 96%
2026-05-10 07:44:26 (2123632) [INFO]	Progress: 98%
2026-05-10 07:44:26 (2123632) [INFO]	Progress: 99%
2026-05-10 07:44:28 (2123632) [INFO]	Progress: 100%

2026-05-10 07:44:28 (2123632) [INFO]	Counting reads in nonpeak regions
2026-05-10 07:44:28 (2123632) [INFO]	Progress: 0%
2026-05-10 07:44:32 (2123632) [INFO]	Progress: 4%
2026-05-10 07:44:32 (2123632) [INFO]	Progress: 10%
2026-05-10 07:44:33 (2123632) [INFO]	Progress: 16%
2026-05-10 07:44:34 (2123632) [INFO]	Progress: 17%
2026-05-10 07:44:35 (2123632) [INFO]	Progress: 19%
2026-05-10 07:44:35 (2123632) [INFO]	Progress: 20%
2026-05-10 07:44:36 (2123632) [INFO]	Progress: 23%
2026-05-10 07:44:36 (2123632) [INFO]	Progress: 28%
2026-05-10 07:44:37 (2123632) [INFO]	Progress: 30%
2026-05-10 07:44:37 (2123632) [INFO]	Progress: 33%
2026-05-10 07:44:38 (2123632) [INFO]	Progress: 34%
2026-05-10 07:44:39 (2123632) [INFO]	Progress: 37%
2026-05-10 07:44:39 (2123632) [INFO]	Progress: 39%
2026-05-10 07:44:40 (2123632) [INFO]	Progress: 44%
2026-05-10 07:44:40 (2123632) [INFO]	Progress: 45%
2026-05-10 07:44:41 (2123632) [INFO]	Progress: 49%
2026-05-10 07:44:41 (2123632) [INFO]	Progress: 50%
2026-05-10 07:44:42 (2123632) [INFO]	Progress: 51%
2026-05-10 07:44:43 (2123632) [INFO]	Progress: 54%
2026-05-10 07:44:43 (2123632) [INFO]	Progress: 59%
2026-05-10 07:44:44 (2123632) [INFO]	Progress: 60%
2026-05-10 07:44:44 (2123632) [INFO]	Progress: 62%
2026-05-10 07:44:45 (2123632) [INFO]	Progress: 64%
2026-05-10 07:44:45 (2123632) [INFO]	Progress: 66%
2026-05-10 07:44:46 (2123632) [INFO]	Progress: 69%
2026-05-10 07:44:46 (2123632) [INFO]	Progress: 70%
2026-05-10 07:44:47 (2123632) [INFO]	Progress: 72%
2026-05-10 07:44:47 (2123632) [INFO]	Progress: 75%
2026-05-10 07:44:48 (2123632) [INFO]	Progress: 76%
2026-05-10 07:44:48 (2123632) [INFO]	Progress: 79%
2026-05-10 07:44:49 (2123632) [INFO]	Progress: 83%
2026-05-10 07:44:49 (2123632) [INFO]	Progress: 84%
2026-05-10 07:44:50 (2123632) [INFO]	Progress: 85%
2026-05-10 07:44:50 (2123632) [INFO]	Progress: 87%
2026-05-10 07:44:51 (2123632) [INFO]	Progress: 88%
2026-05-10 07:44:51 (2123632) [INFO]	Progress: 92%
2026-05-10 07:44:52 (2123632) [INFO]	Progress: 95%
2026-05-10 07:44:52 (2123632) [INFO]	Progress: 96%
2026-05-10 07:44:53 (2123632) [INFO]	Progress: 98%
2026-05-10 07:44:53 (2123632) [INFO]	Progress: 100%
2026-05-10 07:44:53 (2123632) [STATS]	TOTAL_READS	115016124
2026-05-10 07:44:53 (2123632) [STATS]	PEAK_READS	82750336
2026-05-10 07:44:53 (2123632) [STATS]	NONPEAK_READS	32265788
2026-05-10 07:44:53 (2123632) [STATS]	LIB_NORM	0.08694
2026-05-10 07:44:53 (2123632) [STATS]	FRiP	0.71947
2026-05-10 07:44:53 (2123632) [STATS]	CORRECTION_FACTOR:	0.12085

2026-05-10 07:44:53 (2123632) [INFO]	Started estimation of sequence bias...
2026-05-10 07:44:54 (2123632) [INFO]	Progress: 0%
2026-05-10 07:44:58 (2123632) [INFO]	Progress: 1%
2026-05-10 07:44:59 (2123632) [INFO]	Progress: 6%
2026-05-10 07:45:00 (2123632) [INFO]	Progress: 11%
2026-05-10 07:45:00 (2123632) [INFO]	Progress: 13%
2026-05-10 07:45:01 (2123632) [INFO]	Progress: 16%
2026-05-10 07:45:02 (2123632) [INFO]	Progress: 17%
2026-05-10 07:45:03 (2123632) [INFO]	Progress: 19%
2026-05-10 07:45:04 (2123632) [INFO]	Progress: 20%
2026-05-10 07:45:05 (2123632) [INFO]	Progress: 22%
2026-05-10 07:45:05 (2123632) [INFO]	Progress: 25%
2026-05-10 07:45:06 (2123632) [INFO]	Progress: 26%
2026-05-10 07:45:06 (2123632) [INFO]	Progress: 27%
2026-05-10 07:45:07 (2123632) [INFO]	Progress: 31%
2026-05-10 07:45:07 (2123632) [INFO]	Progress: 33%
2026-05-10 07:45:09 (2123632) [INFO]	Progress: 35%
2026-05-10 07:45:09 (2123632) [INFO]	Progress: 36%
2026-05-10 07:45:10 (2123632) [INFO]	Progress: 38%
2026-05-10 07:45:10 (2123632) [INFO]	Progress: 40%
2026-05-10 07:45:11 (2123632) [INFO]	Progress: 41%
2026-05-10 07:45:11 (2123632) [INFO]	Progress: 43%
2026-05-10 07:45:12 (2123632) [INFO]	Progress: 45%
2026-05-10 07:45:12 (2123632) [INFO]	Progress: 48%
2026-05-10 07:45:13 (2123632) [INFO]	Progress: 49%
2026-05-10 07:45:13 (2123632) [INFO]	Progress: 50%
2026-05-10 07:45:14 (2123632) [INFO]	Progress: 51%
2026-05-10 07:45:14 (2123632) [INFO]	Progress: 53%
2026-05-10 07:45:15 (2123632) [INFO]	Progress: 54%
2026-05-10 07:45:16 (2123632) [INFO]	Progress: 55%
2026-05-10 07:45:16 (2123632) [INFO]	Progress: 59%
2026-05-10 07:45:17 (2123632) [INFO]	Progress: 60%
2026-05-10 07:45:18 (2123632) [INFO]	Progress: 62%
2026-05-10 07:45:18 (2123632) [INFO]	Progress: 65%
2026-05-10 07:45:19 (2123632) [INFO]	Progress: 68%
2026-05-10 07:45:21 (2123632) [INFO]	Progress: 71%
2026-05-10 07:45:21 (2123632) [INFO]	Progress: 73%
2026-05-10 07:45:22 (2123632) [INFO]	Progress: 74%
2026-05-10 07:45:22 (2123632) [INFO]	Progress: 75%
2026-05-10 07:45:23 (2123632) [INFO]	Progress: 76%
2026-05-10 07:45:24 (2123632) [INFO]	Progress: 82%
2026-05-10 07:45:24 (2123632) [INFO]	Progress: 83%
2026-05-10 07:45:26 (2123632) [INFO]	Progress: 85%
2026-05-10 07:45:26 (2123632) [INFO]	Progress: 87%
2026-05-10 07:45:28 (2123632) [INFO]	Progress: 92%
2026-05-10 07:45:28 (2123632) [INFO]	Progress: 93%
2026-05-10 07:45:29 (2123632) [INFO]	Progress: 95%
2026-05-10 07:45:29 (2123632) [INFO]	Progress: 96%
2026-05-10 07:45:30 (2123632) [INFO]	Progress: 97%
2026-05-10 07:45:31 (2123632) [INFO]	Progress: 98%
2026-05-10 07:45:32 (2123632) [INFO]	Progress: 99%
2026-05-10 07:45:33 (2123632) [INFO]	Progress: 100%
2026-05-10 07:45:33 (2123632) [INFO]	Finalizing bias motif for scoring

2026-05-10 07:45:33 (2123632) [INFO]	----- Correcting reads from .bam within output regions -----
2026-05-10 07:45:34 (2123632) [INFO]	Correction progress: 0%
2026-05-10 07:50:22 (2123632) [INFO]	Correction progress: 1.0%
2026-05-10 07:50:32 (2123632) [INFO]	Correction progress: 2.0%
2026-05-10 07:50:33 (2123632) [INFO]	Correction progress: 3.0%
2026-05-10 07:50:36 (2123632) [INFO]	Correction progress: 4.0%
2026-05-10 07:50:39 (2123632) [INFO]	Correction progress: 5.0%
2026-05-10 07:50:45 (2123632) [INFO]	Correction progress: 6.0%
2026-05-10 07:50:55 (2123632) [INFO]	Correction progress: 7.0%
2026-05-10 07:50:59 (2123632) [INFO]	Correction progress: 8.0%
2026-05-10 07:51:03 (2123632) [INFO]	Correction progress: 9.0%
2026-05-10 07:51:09 (2123632) [INFO]	Correction progress: 10.0%
2026-05-10 07:51:28 (2123632) [INFO]	Correction progress: 11.0%
2026-05-10 07:51:32 (2123632) [INFO]	Correction progress: 12.0%
2026-05-10 07:51:37 (2123632) [INFO]	Correction progress: 13.0%
2026-05-10 07:52:05 (2123632) [INFO]	Correction progress: 14.0%
2026-05-10 07:52:18 (2123632) [INFO]	Correction progress: 15.0%
2026-05-10 07:55:22 (2123632) [INFO]	Correction progress: 16.0%
2026-05-10 07:55:57 (2123632) [INFO]	Correction progress: 17.0%
2026-05-10 07:56:09 (2123632) [INFO]	Correction progress: 18.0%
2026-05-10 07:56:14 (2123632) [INFO]	Correction progress: 19.0%
2026-05-10 07:56:15 (2123632) [INFO]	Correction progress: 20.0%
2026-05-10 07:56:23 (2123632) [INFO]	Correction progress: 21.0%
2026-05-10 07:56:28 (2123632) [INFO]	Correction progress: 22.0%
2026-05-10 07:56:38 (2123632) [INFO]	Correction progress: 23.0%
2026-05-10 07:56:56 (2123632) [INFO]	Correction progress: 24.0%
2026-05-10 07:57:04 (2123632) [INFO]	Correction progress: 25.0%
2026-05-10 07:57:05 (2123632) [INFO]	Correction progress: 26.0%
2026-05-10 07:57:06 (2123632) [INFO]	Correction progress: 27.0%
2026-05-10 07:57:08 (2123632) [INFO]	Correction progress: 28.0%
2026-05-10 07:57:47 (2123632) [INFO]	Correction progress: 29.0%
2026-05-10 07:58:13 (2123632) [INFO]	Correction progress: 30.0%
2026-05-10 08:00:19 (2123632) [INFO]	Correction progress: 31.0%
2026-05-10 08:01:05 (2123632) [INFO]	Correction progress: 32.0%
2026-05-10 08:01:23 (2123632) [INFO]	Correction progress: 33.0%
2026-05-10 08:01:34 (2123632) [INFO]	Correction progress: 34.0%
2026-05-10 08:01:52 (2123632) [INFO]	Correction progress: 35.0%
2026-05-10 08:01:58 (2123632) [INFO]	Correction progress: 36.0%
2026-05-10 08:02:06 (2123632) [INFO]	Correction progress: 37.0%
2026-05-10 08:02:07 (2123632) [INFO]	Correction progress: 38.0%
2026-05-10 08:02:38 (2123632) [INFO]	Correction progress: 39.0%
2026-05-10 08:02:49 (2123632) [INFO]	Correction progress: 40.0%
2026-05-10 08:02:59 (2123632) [INFO]	Correction progress: 41.0%
2026-05-10 08:03:16 (2123632) [INFO]	Correction progress: 42.0%
2026-05-10 08:03:24 (2123632) [INFO]	Correction progress: 43.0%
2026-05-10 08:03:49 (2123632) [INFO]	Correction progress: 44.0%
2026-05-10 08:04:32 (2123632) [INFO]	Correction progress: 45.0%
2026-05-10 08:05:09 (2123632) [INFO]	Correction progress: 46.0%
2026-05-10 08:06:16 (2123632) [INFO]	Correction progress: 47.0%
2026-05-10 08:06:21 (2123632) [INFO]	Correction progress: 48.0%
2026-05-10 08:06:57 (2123632) [INFO]	Correction progress: 49.0%
2026-05-10 08:07:10 (2123632) [INFO]	Correction progress: 50.0%
2026-05-10 08:07:35 (2123632) [INFO]	Correction progress: 51.0%
2026-05-10 08:07:49 (2123632) [INFO]	Correction progress: 52.0%
2026-05-10 08:08:04 (2123632) [INFO]	Correction progress: 53.0%
2026-05-10 08:08:05 (2123632) [INFO]	Correction progress: 54.0%
2026-05-10 08:08:25 (2123632) [INFO]	Correction progress: 55.0%
2026-05-10 08:08:37 (2123632) [INFO]	Correction progress: 56.0%
2026-05-10 08:08:45 (2123632) [INFO]	Correction progress: 57.0%
2026-05-10 08:09:20 (2123632) [INFO]	Correction progress: 58.0%
2026-05-10 08:09:39 (2123632) [INFO]	Correction progress: 59.0%
2026-05-10 08:10:19 (2123632) [INFO]	Correction progress: 60.0%
2026-05-10 08:10:43 (2123632) [INFO]	Correction progress: 61.0%
2026-05-10 08:11:32 (2123632) [INFO]	Correction progress: 62.0%
2026-05-10 08:11:44 (2123632) [INFO]	Correction progress: 63.0%
2026-05-10 08:12:33 (2123632) [INFO]	Correction progress: 64.0%
2026-05-10 08:12:49 (2123632) [INFO]	Correction progress: 65.0%
2026-05-10 08:13:03 (2123632) [INFO]	Correction progress: 66.0%
2026-05-10 08:13:40 (2123632) [INFO]	Correction progress: 67.0%
2026-05-10 08:13:44 (2123632) [INFO]	Correction progress: 68.0%
2026-05-10 08:13:47 (2123632) [INFO]	Correction progress: 69.0%
2026-05-10 08:13:51 (2123632) [INFO]	Correction progress: 70.0%
2026-05-10 08:14:01 (2123632) [INFO]	Correction progress: 71.0%
2026-05-10 08:14:25 (2123632) [INFO]	Correction progress: 72.0%
2026-05-10 08:15:04 (2123632) [INFO]	Correction progress: 73.0%
2026-05-10 08:15:15 (2123632) [INFO]	Correction progress: 74.0%
2026-05-10 08:16:22 (2123632) [INFO]	Correction progress: 75.0%
2026-05-10 08:16:39 (2123632) [INFO]	Correction progress: 76.0%
2026-05-10 08:16:53 (2123632) [INFO]	Correction progress: 77.0%
2026-05-10 08:16:59 (2123632) [INFO]	Correction progress: 78.0%
2026-05-10 08:17:19 (2123632) [INFO]	Correction progress: 79.0%
2026-05-10 08:19:03 (2123632) [INFO]	Correction progress: 80.0%
2026-05-10 08:19:06 (2123632) [INFO]	Correction progress: 81.0%
2026-05-10 08:19:12 (2123632) [INFO]	Correction progress: 82.0%
2026-05-10 08:19:26 (2123632) [INFO]	Correction progress: 83.0%
2026-05-10 08:19:34 (2123632) [INFO]	Correction progress: 84.0%
2026-05-10 08:20:07 (2123632) [INFO]	Correction progress: 85.0%
2026-05-10 08:20:15 (2123632) [INFO]	Correction progress: 86.0%
2026-05-10 08:20:16 (2123632) [INFO]	Correction progress: 87.0%
2026-05-10 08:20:31 (2123632) [INFO]	Correction progress: 88.0%
2026-05-10 08:21:36 (2123632) [INFO]	Correction progress: 89.0%
2026-05-10 08:22:14 (2123632) [INFO]	Correction progress: 90.0%
2026-05-10 08:22:30 (2123632) [INFO]	Correction progress: 91.0%
2026-05-10 08:22:58 (2123632) [INFO]	Correction progress: 92.0%
2026-05-10 08:23:00 (2123632) [INFO]	Correction progress: 93.0%
2026-05-10 08:23:25 (2123632) [INFO]	Correction progress: 94.0%
2026-05-10 08:23:57 (2123632) [INFO]	Correction progress: 95.0%
2026-05-10 08:24:02 (2123632) [INFO]	Correction progress: 96.0%
2026-05-10 08:24:04 (2123632) [INFO]	Correction progress: 97.0%
2026-05-10 08:24:07 (2123632) [INFO]	Correction progress: 98.0%
2026-05-10 08:24:15 (2123632) [INFO]	Correction progress: 99.0%
2026-05-10 08:24:51 (2123632) [INFO]	Correction progress: 100.0%
2026-05-10 08:24:51 (2123632) [INFO]	Correction progress: done!
2026-05-10 08:24:52 (2124906) [INFO]	Closing /pl/active/getahun_lab/Project_tbet_ATACseq/TOBIAS/ATACorrect_Output2/LA21_WT.merged/LA21_WT.merged_uncorrected.bw (this might take some time)
2026-05-10 08:25:12 (2124906) [INFO]	Closing /pl/active/getahun_lab/Project_tbet_ATACseq/TOBIAS/ATACorrect_Output2/LA21_WT.merged/LA21_WT.merged_bias.bw (this might take some time)
2026-05-10 08:26:36 (2124906) [INFO]	Closing /pl/active/getahun_lab/Project_tbet_ATACseq/TOBIAS/ATACorrect_Output2/LA21_WT.merged/LA21_WT.merged_expected.bw (this might take some time)
2026-05-10 08:27:41 (2124906) [INFO]	Closing /pl/active/getahun_lab/Project_tbet_ATACseq/TOBIAS/ATACorrect_Output2/LA21_WT.merged/LA21_WT.merged_corrected.bw (this might take some time)

2026-05-10 08:28:44 (2123632) [INFO]	Verifying bias correction
2026-05-10 08:28:44 (2123632) [STATS]	BIAS	pre-bias variance forward:	0.0041824
2026-05-10 08:28:44 (2123632) [STATS]	BIAS	post-bias variance forward:	0.0000508
2026-05-10 08:28:44 (2123632) [STATS]	BIAS	pre-bias variance reverse:	0.0041798
2026-05-10 08:28:44 (2123632) [STATS]	BIAS	post-bias variance reverse:	0.0000511

2026-05-10 08:28:44 (2123632) [INFO]	Finished ATACorrect run (total time elapsed: 0:45:34.269580)
Processing LA21_KO.merged
# TOBIAS 0.17.3 ATACorrect (run started 2026-05-10 08:28:48.717690)
# Working directory: /projects/svankamamidi@xsede.org/Project_Tbet_ATACseq/2_TOBIAS_scripts
# Command line call: TOBIAS ATACorrect --bam /pl/active/getahun_lab/Project_tbet_ATACseq/merged_bams/LA21_KO.merged.bam --genome /pl/active/getahun_lab/atacseq_refdata/genomes/mm10_primary/mm10.fa --peaks /pl/active/getahun_lab/Project_tbet_ATACseq/consensus_peaks/ALL8_union_peaks.bed --blacklist /pl/active/getahun_lab/atacseq_refdata/genomes/mm10_primary/mm10-blacklist.v2.bed --outdir /pl/active/getahun_lab/Project_tbet_ATACseq/TOBIAS/ATACorrect_Output2/LA21_KO.merged --cores 16

# ----- Input parameters -----
# bam:	/pl/active/getahun_lab/Project_tbet_ATACseq/merged_bams/LA21_KO.merged.bam
# genome:	/pl/active/getahun_lab/atacseq_refdata/genomes/mm10_primary/mm10.fa
# peaks:	/pl/active/getahun_lab/Project_tbet_ATACseq/consensus_peaks/ALL8_union_peaks.bed
# regions_in:	None
# regions_out:	None
# blacklist:	/pl/active/getahun_lab/atacseq_refdata/genomes/mm10_primary/mm10-blacklist.v2.bed
# extend:	100
# split_strands:	False
# norm_off:	False
# track_off:	[]
# drop_chroms:	['chrM', 'chrMT', 'M', 'MT', 'Mito']
# k_flank:	12
# read_shift:	[4, -5]
# bg_shift:	100
# window:	100
# score_mat:	DWM
# bias_pkl:	None
# prefix:	LA21_KO.merged
# outdir:	/pl/active/getahun_lab/Project_tbet_ATACseq/TOBIAS/ATACorrect_Output2/LA21_KO.merged
# cores:	16
# split:	100
# verbosity:	3


# ----- Output files -----
# /pl/active/getahun_lab/Project_tbet_ATACseq/TOBIAS/ATACorrect_Output2/LA21_KO.merged/LA21_KO.merged_uncorrected.bw
# /pl/active/getahun_lab/Project_tbet_ATACseq/TOBIAS/ATACorrect_Output2/LA21_KO.merged/LA21_KO.merged_bias.bw
# /pl/active/getahun_lab/Project_tbet_ATACseq/TOBIAS/ATACorrect_Output2/LA21_KO.merged/LA21_KO.merged_expected.bw
# /pl/active/getahun_lab/Project_tbet_ATACseq/TOBIAS/ATACorrect_Output2/LA21_KO.merged/LA21_KO.merged_corrected.bw
# /pl/active/getahun_lab/Project_tbet_ATACseq/TOBIAS/ATACorrect_Output2/LA21_KO.merged/LA21_KO.merged_atacorrect.pdf


2026-05-10 08:28:48 (2134385) [INFO]	----- Processing input data -----
2026-05-10 08:28:48 (2134385) [INFO]	Reading info from .bam file
2026-05-10 08:28:48 (2134385) [INFO]	Reading info from .fasta file
2026-05-10 08:28:48 (2134385) [WARNING]	No additional chromosomes were removed. Consider using '--drop-chroms' to remove mitochondrial and/or other unwanted contigs.
2026-05-10 08:28:48 (2134385) [INFO]	Processing input/output regions
2026-05-10 08:28:54 (2134385) [STATS]	genome: 65 regions | 2730855475 bp | 100.00% coverage
2026-05-10 08:28:54 (2134385) [STATS]	input_regions: 197429 regions | 2222858375 bp | 81.40% coverage
2026-05-10 08:28:54 (2134385) [STATS]	output_regions: 145146 regions | 301639521 bp | 11.05% coverage
2026-05-10 08:28:54 (2134385) [STATS]	peak_regions: 168236 regions | 269019900 bp | 9.85% coverage
2026-05-10 08:28:54 (2134385) [STATS]	nonpeak_regions: 197429 regions | 2222858375 bp | 81.40% coverage
2026-05-10 08:28:54 (2134385) [STATS]	blacklist_regions: 3435 regions | 238977200 bp | 8.75% coverage

2026-05-10 08:28:54 (2134385) [INFO]	----- Estimating normalization factors -----
2026-05-10 08:28:54 (2134385) [INFO]	Counting reads in peak regions
2026-05-10 08:28:55 (2134385) [INFO]	Progress: 0%
2026-05-10 08:29:08 (2134385) [INFO]	Progress: 1%
2026-05-10 08:29:10 (2134385) [INFO]	Progress: 2%
2026-05-10 08:29:11 (2134385) [INFO]	Progress: 5%
2026-05-10 08:29:11 (2134385) [INFO]	Progress: 7%
2026-05-10 08:29:12 (2134385) [INFO]	Progress: 8%
2026-05-10 08:29:13 (2134385) [INFO]	Progress: 10%
2026-05-10 08:29:13 (2134385) [INFO]	Progress: 11%
2026-05-10 08:29:14 (2134385) [INFO]	Progress: 12%
2026-05-10 08:29:14 (2134385) [INFO]	Progress: 13%
2026-05-10 08:29:15 (2134385) [INFO]	Progress: 14%
2026-05-10 08:29:17 (2134385) [INFO]	Progress: 15%
2026-05-10 08:29:20 (2134385) [INFO]	Progress: 16%
2026-05-10 08:29:25 (2134385) [INFO]	Progress: 17%
2026-05-10 08:29:26 (2134385) [INFO]	Progress: 19%
2026-05-10 08:29:27 (2134385) [INFO]	Progress: 20%
2026-05-10 08:29:28 (2134385) [INFO]	Progress: 21%
2026-05-10 08:29:28 (2134385) [INFO]	Progress: 22%
2026-05-10 08:29:29 (2134385) [INFO]	Progress: 23%
2026-05-10 08:29:29 (2134385) [INFO]	Progress: 26%
2026-05-10 08:29:30 (2134385) [INFO]	Progress: 27%
2026-05-10 08:29:33 (2134385) [INFO]	Progress: 29%
2026-05-10 08:29:34 (2134385) [INFO]	Progress: 30%
2026-05-10 08:29:34 (2134385) [INFO]	Progress: 31%
2026-05-10 08:29:37 (2134385) [INFO]	Progress: 32%
2026-05-10 08:29:38 (2134385) [INFO]	Progress: 33%
2026-05-10 08:29:43 (2134385) [INFO]	Progress: 34%
2026-05-10 08:29:44 (2134385) [INFO]	Progress: 36%
2026-05-10 08:29:45 (2134385) [INFO]	Progress: 37%
2026-05-10 08:29:46 (2134385) [INFO]	Progress: 40%
2026-05-10 08:29:46 (2134385) [INFO]	Progress: 41%
2026-05-10 08:29:47 (2134385) [INFO]	Progress: 42%
2026-05-10 08:29:49 (2134385) [INFO]	Progress: 43%
2026-05-10 08:29:50 (2134385) [INFO]	Progress: 44%
2026-05-10 08:29:50 (2134385) [INFO]	Progress: 45%
2026-05-10 08:29:51 (2134385) [INFO]	Progress: 46%
2026-05-10 08:29:52 (2134385) [INFO]	Progress: 47%
2026-05-10 08:29:57 (2134385) [INFO]	Progress: 48%
2026-05-10 08:29:58 (2134385) [INFO]	Progress: 49%
2026-05-10 08:30:00 (2134385) [INFO]	Progress: 50%
2026-05-10 08:30:01 (2134385) [INFO]	Progress: 51%
2026-05-10 08:30:02 (2134385) [INFO]	Progress: 54%
2026-05-10 08:30:03 (2134385) [INFO]	Progress: 55%
2026-05-10 08:30:03 (2134385) [INFO]	Progress: 57%
2026-05-10 08:30:04 (2134385) [INFO]	Progress: 58%
2026-05-10 08:30:06 (2134385) [INFO]	Progress: 60%
2026-05-10 08:30:09 (2134385) [INFO]	Progress: 61%
2026-05-10 08:30:10 (2134385) [INFO]	Progress: 62%
2026-05-10 08:30:13 (2134385) [INFO]	Progress: 63%
2026-05-10 08:30:13 (2134385) [INFO]	Progress: 64%
2026-05-10 08:30:14 (2134385) [INFO]	Progress: 65%
2026-05-10 08:30:17 (2134385) [INFO]	Progress: 66%
2026-05-10 08:30:18 (2134385) [INFO]	Progress: 67%
2026-05-10 08:30:19 (2134385) [INFO]	Progress: 70%
2026-05-10 08:30:20 (2134385) [INFO]	Progress: 71%
2026-05-10 08:30:20 (2134385) [INFO]	Progress: 72%
2026-05-10 08:30:22 (2134385) [INFO]	Progress: 73%
2026-05-10 08:30:23 (2134385) [INFO]	Progress: 74%
2026-05-10 08:30:23 (2134385) [INFO]	Progress: 75%
2026-05-10 08:30:24 (2134385) [INFO]	Progress: 76%
2026-05-10 08:30:24 (2134385) [INFO]	Progress: 78%
2026-05-10 08:30:27 (2134385) [INFO]	Progress: 79%
2026-05-10 08:30:33 (2134385) [INFO]	Progress: 80%
2026-05-10 08:30:35 (2134385) [INFO]	Progress: 81%
2026-05-10 08:30:35 (2134385) [INFO]	Progress: 82%
2026-05-10 08:30:36 (2134385) [INFO]	Progress: 83%
2026-05-10 08:30:37 (2134385) [INFO]	Progress: 84%
2026-05-10 08:30:38 (2134385) [INFO]	Progress: 85%
2026-05-10 08:30:38 (2134385) [INFO]	Progress: 86%
2026-05-10 08:30:40 (2134385) [INFO]	Progress: 87%
2026-05-10 08:30:42 (2134385) [INFO]	Progress: 89%
2026-05-10 08:30:43 (2134385) [INFO]	Progress: 90%
2026-05-10 08:30:44 (2134385) [INFO]	Progress: 91%
2026-05-10 08:30:44 (2134385) [INFO]	Progress: 92%
2026-05-10 08:30:45 (2134385) [INFO]	Progress: 93%
2026-05-10 08:30:45 (2134385) [INFO]	Progress: 94%
2026-05-10 08:30:47 (2134385) [INFO]	Progress: 95%
2026-05-10 08:30:48 (2134385) [INFO]	Progress: 97%
2026-05-10 08:30:50 (2134385) [INFO]	Progress: 98%
2026-05-10 08:30:51 (2134385) [INFO]	Progress: 99%
2026-05-10 08:30:52 (2134385) [INFO]	Progress: 100%

2026-05-10 08:30:52 (2134385) [INFO]	Counting reads in nonpeak regions
2026-05-10 08:30:52 (2134385) [INFO]	Progress: 0%
2026-05-10 08:30:58 (2134385) [INFO]	Progress: 1%
2026-05-10 08:30:58 (2134385) [INFO]	Progress: 2%
2026-05-10 08:30:59 (2134385) [INFO]	Progress: 6%
2026-05-10 08:30:59 (2134385) [INFO]	Progress: 8%
2026-05-10 08:31:00 (2134385) [INFO]	Progress: 12%
2026-05-10 08:31:00 (2134385) [INFO]	Progress: 15%
2026-05-10 08:31:01 (2134385) [INFO]	Progress: 16%
2026-05-10 08:31:03 (2134385) [INFO]	Progress: 18%
2026-05-10 08:31:04 (2134385) [INFO]	Progress: 19%
2026-05-10 08:31:05 (2134385) [INFO]	Progress: 20%
2026-05-10 08:31:05 (2134385) [INFO]	Progress: 21%
2026-05-10 08:31:06 (2134385) [INFO]	Progress: 24%
2026-05-10 08:31:06 (2134385) [INFO]	Progress: 25%
2026-05-10 08:31:07 (2134385) [INFO]	Progress: 26%
2026-05-10 08:31:07 (2134385) [INFO]	Progress: 28%
2026-05-10 08:31:08 (2134385) [INFO]	Progress: 29%
2026-05-10 08:31:08 (2134385) [INFO]	Progress: 31%
2026-05-10 08:31:09 (2134385) [INFO]	Progress: 33%
2026-05-10 08:31:10 (2134385) [INFO]	Progress: 34%
2026-05-10 08:31:10 (2134385) [INFO]	Progress: 35%
2026-05-10 08:31:11 (2134385) [INFO]	Progress: 36%
2026-05-10 08:31:11 (2134385) [INFO]	Progress: 37%
2026-05-10 08:31:12 (2134385) [INFO]	Progress: 38%
2026-05-10 08:31:12 (2134385) [INFO]	Progress: 39%
2026-05-10 08:31:13 (2134385) [INFO]	Progress: 40%
2026-05-10 08:31:13 (2134385) [INFO]	Progress: 43%
2026-05-10 08:31:14 (2134385) [INFO]	Progress: 45%
2026-05-10 08:31:15 (2134385) [INFO]	Progress: 46%
2026-05-10 08:31:15 (2134385) [INFO]	Progress: 49%
2026-05-10 08:31:16 (2134385) [INFO]	Progress: 50%
2026-05-10 08:31:17 (2134385) [INFO]	Progress: 51%
2026-05-10 08:31:17 (2134385) [INFO]	Progress: 52%
2026-05-10 08:31:19 (2134385) [INFO]	Progress: 53%
2026-05-10 08:31:19 (2134385) [INFO]	Progress: 56%
2026-05-10 08:31:20 (2134385) [INFO]	Progress: 59%
2026-05-10 08:31:21 (2134385) [INFO]	Progress: 60%
2026-05-10 08:31:22 (2134385) [INFO]	Progress: 62%
2026-05-10 08:31:22 (2134385) [INFO]	Progress: 64%
2026-05-10 08:31:23 (2134385) [INFO]	Progress: 66%
2026-05-10 08:31:24 (2134385) [INFO]	Progress: 67%
2026-05-10 08:31:24 (2134385) [INFO]	Progress: 68%
2026-05-10 08:31:25 (2134385) [INFO]	Progress: 69%
2026-05-10 08:31:25 (2134385) [INFO]	Progress: 70%
2026-05-10 08:31:26 (2134385) [INFO]	Progress: 73%
2026-05-10 08:31:26 (2134385) [INFO]	Progress: 74%
2026-05-10 08:31:27 (2134385) [INFO]	Progress: 76%
2026-05-10 08:31:28 (2134385) [INFO]	Progress: 77%
2026-05-10 08:31:29 (2134385) [INFO]	Progress: 82%
2026-05-10 08:31:30 (2134385) [INFO]	Progress: 83%
2026-05-10 08:31:31 (2134385) [INFO]	Progress: 84%
2026-05-10 08:31:32 (2134385) [INFO]	Progress: 85%
2026-05-10 08:31:33 (2134385) [INFO]	Progress: 87%
2026-05-10 08:31:33 (2134385) [INFO]	Progress: 90%
2026-05-10 08:31:34 (2134385) [INFO]	Progress: 92%
2026-05-10 08:31:35 (2134385) [INFO]	Progress: 93%
2026-05-10 08:31:35 (2134385) [INFO]	Progress: 94%
2026-05-10 08:31:36 (2134385) [INFO]	Progress: 96%
2026-05-10 08:31:36 (2134385) [INFO]	Progress: 97%
2026-05-10 08:31:37 (2134385) [INFO]	Progress: 98%
2026-05-10 08:31:39 (2134385) [INFO]	Progress: 100%
2026-05-10 08:31:39 (2134385) [STATS]	TOTAL_READS	183195185
2026-05-10 08:31:39 (2134385) [STATS]	PEAK_READS	129556216
2026-05-10 08:31:39 (2134385) [STATS]	NONPEAK_READS	53638969
2026-05-10 08:31:39 (2134385) [STATS]	LIB_NORM	0.05459
2026-05-10 08:31:39 (2134385) [STATS]	FRiP	0.70720
2026-05-10 08:31:39 (2134385) [STATS]	CORRECTION_FACTOR:	0.07719

2026-05-10 08:31:39 (2134385) [INFO]	Started estimation of sequence bias...
2026-05-10 08:31:39 (2134385) [INFO]	Progress: 0%
2026-05-10 08:31:46 (2134385) [INFO]	Progress: 1%
2026-05-10 08:31:48 (2134385) [INFO]	Progress: 3%
2026-05-10 08:31:48 (2134385) [INFO]	Progress: 4%
2026-05-10 08:31:49 (2134385) [INFO]	Progress: 8%
2026-05-10 08:31:49 (2134385) [INFO]	Progress: 10%
2026-05-10 08:31:50 (2134385) [INFO]	Progress: 11%
2026-05-10 08:31:50 (2134385) [INFO]	Progress: 14%
2026-05-10 08:31:51 (2134385) [INFO]	Progress: 15%
2026-05-10 08:31:51 (2134385) [INFO]	Progress: 16%
2026-05-10 08:31:54 (2134385) [INFO]	Progress: 17%
2026-05-10 08:31:54 (2134385) [INFO]	Progress: 19%
2026-05-10 08:31:57 (2134385) [INFO]	Progress: 20%
2026-05-10 08:31:57 (2134385) [INFO]	Progress: 21%
2026-05-10 08:31:58 (2134385) [INFO]	Progress: 22%
2026-05-10 08:31:58 (2134385) [INFO]	Progress: 24%
2026-05-10 08:31:59 (2134385) [INFO]	Progress: 25%
2026-05-10 08:31:59 (2134385) [INFO]	Progress: 26%
2026-05-10 08:32:00 (2134385) [INFO]	Progress: 28%
2026-05-10 08:32:00 (2134385) [INFO]	Progress: 29%
2026-05-10 08:32:01 (2134385) [INFO]	Progress: 30%
2026-05-10 08:32:02 (2134385) [INFO]	Progress: 32%
2026-05-10 08:32:02 (2134385) [INFO]	Progress: 33%
2026-05-10 08:32:03 (2134385) [INFO]	Progress: 34%
2026-05-10 08:32:04 (2134385) [INFO]	Progress: 35%
2026-05-10 08:32:05 (2134385) [INFO]	Progress: 36%
2026-05-10 08:32:05 (2134385) [INFO]	Progress: 37%
2026-05-10 08:32:06 (2134385) [INFO]	Progress: 39%
2026-05-10 08:32:07 (2134385) [INFO]	Progress: 41%
2026-05-10 08:32:09 (2134385) [INFO]	Progress: 43%
2026-05-10 08:32:09 (2134385) [INFO]	Progress: 45%
2026-05-10 08:32:10 (2134385) [INFO]	Progress: 46%
2026-05-10 08:32:10 (2134385) [INFO]	Progress: 47%
2026-05-10 08:32:11 (2134385) [INFO]	Progress: 48%
2026-05-10 08:32:12 (2134385) [INFO]	Progress: 50%
2026-05-10 08:32:13 (2134385) [INFO]	Progress: 51%
2026-05-10 08:32:13 (2134385) [INFO]	Progress: 52%
2026-05-10 08:32:14 (2134385) [INFO]	Progress: 53%
2026-05-10 08:32:16 (2134385) [INFO]	Progress: 55%
2026-05-10 08:32:17 (2134385) [INFO]	Progress: 56%
2026-05-10 08:32:17 (2134385) [INFO]	Progress: 57%
2026-05-10 08:32:18 (2134385) [INFO]	Progress: 59%
2026-05-10 08:32:20 (2134385) [INFO]	Progress: 61%
2026-05-10 08:32:20 (2134385) [INFO]	Progress: 62%
2026-05-10 08:32:21 (2134385) [INFO]	Progress: 65%
2026-05-10 08:32:21 (2134385) [INFO]	Progress: 66%
2026-05-10 08:32:22 (2134385) [INFO]	Progress: 67%
2026-05-10 08:32:23 (2134385) [INFO]	Progress: 68%
2026-05-10 08:32:25 (2134385) [INFO]	Progress: 70%
2026-05-10 08:32:26 (2134385) [INFO]	Progress: 72%
2026-05-10 08:32:26 (2134385) [INFO]	Progress: 73%
2026-05-10 08:32:27 (2134385) [INFO]	Progress: 75%
2026-05-10 08:32:29 (2134385) [INFO]	Progress: 78%
2026-05-10 08:32:30 (2134385) [INFO]	Progress: 79%
2026-05-10 08:32:30 (2134385) [INFO]	Progress: 82%
2026-05-10 08:32:31 (2134385) [INFO]	Progress: 83%
2026-05-10 08:32:34 (2134385) [INFO]	Progress: 84%
2026-05-10 08:32:34 (2134385) [INFO]	Progress: 85%
2026-05-10 08:32:35 (2134385) [INFO]	Progress: 87%
2026-05-10 08:32:37 (2134385) [INFO]	Progress: 90%
2026-05-10 08:32:38 (2134385) [INFO]	Progress: 93%
2026-05-10 08:32:39 (2134385) [INFO]	Progress: 95%
2026-05-10 08:32:40 (2134385) [INFO]	Progress: 96%
2026-05-10 08:32:40 (2134385) [INFO]	Progress: 97%
2026-05-10 08:32:41 (2134385) [INFO]	Progress: 98%
2026-05-10 08:32:43 (2134385) [INFO]	Progress: 99%
2026-05-10 08:32:45 (2134385) [INFO]	Progress: 100%
2026-05-10 08:32:45 (2134385) [INFO]	Finalizing bias motif for scoring

2026-05-10 08:32:46 (2134385) [INFO]	----- Correcting reads from .bam within output regions -----
2026-05-10 08:32:46 (2134385) [INFO]	Correction progress: 0%
2026-05-10 08:37:46 (2134385) [INFO]	Correction progress: 1.0%
2026-05-10 08:37:50 (2134385) [INFO]	Correction progress: 2.0%
2026-05-10 08:37:54 (2134385) [INFO]	Correction progress: 3.0%
2026-05-10 08:38:05 (2134385) [INFO]	Correction progress: 4.0%
2026-05-10 08:38:08 (2134385) [INFO]	Correction progress: 5.0%
2026-05-10 08:38:09 (2134385) [INFO]	Correction progress: 6.0%
2026-05-10 08:38:18 (2134385) [INFO]	Correction progress: 7.0%
2026-05-10 08:38:23 (2134385) [INFO]	Correction progress: 8.0%
2026-05-10 08:38:23 (2134385) [INFO]	Correction progress: 9.0%
2026-05-10 08:38:33 (2134385) [INFO]	Correction progress: 10.0%
2026-05-10 08:38:56 (2134385) [INFO]	Correction progress: 11.0%
2026-05-10 08:39:03 (2134385) [INFO]	Correction progress: 12.0%
2026-05-10 08:39:20 (2134385) [INFO]	Correction progress: 13.0%
2026-05-10 08:39:23 (2134385) [INFO]	Correction progress: 14.0%
2026-05-10 08:39:59 (2134385) [INFO]	Correction progress: 15.0%
2026-05-10 08:42:56 (2134385) [INFO]	Correction progress: 16.0%
2026-05-10 08:43:47 (2134385) [INFO]	Correction progress: 17.0%
2026-05-10 08:43:50 (2134385) [INFO]	Correction progress: 18.0%
2026-05-10 08:43:51 (2134385) [INFO]	Correction progress: 19.0%
2026-05-10 08:43:55 (2134385) [INFO]	Correction progress: 20.0%
2026-05-10 08:44:02 (2134385) [INFO]	Correction progress: 21.0%
2026-05-10 08:44:02 (2134385) [INFO]	Correction progress: 22.0%
2026-05-10 08:44:04 (2134385) [INFO]	Correction progress: 23.0%
2026-05-10 08:44:27 (2134385) [INFO]	Correction progress: 24.0%
2026-05-10 08:44:37 (2134385) [INFO]	Correction progress: 25.0%
2026-05-10 08:44:42 (2134385) [INFO]	Correction progress: 26.0%
2026-05-10 08:44:44 (2134385) [INFO]	Correction progress: 27.0%
2026-05-10 08:45:00 (2134385) [INFO]	Correction progress: 28.0%
2026-05-10 08:45:20 (2134385) [INFO]	Correction progress: 29.0%
2026-05-10 08:46:17 (2134385) [INFO]	Correction progress: 30.0%
2026-05-10 08:48:06 (2134385) [INFO]	Correction progress: 31.0%
2026-05-10 08:49:09 (2134385) [INFO]	Correction progress: 32.0%
2026-05-10 08:49:14 (2134385) [INFO]	Correction progress: 33.0%
2026-05-10 08:49:15 (2134385) [INFO]	Correction progress: 34.0%
2026-05-10 08:49:29 (2134385) [INFO]	Correction progress: 35.0%
2026-05-10 08:49:46 (2134385) [INFO]	Correction progress: 36.0%
2026-05-10 08:49:47 (2134385) [INFO]	Correction progress: 37.0%
2026-05-10 08:49:59 (2134385) [INFO]	Correction progress: 38.0%
2026-05-10 08:50:40 (2134385) [INFO]	Correction progress: 39.0%
2026-05-10 08:50:52 (2134385) [INFO]	Correction progress: 40.0%
2026-05-10 08:50:58 (2134385) [INFO]	Correction progress: 41.0%
2026-05-10 08:51:07 (2134385) [INFO]	Correction progress: 42.0%
2026-05-10 08:51:28 (2134385) [INFO]	Correction progress: 43.0%
2026-05-10 08:51:37 (2134385) [INFO]	Correction progress: 44.0%
2026-05-10 08:52:26 (2134385) [INFO]	Correction progress: 45.0%
2026-05-10 08:53:07 (2134385) [INFO]	Correction progress: 46.0%
2026-05-10 08:54:17 (2134385) [INFO]	Correction progress: 47.0%
2026-05-10 08:54:39 (2134385) [INFO]	Correction progress: 49.0%
2026-05-10 08:55:02 (2134385) [INFO]	Correction progress: 50.0%
2026-05-10 08:55:49 (2134385) [INFO]	Correction progress: 51.0%
2026-05-10 08:56:02 (2134385) [INFO]	Correction progress: 52.0%
2026-05-10 08:56:06 (2134385) [INFO]	Correction progress: 53.0%
2026-05-10 08:56:16 (2134385) [INFO]	Correction progress: 54.0%
2026-05-10 08:56:37 (2134385) [INFO]	Correction progress: 55.0%
2026-05-10 08:56:49 (2134385) [INFO]	Correction progress: 56.0%
2026-05-10 08:56:59 (2134385) [INFO]	Correction progress: 57.0%
2026-05-10 08:56:59 (2134385) [INFO]	Correction progress: 58.0%
2026-05-10 08:57:31 (2134385) [INFO]	Correction progress: 59.0%
2026-05-10 08:58:29 (2134385) [INFO]	Correction progress: 60.0%
2026-05-10 08:58:54 (2134385) [INFO]	Correction progress: 61.0%
2026-05-10 08:59:36 (2134385) [INFO]	Correction progress: 62.0%
2026-05-10 09:00:03 (2134385) [INFO]	Correction progress: 63.0%
2026-05-10 09:00:59 (2134385) [INFO]	Correction progress: 64.0%
2026-05-10 09:01:02 (2134385) [INFO]	Correction progress: 65.0%
2026-05-10 09:01:22 (2134385) [INFO]	Correction progress: 66.0%
2026-05-10 09:01:59 (2134385) [INFO]	Correction progress: 67.0%
2026-05-10 09:02:02 (2134385) [INFO]	Correction progress: 68.0%
2026-05-10 09:02:06 (2134385) [INFO]	Correction progress: 69.0%
2026-05-10 09:02:12 (2134385) [INFO]	Correction progress: 70.0%
2026-05-10 09:02:20 (2134385) [INFO]	Correction progress: 71.0%
2026-05-10 09:02:33 (2134385) [INFO]	Correction progress: 72.0%
2026-05-10 09:03:13 (2134385) [INFO]	Correction progress: 73.0%
2026-05-10 09:03:33 (2134385) [INFO]	Correction progress: 74.0%
2026-05-10 09:04:40 (2134385) [INFO]	Correction progress: 75.0%
2026-05-10 09:05:14 (2134385) [INFO]	Correction progress: 76.0%
2026-05-10 09:05:23 (2134385) [INFO]	Correction progress: 77.0%
2026-05-10 09:05:29 (2134385) [INFO]	Correction progress: 78.0%
2026-05-10 09:05:52 (2134385) [INFO]	Correction progress: 79.0%
2026-05-10 09:07:25 (2134385) [INFO]	Correction progress: 80.0%
2026-05-10 09:07:35 (2134385) [INFO]	Correction progress: 81.0%
2026-05-10 09:07:42 (2134385) [INFO]	Correction progress: 82.0%
2026-05-10 09:08:05 (2134385) [INFO]	Correction progress: 83.0%
2026-05-10 09:08:23 (2134385) [INFO]	Correction progress: 84.0%
2026-05-10 09:08:38 (2134385) [INFO]	Correction progress: 85.0%
2026-05-10 09:08:41 (2134385) [INFO]	Correction progress: 86.0%
2026-05-10 09:08:48 (2134385) [INFO]	Correction progress: 87.0%
2026-05-10 09:08:55 (2134385) [INFO]	Correction progress: 88.0%
2026-05-10 09:09:55 (2134385) [INFO]	Correction progress: 89.0%
2026-05-10 09:11:04 (2134385) [INFO]	Correction progress: 90.0%
2026-05-10 09:11:11 (2134385) [INFO]	Correction progress: 91.0%
2026-05-10 09:11:41 (2134385) [INFO]	Correction progress: 92.0%
2026-05-10 09:11:43 (2134385) [INFO]	Correction progress: 93.0%
2026-05-10 09:11:58 (2134385) [INFO]	Correction progress: 94.0%
2026-05-10 09:12:38 (2134385) [INFO]	Correction progress: 95.0%
2026-05-10 09:12:45 (2134385) [INFO]	Correction progress: 96.0%
2026-05-10 09:12:51 (2134385) [INFO]	Correction progress: 97.0%
2026-05-10 09:13:04 (2134385) [INFO]	Correction progress: 98.0%
2026-05-10 09:13:15 (2134385) [INFO]	Correction progress: 99.0%
2026-05-10 09:13:16 (2134385) [INFO]	Correction progress: 100.0%
2026-05-10 09:13:16 (2134385) [INFO]	Correction progress: done!
2026-05-10 09:13:17 (2136093) [INFO]	Closing /pl/active/getahun_lab/Project_tbet_ATACseq/TOBIAS/ATACorrect_Output2/LA21_KO.merged/LA21_KO.merged_uncorrected.bw (this might take some time)
2026-05-10 09:13:42 (2136093) [INFO]	Closing /pl/active/getahun_lab/Project_tbet_ATACseq/TOBIAS/ATACorrect_Output2/LA21_KO.merged/LA21_KO.merged_bias.bw (this might take some time)
2026-05-10 09:15:07 (2136093) [INFO]	Closing /pl/active/getahun_lab/Project_tbet_ATACseq/TOBIAS/ATACorrect_Output2/LA21_KO.merged/LA21_KO.merged_expected.bw (this might take some time)
2026-05-10 09:16:14 (2136093) [INFO]	Closing /pl/active/getahun_lab/Project_tbet_ATACseq/TOBIAS/ATACorrect_Output2/LA21_KO.merged/LA21_KO.merged_corrected.bw (this might take some time)

2026-05-10 09:17:18 (2134385) [INFO]	Verifying bias correction
2026-05-10 09:17:18 (2134385) [STATS]	BIAS	pre-bias variance forward:	0.0040251
2026-05-10 09:17:18 (2134385) [STATS]	BIAS	post-bias variance forward:	0.0000617
2026-05-10 09:17:18 (2134385) [STATS]	BIAS	pre-bias variance reverse:	0.0040221
2026-05-10 09:17:18 (2134385) [STATS]	BIAS	post-bias variance reverse:	0.0000616

2026-05-10 09:17:18 (2134385) [INFO]	Finished ATACorrect run (total time elapsed: 0:48:30.016528)
Finished ATACorrect
Sun May 10 09:17:22 MDT 2026
