# TOBIAS 0.17.3 BINDetect (run started 2026-05-10 11:40:20.043087)
# Working directory: /projects/svankamamidi@xsede.org/Project_Tbet_ATACseq/2_TOBIAS_scripts
# Command line call: TOBIAS BINDetect --motifs /pl/active/getahun_lab/atacseq_refdata/JASPAR2022_CORE_vertebrates_non-redundant_pfms_meme/JASPAR2022_CORE_vertebrates.meme --signals /pl/active/getahun_lab/Project_tbet_ATACseq/TOBIAS/FootprintScores_Output/LG_KO.merged_footprints.bw /pl/active/getahun_lab/Project_tbet_ATACseq/TOBIAS/FootprintScores_Output/LG_WT.merged_footprints.bw --genome /pl/active/getahun_lab/atacseq_refdata/genomes/mm10_primary/mm10.fa --peaks /pl/active/getahun_lab/Project_tbet_ATACseq/consensus_peaks/ALL8_union_peaks.bed --outdir /pl/active/getahun_lab/Project_tbet_ATACseq/TOBIAS/BINDetect/LG_KO_vs_WT --cond_names KO WT --cores 18

# ----- Input parameters -----
# signals:	['/pl/active/getahun_lab/Project_tbet_ATACseq/TOBIAS/FootprintScores_Output/LG_KO.merged_footprints.bw', '/pl/active/getahun_lab/Project_tbet_ATACseq/TOBIAS/FootprintScores_Output/LG_WT.merged_footprints.bw']
# peaks:	/pl/active/getahun_lab/Project_tbet_ATACseq/consensus_peaks/ALL8_union_peaks.bed
# motifs:	['/pl/active/getahun_lab/atacseq_refdata/JASPAR2022_CORE_vertebrates_non-redundant_pfms_meme/JASPAR2022_CORE_vertebrates.meme']
# genome:	/pl/active/getahun_lab/atacseq_refdata/genomes/mm10_primary/mm10.fa
# cond_names:	['KO', 'WT']
# peak_header:	None
# naming:	name_id
# motif_pvalue:	0.0001
# bound_pvalue:	0.001
# cluster_threshold:	0.5
# pseudo:	None
# time_series:	False
# skip_excel:	False
# output_peaks:	None
# norm_off:	False
# prefix:	bindetect
# outdir:	/pl/active/getahun_lab/Project_tbet_ATACseq/TOBIAS/BINDetect/LG_KO_vs_WT
# cores:	18
# split:	100
# debug:	False
# verbosity:	3


# ----- Output files -----
# /pl/active/getahun_lab/Project_tbet_ATACseq/TOBIAS/BINDetect/LG_KO_vs_WT/*/beds/*_KO_bound.bed
# /pl/active/getahun_lab/Project_tbet_ATACseq/TOBIAS/BINDetect/LG_KO_vs_WT/*/beds/*_KO_unbound.bed
# /pl/active/getahun_lab/Project_tbet_ATACseq/TOBIAS/BINDetect/LG_KO_vs_WT/*/beds/*_WT_bound.bed
# /pl/active/getahun_lab/Project_tbet_ATACseq/TOBIAS/BINDetect/LG_KO_vs_WT/*/beds/*_WT_unbound.bed
# /pl/active/getahun_lab/Project_tbet_ATACseq/TOBIAS/BINDetect/LG_KO_vs_WT/*/beds/*_all.bed
# /pl/active/getahun_lab/Project_tbet_ATACseq/TOBIAS/BINDetect/LG_KO_vs_WT/*/plots/*_log2fcs.pdf
# /pl/active/getahun_lab/Project_tbet_ATACseq/TOBIAS/BINDetect/LG_KO_vs_WT/*/*_overview.txt
# /pl/active/getahun_lab/Project_tbet_ATACseq/TOBIAS/BINDetect/LG_KO_vs_WT/*/*_overview.xlsx
# /pl/active/getahun_lab/Project_tbet_ATACseq/TOBIAS/BINDetect/LG_KO_vs_WT/bindetect_distances.txt
# /pl/active/getahun_lab/Project_tbet_ATACseq/TOBIAS/BINDetect/LG_KO_vs_WT/bindetect_results.txt
# /pl/active/getahun_lab/Project_tbet_ATACseq/TOBIAS/BINDetect/LG_KO_vs_WT/bindetect_results.xlsx
# /pl/active/getahun_lab/Project_tbet_ATACseq/TOBIAS/BINDetect/LG_KO_vs_WT/bindetect_figures.pdf


2026-05-10 11:40:20 (204842) [INFO]	----- Processing input data -----
2026-05-10 11:40:20 (204842) [INFO]	Checking reading/writing of files
2026-05-10 11:40:20 (204842) [INFO]	Reading peaks
2026-05-10 11:40:21 (204842) [INFO]	- Found 168221 regions in input peaks
2026-05-10 11:40:21 (204842) [INFO]	- Merged to 168221 regions
2026-05-10 11:40:21 (204842) [INFO]	Checking for match between --peaks and --fasta/--signals boundaries
2026-05-10 11:40:21 (204842) [INFO]	- Comparing peaks to /pl/active/getahun_lab/atacseq_refdata/genomes/mm10_primary/mm10.fa
2026-05-10 11:40:21 (204842) [INFO]	- Comparing peaks to /pl/active/getahun_lab/Project_tbet_ATACseq/TOBIAS/FootprintScores_Output/LG_KO.merged_footprints.bw
2026-05-10 11:40:21 (204842) [INFO]	- Comparing peaks to /pl/active/getahun_lab/Project_tbet_ATACseq/TOBIAS/FootprintScores_Output/LG_WT.merged_footprints.bw
2026-05-10 11:40:21 (204842) [INFO]	Estimating GC content from peak sequences
2026-05-10 11:40:23 (204842) [INFO]	- GC content estimated at 47.34%
2026-05-10 11:40:23 (204842) [INFO]	Reading motifs from file
2026-05-10 11:40:23 (204842) [INFO]	- Read 842 motifs
2026-05-10 11:40:23 (204842) [WARNING]	The motif output names (as given by --naming) are not unique.
2026-05-10 11:40:23 (204842) [WARNING]	The following names occur more than once: ['MA0002.2.RUNX1_MA0002.2']
2026-05-10 11:40:23 (204842) [WARNING]	These motifs will be renamed with '_1', '_2' etc. To prevent this renaming, please make the names of the input --motifs unique
2026-05-10 11:40:24 (204842) [INFO]	Creating folder structure for each TF
2026-05-10 11:40:25 (204842) [INFO]	Plotting sequence logos for each motif
2026-05-10 11:40:25 (204842) [INFO]	Progress 0%
2026-05-10 11:40:26 (204842) [INFO]	Progress 2.02%
2026-05-10 11:40:26 (204842) [INFO]	Progress 2.26%
2026-05-10 11:40:27 (204842) [INFO]	Progress 3.44%
2026-05-10 11:40:27 (204842) [INFO]	Progress 3.92%
2026-05-10 11:40:27 (204842) [INFO]	Progress 4.51%
2026-05-10 11:40:27 (204842) [INFO]	Progress 5.46%
2026-05-10 11:40:27 (204842) [INFO]	Progress 6.06%
2026-05-10 11:40:27 (204842) [INFO]	Progress 6.41%
2026-05-10 11:40:27 (204842) [INFO]	Progress 7.24%
2026-05-10 11:40:27 (204842) [INFO]	Progress 8.43%
2026-05-10 11:40:27 (204842) [INFO]	Progress 8.67%
2026-05-10 11:40:27 (204842) [INFO]	Progress 9.26%
2026-05-10 11:40:28 (204842) [INFO]	Progress 10.57%
2026-05-10 11:40:28 (204842) [INFO]	Progress 11.05%
2026-05-10 11:40:28 (204842) [INFO]	Progress 11.64%
2026-05-10 11:40:28 (204842) [INFO]	Progress 12.35%
2026-05-10 11:40:28 (204842) [INFO]	Progress 12.95%
2026-05-10 11:40:28 (204842) [INFO]	Progress 13.42%
2026-05-10 11:40:28 (204842) [INFO]	Progress 13.9%
2026-05-10 11:40:28 (204842) [INFO]	Progress 14.49%
2026-05-10 11:40:28 (204842) [INFO]	Progress 15.08%
2026-05-10 11:40:28 (204842) [INFO]	Progress 15.68%
2026-05-10 11:40:29 (204842) [INFO]	Progress 16.86%
2026-05-10 11:40:29 (204842) [INFO]	Progress 17.46%
2026-05-10 11:40:29 (204842) [INFO]	Progress 17.81%
2026-05-10 11:40:29 (204842) [INFO]	Progress 18.88%
2026-05-10 11:40:29 (204842) [INFO]	Progress 19.36%
2026-05-10 11:40:29 (204842) [INFO]	Progress 19.83%
2026-05-10 11:40:29 (204842) [INFO]	Progress 20.9%
2026-05-10 11:40:29 (204842) [INFO]	Progress 21.5%
2026-05-10 11:40:29 (204842) [INFO]	Progress 21.97%
2026-05-10 11:40:29 (204842) [INFO]	Progress 22.8%
2026-05-10 11:40:30 (204842) [INFO]	Progress 23.52%
2026-05-10 11:40:30 (204842) [INFO]	Progress 24.23%
2026-05-10 11:40:30 (204842) [INFO]	Progress 25.3%
2026-05-10 11:40:30 (204842) [INFO]	Progress 26.01%
2026-05-10 11:40:30 (204842) [INFO]	Progress 26.96%
2026-05-10 11:40:30 (204842) [INFO]	Progress 27.67%
2026-05-10 11:40:30 (204842) [INFO]	Progress 28.5%
2026-05-10 11:40:30 (204842) [INFO]	Progress 29.33%
2026-05-10 11:40:30 (204842) [INFO]	Progress 29.93%
2026-05-10 11:40:30 (204842) [INFO]	Progress 31.0%
2026-05-10 11:40:31 (204842) [INFO]	Progress 31.83%
2026-05-10 11:40:31 (204842) [INFO]	Progress 32.78%
2026-05-10 11:40:31 (204842) [INFO]	Progress 33.25%
2026-05-10 11:40:31 (204842) [INFO]	Progress 34.44%
2026-05-10 11:40:31 (204842) [INFO]	Progress 34.8%
2026-05-10 11:40:31 (204842) [INFO]	Progress 35.99%
2026-05-10 11:40:31 (204842) [INFO]	Progress 36.7%
2026-05-10 11:40:31 (204842) [INFO]	Progress 37.17%
2026-05-10 11:40:31 (204842) [INFO]	Progress 38.24%
2026-05-10 11:40:31 (204842) [INFO]	Progress 38.6%
2026-05-10 11:40:32 (204842) [INFO]	Progress 39.19%
2026-05-10 11:40:32 (204842) [INFO]	Progress 40.02%
2026-05-10 11:40:32 (204842) [INFO]	Progress 40.62%
2026-05-10 11:40:32 (204842) [INFO]	Progress 41.57%
2026-05-10 11:40:32 (204842) [INFO]	Progress 42.28%
2026-05-10 11:40:32 (204842) [INFO]	Progress 43.23%
2026-05-10 11:40:32 (204842) [INFO]	Progress 44.18%
2026-05-10 11:40:32 (204842) [INFO]	Progress 44.66%
2026-05-10 11:40:32 (204842) [INFO]	Progress 45.13%
2026-05-10 11:40:32 (204842) [INFO]	Progress 46.32%
2026-05-10 11:40:33 (204842) [INFO]	Progress 46.79%
2026-05-10 11:40:33 (204842) [INFO]	Progress 47.98%
2026-05-10 11:40:33 (204842) [INFO]	Progress 48.46%
2026-05-10 11:40:33 (204842) [INFO]	Progress 49.76%
2026-05-10 11:40:33 (204842) [INFO]	Progress 50.24%
2026-05-10 11:40:33 (204842) [INFO]	Progress 50.59%
2026-05-10 11:40:33 (204842) [INFO]	Progress 51.9%
2026-05-10 11:40:33 (204842) [INFO]	Progress 52.61%
2026-05-10 11:40:33 (204842) [INFO]	Progress 53.21%
2026-05-10 11:40:33 (204842) [INFO]	Progress 53.68%
2026-05-10 11:40:34 (204842) [INFO]	Progress 54.39%
2026-05-10 11:40:34 (204842) [INFO]	Progress 55.34%
2026-05-10 11:40:34 (204842) [INFO]	Progress 56.65%
2026-05-10 11:40:34 (204842) [INFO]	Progress 57.01%
2026-05-10 11:40:34 (204842) [INFO]	Progress 57.96%
2026-05-10 11:40:34 (204842) [INFO]	Progress 58.55%
2026-05-10 11:40:34 (204842) [INFO]	Progress 58.91%
2026-05-10 11:40:34 (204842) [INFO]	Progress 59.74%
2026-05-10 11:40:34 (204842) [INFO]	Progress 60.57%
2026-05-10 11:40:34 (204842) [INFO]	Progress 61.16%
2026-05-10 11:40:35 (204842) [INFO]	Progress 62.11%
2026-05-10 11:40:35 (204842) [INFO]	Progress 62.83%
2026-05-10 11:40:35 (204842) [INFO]	Progress 63.42%
2026-05-10 11:40:35 (204842) [INFO]	Progress 64.25%
2026-05-10 11:40:35 (204842) [INFO]	Progress 65.32%
2026-05-10 11:40:35 (204842) [INFO]	Progress 65.91%
2026-05-10 11:40:35 (204842) [INFO]	Progress 66.03%
2026-05-10 11:40:35 (204842) [INFO]	Progress 66.39%
2026-05-10 11:40:35 (204842) [INFO]	Progress 67.34%
2026-05-10 11:40:35 (204842) [INFO]	Progress 67.93%
2026-05-10 11:40:36 (204842) [INFO]	Progress 69.0%
2026-05-10 11:40:36 (204842) [INFO]	Progress 69.48%
2026-05-10 11:40:36 (204842) [INFO]	Progress 70.43%
2026-05-10 11:40:36 (204842) [INFO]	Progress 71.38%
2026-05-10 11:40:36 (204842) [INFO]	Progress 72.33%
2026-05-10 11:40:36 (204842) [INFO]	Progress 73.04%
2026-05-10 11:40:36 (204842) [INFO]	Progress 73.75%
2026-05-10 11:40:36 (204842) [INFO]	Progress 74.47%
2026-05-10 11:40:36 (204842) [INFO]	Progress 75.06%
2026-05-10 11:40:36 (204842) [INFO]	Progress 75.77%
2026-05-10 11:40:37 (204842) [INFO]	Progress 76.72%
2026-05-10 11:40:37 (204842) [INFO]	Progress 77.2%
2026-05-10 11:40:37 (204842) [INFO]	Progress 78.38%
2026-05-10 11:40:37 (204842) [INFO]	Progress 79.1%
2026-05-10 11:40:37 (204842) [INFO]	Progress 79.69%
2026-05-10 11:40:37 (204842) [INFO]	Progress 80.29%
2026-05-10 11:40:37 (204842) [INFO]	Progress 80.88%
2026-05-10 11:40:37 (204842) [INFO]	Progress 81.0%
2026-05-10 11:40:37 (204842) [INFO]	Progress 81.35%
2026-05-10 11:40:37 (204842) [INFO]	Progress 82.78%
2026-05-10 11:40:38 (204842) [INFO]	Progress 83.02%
2026-05-10 11:40:38 (204842) [INFO]	Progress 83.73%
2026-05-10 11:40:38 (204842) [INFO]	Progress 84.8%
2026-05-10 11:40:38 (204842) [INFO]	Progress 85.39%
2026-05-10 11:40:38 (204842) [INFO]	Progress 85.87%
2026-05-10 11:40:38 (204842) [INFO]	Progress 86.82%
2026-05-10 11:40:38 (204842) [INFO]	Progress 87.41%
2026-05-10 11:40:38 (204842) [INFO]	Progress 88.24%
2026-05-10 11:40:38 (204842) [INFO]	Progress 88.6%
2026-05-10 11:40:38 (204842) [INFO]	Progress 89.19%
2026-05-10 11:40:39 (204842) [INFO]	Progress 89.79%
2026-05-10 11:40:39 (204842) [INFO]	Progress 90.62%
2026-05-10 11:40:39 (204842) [INFO]	Progress 91.09%
2026-05-10 11:40:39 (204842) [INFO]	Progress 91.33%
2026-05-10 11:40:39 (204842) [INFO]	Progress 92.16%
2026-05-10 11:40:39 (204842) [INFO]	Progress 92.76%
2026-05-10 11:40:39 (204842) [INFO]	Progress 93.23%
2026-05-10 11:40:39 (204842) [INFO]	Progress 94.18%
2026-05-10 11:40:39 (204842) [INFO]	Progress 94.77%
2026-05-10 11:40:39 (204842) [INFO]	Progress 95.61%
2026-05-10 11:40:40 (204842) [INFO]	Progress 96.2%
2026-05-10 11:40:40 (204842) [INFO]	Progress 96.67%
2026-05-10 11:40:40 (204842) [INFO]	Progress 97.03%
2026-05-10 11:40:40 (204842) [INFO]	Progress 97.86%
2026-05-10 11:40:40 (204842) [INFO]	Progress 98.69%
2026-05-10 11:40:40 (204842) [INFO]	Progress 99.17%
2026-05-10 11:40:40 (204842) [INFO]	Progress 100.0%
2026-05-10 11:40:40 (204842) [INFO]	Progress done!


2026-05-10 11:40:41 (204842) [INFO]	Scanning for motifs and matching to signals...
2026-05-10 11:40:41 (204842) [INFO]	Progress 0%
2026-05-10 11:41:05 (204842) [INFO]	Progress 1.0%
2026-05-10 11:41:06 (204842) [INFO]	Progress 2.0%
2026-05-10 11:41:07 (204842) [INFO]	Progress 3.0%
2026-05-10 11:41:07 (204842) [INFO]	Progress 4.0%
2026-05-10 11:41:08 (204842) [INFO]	Progress 5.0%
2026-05-10 11:41:08 (204842) [INFO]	Progress 6.0%
2026-05-10 11:41:08 (204842) [INFO]	Progress 7.0%
2026-05-10 11:41:08 (204842) [INFO]	Progress 8.0%
2026-05-10 11:41:09 (204842) [INFO]	Progress 9.0%
2026-05-10 11:41:10 (204842) [INFO]	Progress 10.0%
2026-05-10 11:41:10 (204842) [INFO]	Progress 11.0%
2026-05-10 11:41:10 (204842) [INFO]	Progress 12.0%
2026-05-10 11:41:11 (204842) [INFO]	Progress 13.0%
2026-05-10 11:41:12 (204842) [INFO]	Progress 14.0%
2026-05-10 11:41:12 (204842) [INFO]	Progress 15.0%
2026-05-10 11:41:16 (204842) [INFO]	Progress 16.0%
2026-05-10 11:41:20 (204842) [INFO]	Progress 17.0%
2026-05-10 11:41:32 (204842) [INFO]	Progress 18.0%
2026-05-10 11:41:33 (204842) [INFO]	Progress 19.0%
2026-05-10 11:41:33 (204842) [INFO]	Progress 20.0%
2026-05-10 11:41:35 (204842) [INFO]	Progress 21.0%
2026-05-10 11:41:36 (204842) [INFO]	Progress 22.0%
2026-05-10 11:41:36 (204842) [INFO]	Progress 23.0%
2026-05-10 11:41:36 (204842) [INFO]	Progress 24.0%
2026-05-10 11:41:37 (204842) [INFO]	Progress 25.0%
2026-05-10 11:41:37 (204842) [INFO]	Progress 26.0%
2026-05-10 11:41:38 (204842) [INFO]	Progress 27.0%
2026-05-10 11:41:39 (204842) [INFO]	Progress 28.0%
2026-05-10 11:41:40 (204842) [INFO]	Progress 29.0%
2026-05-10 11:41:40 (204842) [INFO]	Progress 30.0%
2026-05-10 11:41:40 (204842) [INFO]	Progress 31.0%
2026-05-10 11:41:42 (204842) [INFO]	Progress 32.0%
2026-05-10 11:41:42 (204842) [INFO]	Progress 33.0%
2026-05-10 11:41:48 (204842) [INFO]	Progress 34.0%
2026-05-10 11:42:00 (204842) [INFO]	Progress 35.0%
2026-05-10 11:42:01 (204842) [INFO]	Progress 36.0%
2026-05-10 11:42:01 (204842) [INFO]	Progress 37.0%
2026-05-10 11:42:01 (204842) [INFO]	Progress 38.0%
2026-05-10 11:42:03 (204842) [INFO]	Progress 39.0%
2026-05-10 11:42:05 (204842) [INFO]	Progress 40.0%
2026-05-10 11:42:07 (204842) [INFO]	Progress 41.0%
2026-05-10 11:42:07 (204842) [INFO]	Progress 42.0%
2026-05-10 11:42:07 (204842) [INFO]	Progress 43.0%
2026-05-10 11:42:07 (204842) [INFO]	Progress 44.0%
2026-05-10 11:42:08 (204842) [INFO]	Progress 45.0%
2026-05-10 11:42:09 (204842) [INFO]	Progress 46.0%
2026-05-10 11:42:10 (204842) [INFO]	Progress 47.0%
2026-05-10 11:42:12 (204842) [INFO]	Progress 48.0%
2026-05-10 11:42:12 (204842) [INFO]	Progress 49.0%
2026-05-10 11:42:18 (204842) [INFO]	Progress 50.0%
2026-05-10 11:42:20 (204842) [INFO]	Progress 51.0%
2026-05-10 11:42:25 (204842) [INFO]	Progress 52.0%
2026-05-10 11:42:27 (204842) [INFO]	Progress 53.0%
2026-05-10 11:42:29 (204842) [INFO]	Progress 54.0%
2026-05-10 11:42:30 (204842) [INFO]	Progress 55.0%
2026-05-10 11:42:31 (204842) [INFO]	Progress 57.0%
2026-05-10 11:42:33 (204842) [INFO]	Progress 58.0%
2026-05-10 11:42:34 (204842) [INFO]	Progress 59.0%
2026-05-10 11:42:35 (204842) [INFO]	Progress 60.0%
2026-05-10 11:42:35 (204842) [INFO]	Progress 61.0%
2026-05-10 11:42:38 (204842) [INFO]	Progress 62.0%
2026-05-10 11:42:40 (204842) [INFO]	Progress 63.0%
2026-05-10 11:42:41 (204842) [INFO]	Progress 64.0%
2026-05-10 11:42:42 (204842) [INFO]	Progress 65.0%
2026-05-10 11:42:42 (204842) [INFO]	Progress 66.0%
2026-05-10 11:42:44 (204842) [INFO]	Progress 67.0%
2026-05-10 11:42:50 (204842) [INFO]	Progress 68.0%
2026-05-10 11:42:54 (204842) [INFO]	Progress 69.0%
2026-05-10 11:42:55 (204842) [INFO]	Progress 70.0%
2026-05-10 11:42:56 (204842) [INFO]	Progress 71.0%
2026-05-10 11:42:57 (204842) [INFO]	Progress 72.0%
2026-05-10 11:42:57 (204842) [INFO]	Progress 73.0%
2026-05-10 11:43:00 (204842) [INFO]	Progress 74.0%
2026-05-10 11:43:00 (204842) [INFO]	Progress 75.0%
2026-05-10 11:43:04 (204842) [INFO]	Progress 76.0%
2026-05-10 11:43:05 (204842) [INFO]	Progress 77.0%
2026-05-10 11:43:06 (204842) [INFO]	Progress 78.0%
2026-05-10 11:43:10 (204842) [INFO]	Progress 79.0%
2026-05-10 11:43:12 (204842) [INFO]	Progress 80.0%
2026-05-10 11:43:13 (204842) [INFO]	Progress 81.0%
2026-05-10 11:43:14 (204842) [INFO]	Progress 82.0%
2026-05-10 11:43:15 (204842) [INFO]	Progress 83.0%
2026-05-10 11:43:19 (204842) [INFO]	Progress 84.0%
2026-05-10 11:43:20 (204842) [INFO]	Progress 85.0%
2026-05-10 11:43:21 (204842) [INFO]	Progress 86.0%
2026-05-10 11:43:23 (204842) [INFO]	Progress 87.0%
2026-05-10 11:43:23 (204842) [INFO]	Progress 88.0%
2026-05-10 11:43:25 (204842) [INFO]	Progress 89.0%
2026-05-10 11:43:27 (204842) [INFO]	Progress 90.0%
2026-05-10 11:43:28 (204842) [INFO]	Progress 91.0%
2026-05-10 11:43:28 (204842) [INFO]	Progress 92.0%
2026-05-10 11:43:33 (204842) [INFO]	Progress 93.0%
2026-05-10 11:43:35 (204842) [INFO]	Progress 94.0%
2026-05-10 11:43:35 (204842) [INFO]	Progress 95.0%
2026-05-10 11:43:36 (204842) [INFO]	Progress 96.0%
2026-05-10 11:43:37 (204842) [INFO]	Progress 97.0%
2026-05-10 11:43:37 (204842) [INFO]	Progress 98.0%
2026-05-10 11:43:38 (204842) [INFO]	Progress 99.0%
2026-05-10 11:43:39 (204842) [INFO]	Progress 100.0%
2026-05-10 11:43:39 (204842) [INFO]	Progress done!
2026-05-10 11:43:39 (204842) [INFO]	Done scanning for TFBS across regions!
2026-05-10 11:43:39 (204842) [INFO]	Waiting for bedfiles to write
2026-05-10 11:43:42 (204842) [INFO]	Merging results from subsets

2026-05-10 11:44:15 (204842) [INFO]	Normalizing scores across conditions
2026-05-10 11:44:19 (204842) [INFO]	Estimating bound/unbound threshold
2026-05-10 11:44:26 (204842) [STATS]	- Threshold estimated at: 0.09753

2026-05-10 11:44:26 (204842) [INFO]	Calculating background log2 fold-changes between conditions
2026-05-10 11:44:26 (204842) [INFO]	- KO / WT

2026-05-10 11:44:26 (204842) [INFO]	Processing scanned TFBS individually
2026-05-10 11:44:28 (204842) [INFO]	Progress 0%
2026-05-10 11:44:30 (204842) [INFO]	Progress 0.12%
2026-05-10 11:44:31 (204842) [INFO]	Progress 0.24%
2026-05-10 11:44:34 (204842) [INFO]	Progress 0.36%
2026-05-10 11:44:35 (204842) [INFO]	Progress 0.48%
2026-05-10 11:44:36 (204842) [INFO]	Progress 0.59%
2026-05-10 11:44:36 (204842) [INFO]	Progress 0.71%
2026-05-10 11:44:36 (204842) [INFO]	Progress 0.83%
2026-05-10 11:44:37 (204842) [INFO]	Progress 0.95%
2026-05-10 11:44:37 (204842) [INFO]	Progress 1.07%
2026-05-10 11:44:39 (204842) [INFO]	Progress 1.31%
2026-05-10 11:44:40 (204842) [INFO]	Progress 1.43%
2026-05-10 11:44:41 (204842) [INFO]	Progress 1.54%
2026-05-10 11:44:42 (204842) [INFO]	Progress 1.66%
2026-05-10 11:44:43 (204842) [INFO]	Progress 1.78%
2026-05-10 11:44:47 (204842) [INFO]	Progress 1.9%
2026-05-10 11:44:48 (204842) [INFO]	Progress 2.02%
2026-05-10 11:44:48 (204842) [INFO]	Progress 2.14%
2026-05-10 11:44:48 (204842) [INFO]	Progress 2.26%
2026-05-10 11:44:48 (204842) [INFO]	Progress 2.38%
2026-05-10 11:44:50 (204842) [INFO]	Progress 2.49%
2026-05-10 11:44:51 (204842) [INFO]	Progress 2.61%
2026-05-10 11:44:51 (204842) [INFO]	Progress 2.73%
2026-05-10 11:44:52 (204842) [INFO]	Progress 2.85%
2026-05-10 11:44:52 (204842) [INFO]	Progress 2.97%
2026-05-10 11:44:53 (204842) [INFO]	Progress 3.09%
2026-05-10 11:44:53 (204842) [INFO]	Progress 3.21%
2026-05-10 11:44:54 (204842) [INFO]	Progress 3.33%
2026-05-10 11:44:54 (204842) [INFO]	Progress 3.44%
2026-05-10 11:44:57 (204842) [INFO]	Progress 3.56%
2026-05-10 11:44:57 (204842) [INFO]	Progress 3.68%
2026-05-10 11:44:58 (204842) [INFO]	Progress 3.8%
2026-05-10 11:44:59 (204842) [INFO]	Progress 3.92%
2026-05-10 11:45:01 (204842) [INFO]	Progress 4.04%
2026-05-10 11:45:01 (204842) [INFO]	Progress 4.16%
2026-05-10 11:45:01 (204842) [INFO]	Progress 4.28%
2026-05-10 11:45:03 (204842) [INFO]	Progress 4.39%
2026-05-10 11:45:03 (204842) [INFO]	Progress 4.51%
2026-05-10 11:45:04 (204842) [INFO]	Progress 4.63%
2026-05-10 11:45:06 (204842) [INFO]	Progress 4.75%
2026-05-10 11:45:07 (204842) [INFO]	Progress 4.87%
2026-05-10 11:45:08 (204842) [INFO]	Progress 4.99%
2026-05-10 11:45:09 (204842) [INFO]	Progress 5.23%
2026-05-10 11:45:10 (204842) [INFO]	Progress 5.34%
2026-05-10 11:45:11 (204842) [INFO]	Progress 5.46%
2026-05-10 11:45:11 (204842) [INFO]	Progress 5.58%
2026-05-10 11:45:13 (204842) [INFO]	Progress 5.7%
2026-05-10 11:45:16 (204842) [INFO]	Progress 5.82%
2026-05-10 11:45:16 (204842) [INFO]	Progress 5.94%
2026-05-10 11:45:17 (204842) [INFO]	Progress 6.06%
2026-05-10 11:45:20 (204842) [INFO]	Progress 6.18%
2026-05-10 11:45:21 (204842) [INFO]	Progress 6.29%
2026-05-10 11:45:22 (204842) [INFO]	Progress 6.41%
2026-05-10 11:45:22 (204842) [INFO]	Progress 6.53%
2026-05-10 11:45:25 (204842) [INFO]	Progress 6.77%
2026-05-10 11:45:25 (204842) [INFO]	Progress 6.89%
2026-05-10 11:45:27 (204842) [INFO]	Progress 7.01%
2026-05-10 11:45:29 (204842) [INFO]	Progress 7.13%
2026-05-10 11:45:29 (204842) [INFO]	Progress 7.24%
2026-05-10 11:45:30 (204842) [INFO]	Progress 7.36%
2026-05-10 11:45:31 (204842) [INFO]	Progress 7.48%
2026-05-10 11:45:32 (204842) [INFO]	Progress 7.72%
2026-05-10 11:45:33 (204842) [INFO]	Progress 7.84%
2026-05-10 11:45:34 (204842) [INFO]	Progress 7.96%
2026-05-10 11:45:34 (204842) [INFO]	Progress 8.08%
2026-05-10 11:45:35 (204842) [INFO]	Progress 8.19%
2026-05-10 11:45:35 (204842) [INFO]	Progress 8.31%
2026-05-10 11:45:36 (204842) [INFO]	Progress 8.43%
2026-05-10 11:45:38 (204842) [INFO]	Progress 8.55%
2026-05-10 11:45:38 (204842) [INFO]	Progress 8.67%
2026-05-10 11:45:39 (204842) [INFO]	Progress 8.79%
2026-05-10 11:45:43 (204842) [INFO]	Progress 8.91%
2026-05-10 11:45:43 (204842) [INFO]	Progress 9.03%
2026-05-10 11:45:44 (204842) [INFO]	Progress 9.14%
2026-05-10 11:45:44 (204842) [INFO]	Progress 9.26%
2026-05-10 11:45:46 (204842) [INFO]	Progress 9.38%
2026-05-10 11:45:46 (204842) [INFO]	Progress 9.5%
2026-05-10 11:45:47 (204842) [INFO]	Progress 9.62%
2026-05-10 11:45:47 (204842) [INFO]	Progress 9.74%
2026-05-10 11:45:48 (204842) [INFO]	Progress 9.98%
2026-05-10 11:45:48 (204842) [INFO]	Progress 10.1%
2026-05-10 11:45:50 (204842) [INFO]	Progress 10.33%
2026-05-10 11:45:51 (204842) [INFO]	Progress 10.45%
2026-05-10 11:45:51 (204842) [INFO]	Progress 10.57%
2026-05-10 11:45:52 (204842) [INFO]	Progress 10.69%
2026-05-10 11:45:53 (204842) [INFO]	Progress 10.81%
2026-05-10 11:45:58 (204842) [INFO]	Progress 10.93%
2026-05-10 11:45:58 (204842) [INFO]	Progress 11.05%
2026-05-10 11:45:59 (204842) [INFO]	Progress 11.16%
2026-05-10 11:46:00 (204842) [INFO]	Progress 11.28%
2026-05-10 11:46:01 (204842) [INFO]	Progress 11.4%
2026-05-10 11:46:03 (204842) [INFO]	Progress 11.52%
2026-05-10 11:46:03 (204842) [INFO]	Progress 11.64%
2026-05-10 11:46:05 (204842) [INFO]	Progress 11.88%
2026-05-10 11:46:08 (204842) [INFO]	Progress 12.0%
2026-05-10 11:46:08 (204842) [INFO]	Progress 12.11%
2026-05-10 11:46:09 (204842) [INFO]	Progress 12.23%
2026-05-10 11:46:10 (204842) [INFO]	Progress 12.35%
2026-05-10 11:46:10 (204842) [INFO]	Progress 12.47%
2026-05-10 11:46:10 (204842) [INFO]	Progress 12.59%
2026-05-10 11:46:12 (204842) [INFO]	Progress 12.71%
2026-05-10 11:46:13 (204842) [INFO]	Progress 12.83%
2026-05-10 11:46:14 (204842) [INFO]	Progress 12.95%
2026-05-10 11:46:17 (204842) [INFO]	Progress 13.06%
2026-05-10 11:46:18 (204842) [INFO]	Progress 13.18%
2026-05-10 11:46:18 (204842) [INFO]	Progress 13.3%
2026-05-10 11:46:19 (204842) [INFO]	Progress 13.42%
2026-05-10 11:46:20 (204842) [INFO]	Progress 13.54%
2026-05-10 11:46:21 (204842) [INFO]	Progress 13.66%
2026-05-10 11:46:23 (204842) [INFO]	Progress 13.78%
2026-05-10 11:46:23 (204842) [INFO]	Progress 13.9%
2026-05-10 11:46:24 (204842) [INFO]	Progress 14.01%
2026-05-10 11:46:24 (204842) [INFO]	Progress 14.13%
2026-05-10 11:46:24 (204842) [INFO]	Progress 14.25%
2026-05-10 11:46:25 (204842) [INFO]	Progress 14.37%
2026-05-10 11:46:25 (204842) [INFO]	Progress 14.49%
2026-05-10 11:46:25 (204842) [INFO]	Progress 14.61%
2026-05-10 11:46:26 (204842) [INFO]	Progress 14.73%
2026-05-10 11:46:26 (204842) [INFO]	Progress 14.85%
2026-05-10 11:46:32 (204842) [INFO]	Progress 14.96%
2026-05-10 11:46:34 (204842) [INFO]	Progress 15.08%
2026-05-10 11:46:34 (204842) [INFO]	Progress 15.2%
2026-05-10 11:46:34 (204842) [INFO]	Progress 15.32%
2026-05-10 11:46:35 (204842) [INFO]	Progress 15.44%
2026-05-10 11:46:35 (204842) [INFO]	Progress 15.56%
2026-05-10 11:46:36 (204842) [INFO]	Progress 15.68%
2026-05-10 11:46:37 (204842) [INFO]	Progress 15.8%
2026-05-10 11:46:38 (204842) [INFO]	Progress 15.91%
2026-05-10 11:46:38 (204842) [INFO]	Progress 16.03%
2026-05-10 11:46:39 (204842) [INFO]	Progress 16.15%
2026-05-10 11:46:41 (204842) [INFO]	Progress 16.27%
2026-05-10 11:46:44 (204842) [INFO]	Progress 16.39%
2026-05-10 11:46:44 (204842) [INFO]	Progress 16.51%
2026-05-10 11:46:45 (204842) [INFO]	Progress 16.63%
2026-05-10 11:46:45 (204842) [INFO]	Progress 16.75%
2026-05-10 11:46:47 (204842) [INFO]	Progress 16.86%
2026-05-10 11:46:47 (204842) [INFO]	Progress 16.98%
2026-05-10 11:46:49 (204842) [INFO]	Progress 17.1%
2026-05-10 11:46:49 (204842) [INFO]	Progress 17.22%
2026-05-10 11:46:50 (204842) [INFO]	Progress 17.34%
2026-05-10 11:46:52 (204842) [INFO]	Progress 17.46%
2026-05-10 11:46:54 (204842) [INFO]	Progress 17.58%
2026-05-10 11:46:54 (204842) [INFO]	Progress 17.7%
2026-05-10 11:46:54 (204842) [INFO]	Progress 17.81%
2026-05-10 11:46:57 (204842) [INFO]	Progress 17.93%
2026-05-10 11:46:58 (204842) [INFO]	Progress 18.05%
2026-05-10 11:46:58 (204842) [INFO]	Progress 18.17%
2026-05-10 11:46:58 (204842) [INFO]	Progress 18.41%
2026-05-10 11:46:59 (204842) [INFO]	Progress 18.53%
2026-05-10 11:46:59 (204842) [INFO]	Progress 18.65%
2026-05-10 11:47:01 (204842) [INFO]	Progress 18.76%
2026-05-10 11:47:03 (204842) [INFO]	Progress 18.88%
2026-05-10 11:47:04 (204842) [INFO]	Progress 19.0%
2026-05-10 11:47:05 (204842) [INFO]	Progress 19.12%
2026-05-10 11:47:06 (204842) [INFO]	Progress 19.24%
2026-05-10 11:47:07 (204842) [INFO]	Progress 19.36%
2026-05-10 11:47:10 (204842) [INFO]	Progress 19.48%
2026-05-10 11:47:10 (204842) [INFO]	Progress 19.71%
2026-05-10 11:47:11 (204842) [INFO]	Progress 19.83%
2026-05-10 11:47:13 (204842) [INFO]	Progress 19.95%
2026-05-10 11:47:13 (204842) [INFO]	Progress 20.07%
2026-05-10 11:47:15 (204842) [INFO]	Progress 20.19%
2026-05-10 11:47:17 (204842) [INFO]	Progress 20.31%
2026-05-10 11:47:18 (204842) [INFO]	Progress 20.43%
2026-05-10 11:47:21 (204842) [INFO]	Progress 20.55%
2026-05-10 11:47:23 (204842) [INFO]	Progress 20.67%
2026-05-10 11:47:24 (204842) [INFO]	Progress 20.78%
2026-05-10 11:47:25 (204842) [INFO]	Progress 20.9%
2026-05-10 11:47:25 (204842) [INFO]	Progress 21.02%
2026-05-10 11:47:25 (204842) [INFO]	Progress 21.26%
2026-05-10 11:47:26 (204842) [INFO]	Progress 21.38%
2026-05-10 11:47:27 (204842) [INFO]	Progress 21.5%
2026-05-10 11:47:27 (204842) [INFO]	Progress 21.62%
2026-05-10 11:47:28 (204842) [INFO]	Progress 21.73%
2026-05-10 11:47:29 (204842) [INFO]	Progress 21.85%
2026-05-10 11:47:31 (204842) [INFO]	Progress 21.97%
2026-05-10 11:47:31 (204842) [INFO]	Progress 22.09%
2026-05-10 11:47:32 (204842) [INFO]	Progress 22.21%
2026-05-10 11:47:33 (204842) [INFO]	Progress 22.33%
2026-05-10 11:47:33 (204842) [INFO]	Progress 22.45%
2026-05-10 11:47:35 (204842) [INFO]	Progress 22.57%
2026-05-10 11:47:36 (204842) [INFO]	Progress 22.68%
2026-05-10 11:47:37 (204842) [INFO]	Progress 22.8%
2026-05-10 11:47:38 (204842) [INFO]	Progress 22.92%
2026-05-10 11:47:38 (204842) [INFO]	Progress 23.04%
2026-05-10 11:47:39 (204842) [INFO]	Progress 23.16%
2026-05-10 11:47:39 (204842) [INFO]	Progress 23.28%
2026-05-10 11:47:40 (204842) [INFO]	Progress 23.4%
2026-05-10 11:47:42 (204842) [INFO]	Progress 23.52%
2026-05-10 11:47:43 (204842) [INFO]	Progress 23.63%
2026-05-10 11:47:43 (204842) [INFO]	Progress 23.75%
2026-05-10 11:47:44 (204842) [INFO]	Progress 23.87%
2026-05-10 11:47:44 (204842) [INFO]	Progress 23.99%
2026-05-10 11:47:44 (204842) [INFO]	Progress 24.11%
2026-05-10 11:47:45 (204842) [INFO]	Progress 24.23%
2026-05-10 11:47:45 (204842) [INFO]	Progress 24.35%
2026-05-10 11:47:46 (204842) [INFO]	Progress 24.58%
2026-05-10 11:47:46 (204842) [INFO]	Progress 24.7%
2026-05-10 11:47:47 (204842) [INFO]	Progress 24.82%
2026-05-10 11:47:49 (204842) [INFO]	Progress 24.94%
2026-05-10 11:47:51 (204842) [INFO]	Progress 25.06%
2026-05-10 11:47:51 (204842) [INFO]	Progress 25.18%
2026-05-10 11:47:51 (204842) [INFO]	Progress 25.42%
2026-05-10 11:47:53 (204842) [INFO]	Progress 25.53%
2026-05-10 11:47:53 (204842) [INFO]	Progress 25.65%
2026-05-10 11:47:54 (204842) [INFO]	Progress 25.77%
2026-05-10 11:47:55 (204842) [INFO]	Progress 26.01%
2026-05-10 11:47:56 (204842) [INFO]	Progress 26.13%
2026-05-10 11:47:57 (204842) [INFO]	Progress 26.25%
2026-05-10 11:47:58 (204842) [INFO]	Progress 26.37%
2026-05-10 11:47:59 (204842) [INFO]	Progress 26.48%
2026-05-10 11:47:59 (204842) [INFO]	Progress 26.6%
2026-05-10 11:47:59 (204842) [INFO]	Progress 26.72%
2026-05-10 11:47:59 (204842) [INFO]	Progress 26.84%
2026-05-10 11:47:59 (204842) [INFO]	Progress 26.96%
2026-05-10 11:48:00 (204842) [INFO]	Progress 27.08%
2026-05-10 11:48:00 (204842) [INFO]	Progress 27.2%
2026-05-10 11:48:00 (204842) [INFO]	Progress 27.32%
2026-05-10 11:48:01 (204842) [INFO]	Progress 27.43%
2026-05-10 11:48:01 (204842) [INFO]	Progress 27.55%
2026-05-10 11:48:01 (204842) [INFO]	Progress 27.67%
2026-05-10 11:48:02 (204842) [INFO]	Progress 27.79%
2026-05-10 11:48:04 (204842) [INFO]	Progress 27.91%
2026-05-10 11:48:04 (204842) [INFO]	Progress 28.03%
2026-05-10 11:48:04 (204842) [INFO]	Progress 28.15%
2026-05-10 11:48:05 (204842) [INFO]	Progress 28.27%
2026-05-10 11:48:06 (204842) [INFO]	Progress 28.38%
2026-05-10 11:48:06 (204842) [INFO]	Progress 28.5%
2026-05-10 11:48:06 (204842) [INFO]	Progress 28.62%
2026-05-10 11:48:07 (204842) [INFO]	Progress 28.74%
2026-05-10 11:48:09 (204842) [INFO]	Progress 28.86%
2026-05-10 11:48:09 (204842) [INFO]	Progress 28.98%
2026-05-10 11:48:11 (204842) [INFO]	Progress 29.1%
2026-05-10 11:48:11 (204842) [INFO]	Progress 29.22%
2026-05-10 11:48:12 (204842) [INFO]	Progress 29.33%
2026-05-10 11:48:12 (204842) [INFO]	Progress 29.45%
2026-05-10 11:48:12 (204842) [INFO]	Progress 29.57%
2026-05-10 11:48:13 (204842) [INFO]	Progress 29.69%
2026-05-10 11:48:14 (204842) [INFO]	Progress 29.81%
2026-05-10 11:48:15 (204842) [INFO]	Progress 29.93%
2026-05-10 11:48:15 (204842) [INFO]	Progress 30.05%
2026-05-10 11:48:15 (204842) [INFO]	Progress 30.17%
2026-05-10 11:48:15 (204842) [INFO]	Progress 30.29%
2026-05-10 11:48:16 (204842) [INFO]	Progress 30.4%
2026-05-10 11:48:16 (204842) [INFO]	Progress 30.52%
2026-05-10 11:48:17 (204842) [INFO]	Progress 30.64%
2026-05-10 11:48:17 (204842) [INFO]	Progress 30.76%
2026-05-10 11:48:18 (204842) [INFO]	Progress 30.88%
2026-05-10 11:48:18 (204842) [INFO]	Progress 31.0%
2026-05-10 11:48:18 (204842) [INFO]	Progress 31.12%
2026-05-10 11:48:22 (204842) [INFO]	Progress 31.24%
2026-05-10 11:48:23 (204842) [INFO]	Progress 31.35%
2026-05-10 11:48:23 (204842) [INFO]	Progress 31.47%
2026-05-10 11:48:23 (204842) [INFO]	Progress 31.59%
2026-05-10 11:48:25 (204842) [INFO]	Progress 31.71%
2026-05-10 11:48:26 (204842) [INFO]	Progress 31.83%
2026-05-10 11:48:27 (204842) [INFO]	Progress 31.95%
2026-05-10 11:48:28 (204842) [INFO]	Progress 32.07%
2026-05-10 11:48:28 (204842) [INFO]	Progress 32.19%
2026-05-10 11:48:29 (204842) [INFO]	Progress 32.3%
2026-05-10 11:48:30 (204842) [INFO]	Progress 32.42%
2026-05-10 11:48:30 (204842) [INFO]	Progress 32.54%
2026-05-10 11:48:32 (204842) [INFO]	Progress 32.66%
2026-05-10 11:48:32 (204842) [INFO]	Progress 32.78%
2026-05-10 11:48:34 (204842) [INFO]	Progress 32.9%
2026-05-10 11:48:35 (204842) [INFO]	Progress 33.02%
2026-05-10 11:48:36 (204842) [INFO]	Progress 33.14%
2026-05-10 11:48:37 (204842) [INFO]	Progress 33.25%
2026-05-10 11:48:38 (204842) [INFO]	Progress 33.37%
2026-05-10 11:48:38 (204842) [INFO]	Progress 33.49%
2026-05-10 11:48:38 (204842) [INFO]	Progress 33.61%
2026-05-10 11:48:40 (204842) [INFO]	Progress 33.73%
2026-05-10 11:48:40 (204842) [INFO]	Progress 33.85%
2026-05-10 11:48:42 (204842) [INFO]	Progress 33.97%
2026-05-10 11:48:42 (204842) [INFO]	Progress 34.09%
2026-05-10 11:48:42 (204842) [INFO]	Progress 34.2%
2026-05-10 11:48:44 (204842) [INFO]	Progress 34.32%
2026-05-10 11:48:44 (204842) [INFO]	Progress 34.44%
2026-05-10 11:48:45 (204842) [INFO]	Progress 34.56%
2026-05-10 11:48:45 (204842) [INFO]	Progress 34.68%
2026-05-10 11:48:45 (204842) [INFO]	Progress 34.8%
2026-05-10 11:48:46 (204842) [INFO]	Progress 34.92%
2026-05-10 11:48:47 (204842) [INFO]	Progress 35.04%
2026-05-10 11:48:47 (204842) [INFO]	Progress 35.15%
2026-05-10 11:48:48 (204842) [INFO]	Progress 35.27%
2026-05-10 11:48:49 (204842) [INFO]	Progress 35.39%
2026-05-10 11:48:49 (204842) [INFO]	Progress 35.51%
2026-05-10 11:48:50 (204842) [INFO]	Progress 35.63%
2026-05-10 11:48:50 (204842) [INFO]	Progress 35.75%
2026-05-10 11:48:51 (204842) [INFO]	Progress 35.87%
2026-05-10 11:48:51 (204842) [INFO]	Progress 35.99%
2026-05-10 11:48:52 (204842) [INFO]	Progress 36.1%
2026-05-10 11:48:53 (204842) [INFO]	Progress 36.22%
2026-05-10 11:48:53 (204842) [INFO]	Progress 36.34%
2026-05-10 11:48:54 (204842) [INFO]	Progress 36.46%
2026-05-10 11:48:54 (204842) [INFO]	Progress 36.7%
2026-05-10 11:48:56 (204842) [INFO]	Progress 36.82%
2026-05-10 11:48:56 (204842) [INFO]	Progress 36.94%
2026-05-10 11:48:57 (204842) [INFO]	Progress 37.05%
2026-05-10 11:48:58 (204842) [INFO]	Progress 37.29%
2026-05-10 11:48:58 (204842) [INFO]	Progress 37.41%
2026-05-10 11:48:59 (204842) [INFO]	Progress 37.53%
2026-05-10 11:48:59 (204842) [INFO]	Progress 37.65%
2026-05-10 11:48:59 (204842) [INFO]	Progress 37.77%
2026-05-10 11:49:00 (204842) [INFO]	Progress 37.89%
2026-05-10 11:49:00 (204842) [INFO]	Progress 38.0%
2026-05-10 11:49:00 (204842) [INFO]	Progress 38.12%
2026-05-10 11:49:01 (204842) [INFO]	Progress 38.24%
2026-05-10 11:49:04 (204842) [INFO]	Progress 38.36%
2026-05-10 11:49:04 (204842) [INFO]	Progress 38.48%
2026-05-10 11:49:06 (204842) [INFO]	Progress 38.6%
2026-05-10 11:49:08 (204842) [INFO]	Progress 38.72%
2026-05-10 11:49:10 (204842) [INFO]	Progress 38.84%
2026-05-10 11:49:11 (204842) [INFO]	Progress 38.95%
2026-05-10 11:49:13 (204842) [INFO]	Progress 39.07%
2026-05-10 11:49:13 (204842) [INFO]	Progress 39.19%
2026-05-10 11:49:14 (204842) [INFO]	Progress 39.31%
2026-05-10 11:49:14 (204842) [INFO]	Progress 39.43%
2026-05-10 11:49:15 (204842) [INFO]	Progress 39.67%
2026-05-10 11:49:15 (204842) [INFO]	Progress 39.79%
2026-05-10 11:49:16 (204842) [INFO]	Progress 39.9%
2026-05-10 11:49:16 (204842) [INFO]	Progress 40.02%
2026-05-10 11:49:17 (204842) [INFO]	Progress 40.14%
2026-05-10 11:49:20 (204842) [INFO]	Progress 40.26%
2026-05-10 11:49:20 (204842) [INFO]	Progress 40.38%
2026-05-10 11:49:20 (204842) [INFO]	Progress 40.5%
2026-05-10 11:49:21 (204842) [INFO]	Progress 40.62%
2026-05-10 11:49:21 (204842) [INFO]	Progress 40.74%
2026-05-10 11:49:21 (204842) [INFO]	Progress 40.86%
2026-05-10 11:49:24 (204842) [INFO]	Progress 40.97%
2026-05-10 11:49:24 (204842) [INFO]	Progress 41.09%
2026-05-10 11:49:25 (204842) [INFO]	Progress 41.21%
2026-05-10 11:49:27 (204842) [INFO]	Progress 41.33%
2026-05-10 11:49:29 (204842) [INFO]	Progress 41.45%
2026-05-10 11:49:31 (204842) [INFO]	Progress 41.57%
2026-05-10 11:49:31 (204842) [INFO]	Progress 41.69%
2026-05-10 11:49:31 (204842) [INFO]	Progress 41.92%
2026-05-10 11:49:32 (204842) [INFO]	Progress 42.04%
2026-05-10 11:49:32 (204842) [INFO]	Progress 42.16%
2026-05-10 11:49:33 (204842) [INFO]	Progress 42.28%
2026-05-10 11:49:34 (204842) [INFO]	Progress 42.4%
2026-05-10 11:49:36 (204842) [INFO]	Progress 42.52%
2026-05-10 11:49:37 (204842) [INFO]	Progress 42.64%
2026-05-10 11:49:39 (204842) [INFO]	Progress 42.87%
2026-05-10 11:49:40 (204842) [INFO]	Progress 42.99%
2026-05-10 11:49:42 (204842) [INFO]	Progress 43.23%
2026-05-10 11:49:43 (204842) [INFO]	Progress 43.35%
2026-05-10 11:49:43 (204842) [INFO]	Progress 43.47%
2026-05-10 11:49:43 (204842) [INFO]	Progress 43.59%
2026-05-10 11:49:43 (204842) [INFO]	Progress 43.71%
2026-05-10 11:49:44 (204842) [INFO]	Progress 43.82%
2026-05-10 11:49:46 (204842) [INFO]	Progress 43.94%
2026-05-10 11:49:47 (204842) [INFO]	Progress 44.06%
2026-05-10 11:49:47 (204842) [INFO]	Progress 44.18%
2026-05-10 11:49:48 (204842) [INFO]	Progress 44.3%
2026-05-10 11:49:50 (204842) [INFO]	Progress 44.42%
2026-05-10 11:49:50 (204842) [INFO]	Progress 44.54%
2026-05-10 11:49:50 (204842) [INFO]	Progress 44.66%
2026-05-10 11:49:51 (204842) [INFO]	Progress 44.77%
2026-05-10 11:49:52 (204842) [INFO]	Progress 45.01%
2026-05-10 11:49:55 (204842) [INFO]	Progress 45.13%
2026-05-10 11:49:56 (204842) [INFO]	Progress 45.25%
2026-05-10 11:49:57 (204842) [INFO]	Progress 45.37%
2026-05-10 11:49:57 (204842) [INFO]	Progress 45.49%
2026-05-10 11:49:57 (204842) [INFO]	Progress 45.61%
2026-05-10 11:49:58 (204842) [INFO]	Progress 45.72%
2026-05-10 11:49:59 (204842) [INFO]	Progress 45.96%
2026-05-10 11:49:59 (204842) [INFO]	Progress 46.2%
2026-05-10 11:50:00 (204842) [INFO]	Progress 46.32%
2026-05-10 11:50:01 (204842) [INFO]	Progress 46.44%
2026-05-10 11:50:02 (204842) [INFO]	Progress 46.67%
2026-05-10 11:50:02 (204842) [INFO]	Progress 46.91%
2026-05-10 11:50:03 (204842) [INFO]	Progress 47.03%
2026-05-10 11:50:04 (204842) [INFO]	Progress 47.15%
2026-05-10 11:50:06 (204842) [INFO]	Progress 47.27%
2026-05-10 11:50:06 (204842) [INFO]	Progress 47.39%
2026-05-10 11:50:09 (204842) [INFO]	Progress 47.51%
2026-05-10 11:50:10 (204842) [INFO]	Progress 47.62%
2026-05-10 11:50:10 (204842) [INFO]	Progress 47.74%
2026-05-10 11:50:10 (204842) [INFO]	Progress 47.86%
2026-05-10 11:50:11 (204842) [INFO]	Progress 47.98%
2026-05-10 11:50:12 (204842) [INFO]	Progress 48.1%
2026-05-10 11:50:12 (204842) [INFO]	Progress 48.22%
2026-05-10 11:50:12 (204842) [INFO]	Progress 48.34%
2026-05-10 11:50:13 (204842) [INFO]	Progress 48.46%
2026-05-10 11:50:14 (204842) [INFO]	Progress 48.57%
2026-05-10 11:50:14 (204842) [INFO]	Progress 48.69%
2026-05-10 11:50:15 (204842) [INFO]	Progress 48.81%
2026-05-10 11:50:16 (204842) [INFO]	Progress 49.05%
2026-05-10 11:50:17 (204842) [INFO]	Progress 49.17%
2026-05-10 11:50:17 (204842) [INFO]	Progress 49.29%
2026-05-10 11:50:17 (204842) [INFO]	Progress 49.41%
2026-05-10 11:50:17 (204842) [INFO]	Progress 49.52%
2026-05-10 11:50:19 (204842) [INFO]	Progress 49.64%
2026-05-10 11:50:19 (204842) [INFO]	Progress 49.76%
2026-05-10 11:50:19 (204842) [INFO]	Progress 49.88%
2026-05-10 11:50:20 (204842) [INFO]	Progress 50.0%
2026-05-10 11:50:21 (204842) [INFO]	Progress 50.12%
2026-05-10 11:50:21 (204842) [INFO]	Progress 50.36%
2026-05-10 11:50:22 (204842) [INFO]	Progress 50.48%
2026-05-10 11:50:22 (204842) [INFO]	Progress 50.59%
2026-05-10 11:50:23 (204842) [INFO]	Progress 50.83%
2026-05-10 11:50:26 (204842) [INFO]	Progress 50.95%
2026-05-10 11:50:26 (204842) [INFO]	Progress 51.07%
2026-05-10 11:50:26 (204842) [INFO]	Progress 51.31%
2026-05-10 11:50:27 (204842) [INFO]	Progress 51.43%
2026-05-10 11:50:27 (204842) [INFO]	Progress 51.54%
2026-05-10 11:50:28 (204842) [INFO]	Progress 51.66%
2026-05-10 11:50:28 (204842) [INFO]	Progress 51.78%
2026-05-10 11:50:28 (204842) [INFO]	Progress 51.9%
2026-05-10 11:50:30 (204842) [INFO]	Progress 52.02%
2026-05-10 11:50:31 (204842) [INFO]	Progress 52.14%
2026-05-10 11:50:32 (204842) [INFO]	Progress 52.26%
2026-05-10 11:50:33 (204842) [INFO]	Progress 52.38%
2026-05-10 11:50:33 (204842) [INFO]	Progress 52.49%
2026-05-10 11:50:33 (204842) [INFO]	Progress 52.61%
2026-05-10 11:50:34 (204842) [INFO]	Progress 52.73%
2026-05-10 11:50:34 (204842) [INFO]	Progress 52.85%
2026-05-10 11:50:35 (204842) [INFO]	Progress 52.97%
2026-05-10 11:50:35 (204842) [INFO]	Progress 53.09%
2026-05-10 11:50:37 (204842) [INFO]	Progress 53.21%
2026-05-10 11:50:39 (204842) [INFO]	Progress 53.33%
2026-05-10 11:50:41 (204842) [INFO]	Progress 53.44%
2026-05-10 11:50:41 (204842) [INFO]	Progress 53.56%
2026-05-10 11:50:42 (204842) [INFO]	Progress 53.68%
2026-05-10 11:50:42 (204842) [INFO]	Progress 53.8%
2026-05-10 11:50:43 (204842) [INFO]	Progress 53.92%
2026-05-10 11:50:46 (204842) [INFO]	Progress 54.04%
2026-05-10 11:50:46 (204842) [INFO]	Progress 54.28%
2026-05-10 11:50:47 (204842) [INFO]	Progress 54.39%
2026-05-10 11:50:47 (204842) [INFO]	Progress 54.63%
2026-05-10 11:50:49 (204842) [INFO]	Progress 54.87%
2026-05-10 11:50:49 (204842) [INFO]	Progress 54.99%
2026-05-10 11:50:49 (204842) [INFO]	Progress 55.23%
2026-05-10 11:50:50 (204842) [INFO]	Progress 55.34%
2026-05-10 11:50:50 (204842) [INFO]	Progress 55.46%
2026-05-10 11:50:51 (204842) [INFO]	Progress 55.58%
2026-05-10 11:50:51 (204842) [INFO]	Progress 55.82%
2026-05-10 11:50:53 (204842) [INFO]	Progress 55.94%
2026-05-10 11:50:53 (204842) [INFO]	Progress 56.06%
2026-05-10 11:50:54 (204842) [INFO]	Progress 56.18%
2026-05-10 11:50:54 (204842) [INFO]	Progress 56.29%
2026-05-10 11:50:54 (204842) [INFO]	Progress 56.41%
2026-05-10 11:50:54 (204842) [INFO]	Progress 56.53%
2026-05-10 11:50:54 (204842) [INFO]	Progress 56.65%
2026-05-10 11:50:55 (204842) [INFO]	Progress 56.77%
2026-05-10 11:50:55 (204842) [INFO]	Progress 56.89%
2026-05-10 11:50:55 (204842) [INFO]	Progress 57.01%
2026-05-10 11:50:55 (204842) [INFO]	Progress 57.13%
2026-05-10 11:50:55 (204842) [INFO]	Progress 57.24%
2026-05-10 11:50:56 (204842) [INFO]	Progress 57.48%
2026-05-10 11:50:57 (204842) [INFO]	Progress 57.6%
2026-05-10 11:50:58 (204842) [INFO]	Progress 57.72%
2026-05-10 11:50:59 (204842) [INFO]	Progress 57.84%
2026-05-10 11:50:59 (204842) [INFO]	Progress 57.96%
2026-05-10 11:50:59 (204842) [INFO]	Progress 58.08%
2026-05-10 11:51:00 (204842) [INFO]	Progress 58.19%
2026-05-10 11:51:00 (204842) [INFO]	Progress 58.31%
2026-05-10 11:51:01 (204842) [INFO]	Progress 58.43%
2026-05-10 11:51:01 (204842) [INFO]	Progress 58.55%
2026-05-10 11:51:02 (204842) [INFO]	Progress 58.79%
2026-05-10 11:51:02 (204842) [INFO]	Progress 58.91%
2026-05-10 11:51:03 (204842) [INFO]	Progress 59.03%
2026-05-10 11:51:04 (204842) [INFO]	Progress 59.14%
2026-05-10 11:51:04 (204842) [INFO]	Progress 59.26%
2026-05-10 11:51:05 (204842) [INFO]	Progress 59.38%
2026-05-10 11:51:05 (204842) [INFO]	Progress 59.5%
2026-05-10 11:51:05 (204842) [INFO]	Progress 59.62%
2026-05-10 11:51:05 (204842) [INFO]	Progress 59.74%
2026-05-10 11:51:06 (204842) [INFO]	Progress 59.86%
2026-05-10 11:51:06 (204842) [INFO]	Progress 59.98%
2026-05-10 11:51:06 (204842) [INFO]	Progress 60.1%
2026-05-10 11:51:07 (204842) [INFO]	Progress 60.21%
2026-05-10 11:51:08 (204842) [INFO]	Progress 60.33%
2026-05-10 11:51:09 (204842) [INFO]	Progress 60.45%
2026-05-10 11:51:10 (204842) [INFO]	Progress 60.57%
2026-05-10 11:51:10 (204842) [INFO]	Progress 60.69%
2026-05-10 11:51:11 (204842) [INFO]	Progress 60.81%
2026-05-10 11:51:12 (204842) [INFO]	Progress 60.93%
2026-05-10 11:51:13 (204842) [INFO]	Progress 61.05%
2026-05-10 11:51:17 (204842) [INFO]	Progress 61.16%
2026-05-10 11:51:19 (204842) [INFO]	Progress 61.52%
2026-05-10 11:51:19 (204842) [INFO]	Progress 61.64%
2026-05-10 11:51:23 (204842) [INFO]	Progress 61.76%
2026-05-10 11:51:25 (204842) [INFO]	Progress 61.88%
2026-05-10 11:51:26 (204842) [INFO]	Progress 62.0%
2026-05-10 11:51:26 (204842) [INFO]	Progress 62.11%
2026-05-10 11:51:27 (204842) [INFO]	Progress 62.23%
2026-05-10 11:51:27 (204842) [INFO]	Progress 62.35%
2026-05-10 11:51:27 (204842) [INFO]	Progress 62.47%
2026-05-10 11:51:29 (204842) [INFO]	Progress 62.59%
2026-05-10 11:51:29 (204842) [INFO]	Progress 62.71%
2026-05-10 11:51:31 (204842) [INFO]	Progress 62.95%
2026-05-10 11:51:31 (204842) [INFO]	Progress 63.06%
2026-05-10 11:51:31 (204842) [INFO]	Progress 63.18%
2026-05-10 11:51:31 (204842) [INFO]	Progress 63.3%
2026-05-10 11:51:32 (204842) [INFO]	Progress 63.42%
2026-05-10 11:51:33 (204842) [INFO]	Progress 63.54%
2026-05-10 11:51:34 (204842) [INFO]	Progress 63.66%
2026-05-10 11:51:34 (204842) [INFO]	Progress 63.78%
2026-05-10 11:51:36 (204842) [INFO]	Progress 63.9%
2026-05-10 11:51:36 (204842) [INFO]	Progress 64.01%
2026-05-10 11:51:37 (204842) [INFO]	Progress 64.13%
2026-05-10 11:51:37 (204842) [INFO]	Progress 64.25%
2026-05-10 11:51:38 (204842) [INFO]	Progress 64.37%
2026-05-10 11:51:39 (204842) [INFO]	Progress 64.49%
2026-05-10 11:51:40 (204842) [INFO]	Progress 64.61%
2026-05-10 11:51:40 (204842) [INFO]	Progress 64.73%
2026-05-10 11:51:41 (204842) [INFO]	Progress 64.85%
2026-05-10 11:51:42 (204842) [INFO]	Progress 64.96%
2026-05-10 11:51:42 (204842) [INFO]	Progress 65.08%
2026-05-10 11:51:43 (204842) [INFO]	Progress 65.2%
2026-05-10 11:51:44 (204842) [INFO]	Progress 65.32%
2026-05-10 11:51:45 (204842) [INFO]	Progress 65.44%
2026-05-10 11:51:45 (204842) [INFO]	Progress 65.56%
2026-05-10 11:51:45 (204842) [INFO]	Progress 65.8%
2026-05-10 11:51:48 (204842) [INFO]	Progress 65.91%
2026-05-10 11:51:49 (204842) [INFO]	Progress 66.03%
2026-05-10 11:51:49 (204842) [INFO]	Progress 66.15%
2026-05-10 11:51:50 (204842) [INFO]	Progress 66.27%
2026-05-10 11:51:51 (204842) [INFO]	Progress 66.39%
2026-05-10 11:51:52 (204842) [INFO]	Progress 66.51%
2026-05-10 11:51:53 (204842) [INFO]	Progress 66.63%
2026-05-10 11:51:55 (204842) [INFO]	Progress 66.75%
2026-05-10 11:51:56 (204842) [INFO]	Progress 66.86%
2026-05-10 11:51:56 (204842) [INFO]	Progress 66.98%
2026-05-10 11:51:57 (204842) [INFO]	Progress 67.1%
2026-05-10 11:51:57 (204842) [INFO]	Progress 67.22%
2026-05-10 11:51:57 (204842) [INFO]	Progress 67.34%
2026-05-10 11:51:57 (204842) [INFO]	Progress 67.46%
2026-05-10 11:51:57 (204842) [INFO]	Progress 67.58%
2026-05-10 11:51:59 (204842) [INFO]	Progress 67.7%
2026-05-10 11:52:00 (204842) [INFO]	Progress 67.81%
2026-05-10 11:52:01 (204842) [INFO]	Progress 67.93%
2026-05-10 11:52:02 (204842) [INFO]	Progress 68.05%
2026-05-10 11:52:03 (204842) [INFO]	Progress 68.17%
2026-05-10 11:52:04 (204842) [INFO]	Progress 68.29%
2026-05-10 11:52:04 (204842) [INFO]	Progress 68.41%
2026-05-10 11:52:05 (204842) [INFO]	Progress 68.53%
2026-05-10 11:52:05 (204842) [INFO]	Progress 68.65%
2026-05-10 11:52:06 (204842) [INFO]	Progress 68.76%
2026-05-10 11:52:06 (204842) [INFO]	Progress 68.88%
2026-05-10 11:52:08 (204842) [INFO]	Progress 69.12%
2026-05-10 11:52:08 (204842) [INFO]	Progress 69.24%
2026-05-10 11:52:08 (204842) [INFO]	Progress 69.36%
2026-05-10 11:52:08 (204842) [INFO]	Progress 69.48%
2026-05-10 11:52:09 (204842) [INFO]	Progress 69.6%
2026-05-10 11:52:10 (204842) [INFO]	Progress 69.71%
2026-05-10 11:52:12 (204842) [INFO]	Progress 69.83%
2026-05-10 11:52:13 (204842) [INFO]	Progress 69.95%
2026-05-10 11:52:13 (204842) [INFO]	Progress 70.07%
2026-05-10 11:52:13 (204842) [INFO]	Progress 70.19%
2026-05-10 11:52:13 (204842) [INFO]	Progress 70.43%
2026-05-10 11:52:14 (204842) [INFO]	Progress 70.67%
2026-05-10 11:52:14 (204842) [INFO]	Progress 70.78%
2026-05-10 11:52:15 (204842) [INFO]	Progress 70.9%
2026-05-10 11:52:15 (204842) [INFO]	Progress 71.02%
2026-05-10 11:52:16 (204842) [INFO]	Progress 71.14%
2026-05-10 11:52:16 (204842) [INFO]	Progress 71.26%
2026-05-10 11:52:16 (204842) [INFO]	Progress 71.38%
2026-05-10 11:52:17 (204842) [INFO]	Progress 71.5%
2026-05-10 11:52:17 (204842) [INFO]	Progress 71.62%
2026-05-10 11:52:17 (204842) [INFO]	Progress 71.73%
2026-05-10 11:52:19 (204842) [INFO]	Progress 71.85%
2026-05-10 11:52:19 (204842) [INFO]	Progress 71.97%
2026-05-10 11:52:19 (204842) [INFO]	Progress 72.09%
2026-05-10 11:52:20 (204842) [INFO]	Progress 72.21%
2026-05-10 11:52:20 (204842) [INFO]	Progress 72.33%
2026-05-10 11:52:21 (204842) [INFO]	Progress 72.45%
2026-05-10 11:52:22 (204842) [INFO]	Progress 72.57%
2026-05-10 11:52:23 (204842) [INFO]	Progress 72.68%
2026-05-10 11:52:28 (204842) [INFO]	Progress 72.8%
2026-05-10 11:52:28 (204842) [INFO]	Progress 72.92%
2026-05-10 11:52:33 (204842) [INFO]	Progress 73.04%
2026-05-10 11:52:33 (204842) [INFO]	Progress 73.16%
2026-05-10 11:52:34 (204842) [INFO]	Progress 73.28%
2026-05-10 11:52:34 (204842) [INFO]	Progress 73.4%
2026-05-10 11:52:36 (204842) [INFO]	Progress 73.52%
2026-05-10 11:52:36 (204842) [INFO]	Progress 73.63%
2026-05-10 11:52:36 (204842) [INFO]	Progress 73.75%
2026-05-10 11:52:38 (204842) [INFO]	Progress 73.87%
2026-05-10 11:52:40 (204842) [INFO]	Progress 73.99%
2026-05-10 11:52:41 (204842) [INFO]	Progress 74.11%
2026-05-10 11:52:43 (204842) [INFO]	Progress 74.23%
2026-05-10 11:52:44 (204842) [INFO]	Progress 74.35%
2026-05-10 11:52:44 (204842) [INFO]	Progress 74.47%
2026-05-10 11:52:46 (204842) [INFO]	Progress 74.58%
2026-05-10 11:52:46 (204842) [INFO]	Progress 74.7%
2026-05-10 11:52:46 (204842) [INFO]	Progress 74.82%
2026-05-10 11:52:47 (204842) [INFO]	Progress 74.94%
2026-05-10 11:52:47 (204842) [INFO]	Progress 75.06%
2026-05-10 11:52:47 (204842) [INFO]	Progress 75.18%
2026-05-10 11:52:48 (204842) [INFO]	Progress 75.3%
2026-05-10 11:52:48 (204842) [INFO]	Progress 75.53%
2026-05-10 11:52:51 (204842) [INFO]	Progress 75.65%
2026-05-10 11:52:51 (204842) [INFO]	Progress 75.77%
2026-05-10 11:52:52 (204842) [INFO]	Progress 75.89%
2026-05-10 11:52:53 (204842) [INFO]	Progress 76.01%
2026-05-10 11:52:53 (204842) [INFO]	Progress 76.13%
2026-05-10 11:52:54 (204842) [INFO]	Progress 76.25%
2026-05-10 11:52:54 (204842) [INFO]	Progress 76.37%
2026-05-10 11:52:55 (204842) [INFO]	Progress 76.48%
2026-05-10 11:52:55 (204842) [INFO]	Progress 76.6%
2026-05-10 11:52:55 (204842) [INFO]	Progress 76.72%
2026-05-10 11:52:56 (204842) [INFO]	Progress 76.84%
2026-05-10 11:52:56 (204842) [INFO]	Progress 76.96%
2026-05-10 11:52:57 (204842) [INFO]	Progress 77.08%
2026-05-10 11:52:57 (204842) [INFO]	Progress 77.2%
2026-05-10 11:52:58 (204842) [INFO]	Progress 77.32%
2026-05-10 11:52:58 (204842) [INFO]	Progress 77.43%
2026-05-10 11:52:59 (204842) [INFO]	Progress 77.55%
2026-05-10 11:53:00 (204842) [INFO]	Progress 77.67%
2026-05-10 11:53:01 (204842) [INFO]	Progress 77.79%
2026-05-10 11:53:02 (204842) [INFO]	Progress 77.91%
2026-05-10 11:53:03 (204842) [INFO]	Progress 78.03%
2026-05-10 11:53:04 (204842) [INFO]	Progress 78.15%
2026-05-10 11:53:05 (204842) [INFO]	Progress 78.27%
2026-05-10 11:53:06 (204842) [INFO]	Progress 78.38%
2026-05-10 11:53:08 (204842) [INFO]	Progress 78.5%
2026-05-10 11:53:08 (204842) [INFO]	Progress 78.62%
2026-05-10 11:53:09 (204842) [INFO]	Progress 78.74%
2026-05-10 11:53:09 (204842) [INFO]	Progress 78.86%
2026-05-10 11:53:10 (204842) [INFO]	Progress 78.98%
2026-05-10 11:53:11 (204842) [INFO]	Progress 79.1%
2026-05-10 11:53:12 (204842) [INFO]	Progress 79.22%
2026-05-10 11:53:12 (204842) [INFO]	Progress 79.33%
2026-05-10 11:53:15 (204842) [INFO]	Progress 79.45%
2026-05-10 11:53:16 (204842) [INFO]	Progress 79.69%
2026-05-10 11:53:18 (204842) [INFO]	Progress 79.81%
2026-05-10 11:53:18 (204842) [INFO]	Progress 79.93%
2026-05-10 11:53:18 (204842) [INFO]	Progress 80.05%
2026-05-10 11:53:19 (204842) [INFO]	Progress 80.17%
2026-05-10 11:53:20 (204842) [INFO]	Progress 80.29%
2026-05-10 11:53:20 (204842) [INFO]	Progress 80.4%
2026-05-10 11:53:22 (204842) [INFO]	Progress 80.52%
2026-05-10 11:53:24 (204842) [INFO]	Progress 80.64%
2026-05-10 11:53:25 (204842) [INFO]	Progress 80.76%
2026-05-10 11:53:25 (204842) [INFO]	Progress 80.88%
2026-05-10 11:53:29 (204842) [INFO]	Progress 81.0%
2026-05-10 11:53:29 (204842) [INFO]	Progress 81.12%
2026-05-10 11:53:29 (204842) [INFO]	Progress 81.24%
2026-05-10 11:53:31 (204842) [INFO]	Progress 81.47%
2026-05-10 11:53:33 (204842) [INFO]	Progress 81.59%
2026-05-10 11:53:33 (204842) [INFO]	Progress 81.71%
2026-05-10 11:53:35 (204842) [INFO]	Progress 81.83%
2026-05-10 11:53:37 (204842) [INFO]	Progress 81.95%
2026-05-10 11:53:38 (204842) [INFO]	Progress 82.07%
2026-05-10 11:53:39 (204842) [INFO]	Progress 82.19%
2026-05-10 11:53:39 (204842) [INFO]	Progress 82.3%
2026-05-10 11:53:40 (204842) [INFO]	Progress 82.42%
2026-05-10 11:53:40 (204842) [INFO]	Progress 82.54%
2026-05-10 11:53:41 (204842) [INFO]	Progress 82.66%
2026-05-10 11:53:42 (204842) [INFO]	Progress 82.78%
2026-05-10 11:53:46 (204842) [INFO]	Progress 82.9%
2026-05-10 11:53:47 (204842) [INFO]	Progress 83.02%
2026-05-10 11:53:49 (204842) [INFO]	Progress 83.14%
2026-05-10 11:53:53 (204842) [INFO]	Progress 83.25%
2026-05-10 11:53:54 (204842) [INFO]	Progress 83.37%
2026-05-10 11:53:54 (204842) [INFO]	Progress 83.49%
2026-05-10 11:53:55 (204842) [INFO]	Progress 83.61%
2026-05-10 11:53:58 (204842) [INFO]	Progress 83.73%
2026-05-10 11:53:58 (204842) [INFO]	Progress 83.85%
2026-05-10 11:53:58 (204842) [INFO]	Progress 83.97%
2026-05-10 11:54:00 (204842) [INFO]	Progress 84.09%
2026-05-10 11:54:02 (204842) [INFO]	Progress 84.2%
2026-05-10 11:54:03 (204842) [INFO]	Progress 84.32%
2026-05-10 11:54:04 (204842) [INFO]	Progress 84.44%
2026-05-10 11:54:05 (204842) [INFO]	Progress 84.56%
2026-05-10 11:54:05 (204842) [INFO]	Progress 84.68%
2026-05-10 11:54:08 (204842) [INFO]	Progress 84.8%
2026-05-10 11:54:11 (204842) [INFO]	Progress 84.92%
2026-05-10 11:54:11 (204842) [INFO]	Progress 85.04%
2026-05-10 11:54:12 (204842) [INFO]	Progress 85.15%
2026-05-10 11:54:14 (204842) [INFO]	Progress 85.27%
2026-05-10 11:54:14 (204842) [INFO]	Progress 85.39%
2026-05-10 11:54:15 (204842) [INFO]	Progress 85.63%
2026-05-10 11:54:18 (204842) [INFO]	Progress 85.75%
2026-05-10 11:54:19 (204842) [INFO]	Progress 85.87%
2026-05-10 11:54:22 (204842) [INFO]	Progress 85.99%
2026-05-10 11:54:22 (204842) [INFO]	Progress 86.1%
2026-05-10 11:54:22 (204842) [INFO]	Progress 86.22%
2026-05-10 11:54:23 (204842) [INFO]	Progress 86.34%
2026-05-10 11:54:23 (204842) [INFO]	Progress 86.46%
2026-05-10 11:54:25 (204842) [INFO]	Progress 86.58%
2026-05-10 11:54:29 (204842) [INFO]	Progress 86.7%
2026-05-10 11:54:30 (204842) [INFO]	Progress 86.82%
2026-05-10 11:54:30 (204842) [INFO]	Progress 86.94%
2026-05-10 11:54:31 (204842) [INFO]	Progress 87.05%
2026-05-10 11:54:31 (204842) [INFO]	Progress 87.17%
2026-05-10 11:54:33 (204842) [INFO]	Progress 87.29%
2026-05-10 11:54:34 (204842) [INFO]	Progress 87.41%
2026-05-10 11:54:34 (204842) [INFO]	Progress 87.53%
2026-05-10 11:54:37 (204842) [INFO]	Progress 87.65%
2026-05-10 11:54:38 (204842) [INFO]	Progress 87.77%
2026-05-10 11:54:39 (204842) [INFO]	Progress 87.89%
2026-05-10 11:54:40 (204842) [INFO]	Progress 88.0%
2026-05-10 11:54:41 (204842) [INFO]	Progress 88.12%
2026-05-10 11:54:41 (204842) [INFO]	Progress 88.24%
2026-05-10 11:54:43 (204842) [INFO]	Progress 88.36%
2026-05-10 11:54:46 (204842) [INFO]	Progress 88.48%
2026-05-10 11:54:49 (204842) [INFO]	Progress 88.6%
2026-05-10 11:54:51 (204842) [INFO]	Progress 88.84%
2026-05-10 11:54:51 (204842) [INFO]	Progress 88.95%
2026-05-10 11:54:53 (204842) [INFO]	Progress 89.07%
2026-05-10 11:54:53 (204842) [INFO]	Progress 89.19%
2026-05-10 11:54:55 (204842) [INFO]	Progress 89.31%
2026-05-10 11:54:57 (204842) [INFO]	Progress 89.43%
2026-05-10 11:54:58 (204842) [INFO]	Progress 89.55%
2026-05-10 11:54:58 (204842) [INFO]	Progress 89.67%
2026-05-10 11:54:59 (204842) [INFO]	Progress 89.79%
2026-05-10 11:55:00 (204842) [INFO]	Progress 89.9%
2026-05-10 11:55:03 (204842) [INFO]	Progress 90.02%
2026-05-10 11:55:03 (204842) [INFO]	Progress 90.14%
2026-05-10 11:55:03 (204842) [INFO]	Progress 90.26%
2026-05-10 11:55:05 (204842) [INFO]	Progress 90.38%
2026-05-10 11:55:06 (204842) [INFO]	Progress 90.5%
2026-05-10 11:55:08 (204842) [INFO]	Progress 90.62%
2026-05-10 11:55:09 (204842) [INFO]	Progress 90.74%
2026-05-10 11:55:09 (204842) [INFO]	Progress 90.86%
2026-05-10 11:55:12 (204842) [INFO]	Progress 90.97%
2026-05-10 11:55:13 (204842) [INFO]	Progress 91.09%
2026-05-10 11:55:14 (204842) [INFO]	Progress 91.21%
2026-05-10 11:55:15 (204842) [INFO]	Progress 91.33%
2026-05-10 11:55:16 (204842) [INFO]	Progress 91.45%
2026-05-10 11:55:16 (204842) [INFO]	Progress 91.69%
2026-05-10 11:55:19 (204842) [INFO]	Progress 91.81%
2026-05-10 11:55:20 (204842) [INFO]	Progress 91.92%
2026-05-10 11:55:22 (204842) [INFO]	Progress 92.04%
2026-05-10 11:55:24 (204842) [INFO]	Progress 92.16%
2026-05-10 11:55:24 (204842) [INFO]	Progress 92.28%
2026-05-10 11:55:24 (204842) [INFO]	Progress 92.52%
2026-05-10 11:55:25 (204842) [INFO]	Progress 92.64%
2026-05-10 11:55:25 (204842) [INFO]	Progress 92.76%
2026-05-10 11:55:26 (204842) [INFO]	Progress 92.87%
2026-05-10 11:55:27 (204842) [INFO]	Progress 92.99%
2026-05-10 11:55:29 (204842) [INFO]	Progress 93.11%
2026-05-10 11:55:32 (204842) [INFO]	Progress 93.23%
2026-05-10 11:55:32 (204842) [INFO]	Progress 93.35%
2026-05-10 11:55:32 (204842) [INFO]	Progress 93.47%
2026-05-10 11:55:34 (204842) [INFO]	Progress 93.59%
2026-05-10 11:55:34 (204842) [INFO]	Progress 93.71%
2026-05-10 11:55:35 (204842) [INFO]	Progress 93.82%
2026-05-10 11:55:37 (204842) [INFO]	Progress 93.94%
2026-05-10 11:55:40 (204842) [INFO]	Progress 94.06%
2026-05-10 11:55:41 (204842) [INFO]	Progress 94.18%
2026-05-10 11:55:41 (204842) [INFO]	Progress 94.3%
2026-05-10 11:55:41 (204842) [INFO]	Progress 94.42%
2026-05-10 11:55:42 (204842) [INFO]	Progress 94.54%
2026-05-10 11:55:45 (204842) [INFO]	Progress 94.66%
2026-05-10 11:55:45 (204842) [INFO]	Progress 94.77%
2026-05-10 11:55:46 (204842) [INFO]	Progress 94.89%
2026-05-10 11:55:46 (204842) [INFO]	Progress 95.01%
2026-05-10 11:55:47 (204842) [INFO]	Progress 95.13%
2026-05-10 11:55:48 (204842) [INFO]	Progress 95.37%
2026-05-10 11:55:49 (204842) [INFO]	Progress 95.49%
2026-05-10 11:55:52 (204842) [INFO]	Progress 95.61%
2026-05-10 11:55:53 (204842) [INFO]	Progress 95.72%
2026-05-10 11:55:54 (204842) [INFO]	Progress 95.84%
2026-05-10 11:55:56 (204842) [INFO]	Progress 95.96%
2026-05-10 11:55:57 (204842) [INFO]	Progress 96.08%
2026-05-10 11:56:01 (204842) [INFO]	Progress 96.2%
2026-05-10 11:56:04 (204842) [INFO]	Progress 96.32%
2026-05-10 11:56:04 (204842) [INFO]	Progress 96.44%
2026-05-10 11:56:10 (204842) [INFO]	Progress 96.56%
2026-05-10 11:56:10 (204842) [INFO]	Progress 96.67%
2026-05-10 11:56:10 (204842) [INFO]	Progress 96.79%
2026-05-10 11:56:10 (204842) [INFO]	Progress 96.91%
2026-05-10 11:56:11 (204842) [INFO]	Progress 97.15%
2026-05-10 11:56:14 (204842) [INFO]	Progress 97.27%
2026-05-10 11:56:15 (204842) [INFO]	Progress 97.39%
2026-05-10 11:56:15 (204842) [INFO]	Progress 97.51%
2026-05-10 11:56:16 (204842) [INFO]	Progress 97.62%
2026-05-10 11:56:17 (204842) [INFO]	Progress 97.74%
2026-05-10 11:56:19 (204842) [INFO]	Progress 97.86%
2026-05-10 11:56:20 (204842) [INFO]	Progress 97.98%
2026-05-10 11:56:24 (204842) [INFO]	Progress 98.1%
2026-05-10 11:56:27 (204842) [INFO]	Progress 98.22%
2026-05-10 11:56:28 (204842) [INFO]	Progress 98.34%
2026-05-10 11:56:28 (204842) [INFO]	Progress 98.46%
2026-05-10 11:56:29 (204842) [INFO]	Progress 98.57%
2026-05-10 11:56:29 (204842) [INFO]	Progress 98.69%
2026-05-10 11:56:30 (204842) [INFO]	Progress 98.81%
2026-05-10 11:56:32 (204842) [INFO]	Progress 98.93%
2026-05-10 11:56:33 (204842) [INFO]	Progress 99.05%
2026-05-10 11:56:34 (204842) [INFO]	Progress 99.17%
2026-05-10 11:56:34 (204842) [INFO]	Progress 99.29%
2026-05-10 11:56:34 (204842) [INFO]	Progress 99.41%
2026-05-10 11:56:38 (204842) [INFO]	Progress 99.52%
2026-05-10 11:56:42 (204842) [INFO]	Progress 99.64%
2026-05-10 11:56:45 (204842) [INFO]	Progress 99.76%
2026-05-10 11:56:47 (204842) [INFO]	Progress 99.88%
2026-05-10 11:56:48 (204842) [INFO]	Progress 100.0%
2026-05-10 11:56:48 (204842) [INFO]	Progress done!
2026-05-10 11:56:48 (204842) [INFO]	Concatenating results from subsets

2026-05-10 11:56:49 (204842) [INFO]	Writing all_bindetect files
2026-05-10 11:56:50 (204842) [INFO]	Creating BINDetect plot(s)
2026-05-10 11:56:50 (204842) [INFO]	- KO / WT (static plot)
2026-05-10 11:57:16 (204842) [INFO]	- KO / WT (interactive plot)

2026-05-10 11:57:16 (204842) [INFO]	Finished BINDetect run (total time elapsed: 0:16:56.439148)
